TABLE 0 runs/u2000m160/round_0.npz
RECORDS 1 edges 0 seeds 1 round 0
RECORDS 10001 edges 667154 seeds 9986 round 0
RECORDS 20001 edges 2192461 seeds 19986 round 0
RECORDS 30001 edges 4137133 seeds 29986 round 0
EXACT PROFILE 0 0.05 1.3135480775128052 3.7193468596716155 padding 0.0
EXACT PROFILE 0 0.1 1.3135485795248059 3.7193487268288425 padding 0.0
EXACT PROFILE 0 0.2 1.313552337189096 3.7193627029189944 padding 0.0
EXACT PROFILE 0 0.4 1.3135537798942611 3.7193680688666477 padding 0.0
EXACT PROFILE 0 0.6 1.3135476459488513 3.7193452545359253 padding 0.0
EXACT PROFILE 0 0.8 1.3135617652054092 3.719397769296535 padding 0.0
ROUND PASS 0 records 34447 gamma 1.3135476459488513
TABLE 1 runs/u2000m160/round_1.npz
RECORDS 40001 edges 5078042 seeds 39637 round 1
RECORDS 50001 edges 6105863 seeds 49637 round 1
RECORDS 60001 edges 7787320 seeds 59637 round 1
RECORDS 70001 edges 9951867 seeds 69637 round 1
EXACT PROFILE 1 0.05 1.3089520674761452 3.7022919265180927 padding 2.047e-07
EXACT PROFILE 1 0.1 1.308944124472958 3.7022625193183116 padding 2.047e-07
EXACT PROFILE 1 0.2 1.308948574385274 3.7022789940985485 padding 2.047e-07
RECORDS 80001 edges 12235162 seeds 79536 round 1
EXACT PROFILE 1 0.4 1.3089510485712215 3.7022881542365416 padding 2.047e-07
EXACT PROFILE 1 0.6 1.308944520739968 3.7022639864031004 padding 2.047e-07
EXACT PROFILE 1 0.8 1.308954328007656 3.7023002956751143 padding 2.047e-07
ROUND PASS 1 records 81454 gamma 1.308944124472958
TABLE 2 runs/u2000m160/round_2.npz
RECORDS 90001 edges 12839592 seeds 88908 round 2
RECORDS 100001 edges 14054255 seeds 98908 round 2
RECORDS 110001 edges 15907567 seeds 108908 round 2
RECORDS 120001 edges 18227014 seeds 118908 round 2
RECORDS 130001 edges 20710918 seeds 128908 round 2
EXACT PROFILE 2 0.05 1.3077864953403098 3.697979152122909 padding 8.191e-07
EXACT PROFILE 2 0.1 1.3077885928476383 3.697986908669416 padding 8.191e-07
EXACT PROFILE 2 0.2 1.3077880743880264 3.6979849914130556 padding 8.191e-07
EXACT PROFILE 2 0.4 1.3077840916366732 3.6979702632876563 padding 8.191e-07
EXACT PROFILE 2 0.6 1.3077846589629178 3.6979723612438336 padding 8.191e-07
EXACT PROFILE 2 0.8 1.3077887621230062 3.697987534647564 padding 8.191e-07
ROUND PASS 2 records 132124 gamma 1.3077840916366732
TABLE 3 runs/u2000m160/round_3.npz
RECORDS 140001 edges 21429640 seeds 138569 round 3
RECORDS 150001 edges 22575512 seeds 148569 round 3
RECORDS 160001 edges 24368570 seeds 158569 round 3
RECORDS 170001 edges 26666926 seeds 168569 round 3
RECORDS 180001 edges 29231610 seeds 178569 round 3
EXACT PROFILE 3 0.05 1.3072243865926163 3.6959010698015553 padding 8.702e-07
EXACT PROFILE 3 0.1 1.307224208188577 3.6959004104379347 padding 8.702e-07
EXACT PROFILE 3 0.2 1.3072266936089654 3.6959095963155835 padding 8.702e-07
EXACT PROFILE 3 0.4 1.307227959417677 3.695914274633109 padding 8.702e-07
EXACT PROFILE 3 0.6 1.3072277792855878 3.6959136088804088 padding 8.702e-07
EXACT PROFILE 3 0.8 1.3072275937333282 3.695912923095351 padding 8.702e-07
ROUND PASS 3 records 183528 gamma 1.307224208188577
TABLE 4 runs/u2000m160/round_4.npz
RECORDS 190001 edges 30455524 seeds 188549 round 4
RECORDS 200001 edges 31458947 seeds 198549 round 4
RECORDS 210001 edges 33185363 seeds 208549 round 4
RECORDS 220001 edges 35406193 seeds 218549 round 4
RECORDS 230001 edges 37985567 seeds 228549 round 4
EXACT PROFILE 4 0.05 1.3071508287658038 3.6956292173493073 padding 8.191e-07
EXACT PROFILE 4 0.1 1.3071472002707734 3.695615807801386 padding 8.191e-07
EXACT PROFILE 4 0.2 1.3071509546868212 3.6956296827067274 padding 8.191e-07
EXACT PROFILE 4 0.4 1.307148545492111 3.6956207792259703 padding 8.191e-07
EXACT PROFILE 4 0.6 1.307148431596937 3.6956203583126226 padding 8.191e-07
EXACT PROFILE 4 0.8 1.3071484541348308 3.6956204416041225 padding 8.191e-07
ROUND PASS 4 records 235337 gamma 1.3071472002707734
{'status': 'FINITE_CANDIDATE_EXTRACTED_PENDING_INDEPENDENT_VERIFICATION', 'records': 235337, 'path_edges': 39614649, 'weighted_seeds': 233885, 'maximum_dependency_depth': 627, 'minimum_margins': {'stored_cost_blue': '0.000000001000545688907308736844322384', 'unconditional_start': '0.000000001018123700000000000000000000', 'outer_size': '0.000000013749347470000000000000000000', 'outer_blue': '0.000000086578790636949380243637726918'}, 'exponent': '130714720027077327/100000000000000000', 'exponent_float': 1.3071472002707734, 'base_float': 3.695615807801386}
