TABLE 0 runs/u2000m160/round_0.npz
RECORDS 1 edges 0 seeds 1 round 0
RECORDS 10001 edges 667154 seeds 9986 round 0
RECORDS 20001 edges 2192461 seeds 19986 round 0
RECORDS 30001 edges 4137133 seeds 29986 round 0
EXACT PROFILE 0 0.05 1.3135480775128052 3.7193468596716155 padding 0.0
EXACT PROFILE 0 0.1 1.3135485795248059 3.7193487268288425 padding 0.0
EXACT PROFILE 0 0.2 1.313552337189096 3.7193627029189944 padding 0.0
EXACT PROFILE 0 0.4 1.3135537798942611 3.7193680688666477 padding 0.0
EXACT PROFILE 0 0.6 1.3135476459488513 3.7193452545359253 padding 0.0
EXACT PROFILE 0 0.8 1.3135617652054092 3.719397769296535 padding 0.0
ROUND PASS 0 records 34447 gamma 1.3135476459488513
TABLE 1 runs/u2000m160/round_1.npz
RECORDS 40001 edges 5078042 seeds 39637 round 1
RECORDS 50001 edges 6105863 seeds 49637 round 1
RECORDS 60001 edges 7787320 seeds 59637 round 1
RECORDS 70001 edges 9951867 seeds 69637 round 1
EXACT PROFILE 1 0.05 1.3089520674761452 3.7022919265180927 padding 2.047e-07
EXACT PROFILE 1 0.1 1.308944124472958 3.7022625193183116 padding 2.047e-07
EXACT PROFILE 1 0.2 1.308948574385274 3.7022789940985485 padding 2.047e-07
RECORDS 80001 edges 12235162 seeds 79536 round 1
EXACT PROFILE 1 0.4 1.3089510485712215 3.7022881542365416 padding 2.047e-07
EXACT PROFILE 1 0.6 1.308944520739968 3.7022639864031004 padding 2.047e-07
EXACT PROFILE 1 0.8 1.308954328007656 3.7023002956751143 padding 2.047e-07
ROUND PASS 1 records 81454 gamma 1.308944124472958
TABLE 2 runs/u2000m160/round_2.npz
RECORDS 90001 edges 12839592 seeds 88908 round 2
RECORDS 100001 edges 14054255 seeds 98908 round 2
RECORDS 110001 edges 15907567 seeds 108908 round 2
RECORDS 120001 edges 18227014 seeds 118908 round 2
RECORDS 130001 edges 20710918 seeds 128908 round 2
EXACT PROFILE 2 0.05 1.3077864953403098 3.697979152122909 padding 8.191e-07
EXACT PROFILE 2 0.1 1.3077885928476383 3.697986908669416 padding 8.191e-07
EXACT PROFILE 2 0.2 1.3077880743880264 3.6979849914130556 padding 8.191e-07
EXACT PROFILE 2 0.4 1.3077840916366732 3.6979702632876563 padding 8.191e-07
EXACT PROFILE 2 0.6 1.3077846589629178 3.6979723612438336 padding 8.191e-07
EXACT PROFILE 2 0.8 1.3077887621230062 3.697987534647564 padding 8.191e-07
ROUND PASS 2 records 132124 gamma 1.3077840916366732
TABLE 3 runs/u2000m160/round_3.npz
RECORDS 140001 edges 21429640 seeds 138569 round 3
RECORDS 150001 edges 22575512 seeds 148569 round 3
RECORDS 160001 edges 24368570 seeds 158569 round 3
RECORDS 170001 edges 26666926 seeds 168569 round 3
RECORDS 180001 edges 29231610 seeds 178569 round 3
EXACT PROFILE 3 0.05 1.3072243865926163 3.6959010698015553 padding 8.702e-07
EXACT PROFILE 3 0.1 1.307224208188577 3.6959004104379347 padding 8.702e-07
EXACT PROFILE 3 0.2 1.3072266936089654 3.6959095963155835 padding 8.702e-07
EXACT PROFILE 3 0.4 1.307227959417677 3.695914274633109 padding 8.702e-07
EXACT PROFILE 3 0.6 1.3072277792855878 3.6959136088804088 padding 8.702e-07
EXACT PROFILE 3 0.8 1.3072275937333282 3.695912923095351 padding 8.702e-07
ROUND PASS 3 records 183528 gamma 1.307224208188577
TABLE 4 runs/u2000m160/round_4.npz
RECORDS 190001 edges 30455524 seeds 188549 round 4
RECORDS 200001 edges 31458947 seeds 198549 round 4
RECORDS 210001 edges 33185363 seeds 208549 round 4
RECORDS 220001 edges 35406193 seeds 218549 round 4
RECORDS 230001 edges 37985567 seeds 228549 round 4
EXACT PROFILE 4 0.05 1.3071508287658038 3.6956292173493073 padding 8.191e-07
EXACT PROFILE 4 0.1 1.3071472002707734 3.695615807801386 padding 8.191e-07
EXACT PROFILE 4 0.2 1.3071509546868212 3.6956296827067274 padding 8.191e-07
EXACT PROFILE 4 0.4 1.307148545492111 3.6956207792259703 padding 8.191e-07
EXACT PROFILE 4 0.6 1.307148431596937 3.6956203583126226 padding 8.191e-07
EXACT PROFILE 4 0.8 1.3071484541348308 3.6956204416041225 padding 8.191e-07
ROUND PASS 4 records 235337 gamma 1.3071472002707734
TABLE 5 runs/mixed_tail/round_0.npz
RECORDS 240001 edges 39694423 seeds 238523 round 5
RECORDS 250001 edges 40348881 seeds 248523 round 5
RECORDS 260001 edges 41490870 seeds 258523 round 5
RECORDS 270001 edges 43005993 seeds 268523 round 5
RECORDS 280001 edges 44949880 seeds 278523 round 5
RECORDS 290001 edges 47250229 seeds 288523 round 5
RECORDS 300001 edges 48813903 seeds 298523 round 5
RECORDS 310001 edges 51038034 seeds 308523 round 5
RECORDS 320001 edges 53668702 seeds 318523 round 5
RECORDS 330001 edges 56527001 seeds 328523 round 5
RECORDS 340001 edges 59756857 seeds 338523 round 5
RECORDS 350001 edges 63180432 seeds 348523 round 5
RECORDS 360001 edges 66952223 seeds 358523 round 5
RECORDS 370001 edges 70810413 seeds 368523 round 5
RECORDS 380001 edges 74889547 seeds 378523 round 5
RECORDS 390001 edges 79113496 seeds 388523 round 5
RECORDS 400001 edges 83500183 seeds 398523 round 5
RECORDS 410001 edges 88034592 seeds 408523 round 5
RECORDS 420001 edges 92849279 seeds 418523 round 5
RECORDS 430001 edges 97788851 seeds 428523 round 5
RECORDS 440001 edges 102950644 seeds 438523 round 5
RECORDS 450001 edges 108339583 seeds 448523 round 5
RECORDS 460001 edges 113897985 seeds 458523 round 5
RECORDS 470001 edges 119595877 seeds 468523 round 5
RECORDS 480001 edges 125490251 seeds 478523 round 5
RECORDS 490001 edges 131571250 seeds 488523 round 5
RECORDS 500001 edges 137699415 seeds 498523 round 5
RECORDS 510001 edges 144021851 seeds 508523 round 5
RECORDS 520001 edges 150514357 seeds 518523 round 5
RECORDS 530001 edges 156983624 seeds 528523 round 5
RECORDS 540001 edges 163540112 seeds 538523 round 5
RECORDS 550001 edges 170290380 seeds 548523 round 5
RECORDS 560001 edges 177020919 seeds 558523 round 5
RECORDS 570001 edges 183838684 seeds 568523 round 5
RECORDS 580001 edges 190809896 seeds 578523 round 5
RECORDS 590001 edges 197869742 seeds 588523 round 5
RECORDS 600001 edges 205033754 seeds 598523 round 5
RECORDS 610001 edges 212358340 seeds 608523 round 5
RECORDS 620001 edges 219664552 seeds 618523 round 5
RECORDS 630001 edges 226913540 seeds 628523 round 5
RECORDS 640001 edges 234226587 seeds 638523 round 5
RECORDS 650001 edges 241657860 seeds 648523 round 5
RECORDS 660001 edges 249084191 seeds 658523 round 5
RECORDS 670001 edges 256445759 seeds 668523 round 5
RECORDS 680001 edges 263830892 seeds 678523 round 5
EXACT PROFILE 5 0.05 1.3058181813369532 3.690707526742377 padding 0.0
RECORDS 690001 edges 271274587 seeds 688523 round 5
EXACT PROFILE 5 0.1 1.305818212153902 3.6907076404787236 padding 0.0
EXACT PROFILE 5 0.2 1.3058182395197657 3.6907077414781275 padding 0.0
EXACT PROFILE 5 0.4 1.305817290837298 3.690704240170061 padding 0.0
EXACT PROFILE 5 0.6 1.3058177609046213 3.690705975049932 padding 0.0
EXACT PROFILE 5 0.8 1.3058179600179463 3.690706709918743 padding 0.0
ROUND PASS 5 records 696838 gamma 1.305817290837298
TABLE 6 runs/mixed_tail/round_1.npz
RECORDS 700001 edges 275677306 seeds 697458 round 6
RECORDS 710001 edges 276159085 seeds 707458 round 6
RECORDS 720001 edges 277109453 seeds 717458 round 6
RECORDS 730001 edges 278456102 seeds 727458 round 6
RECORDS 740001 edges 280183983 seeds 737458 round 6
RECORDS 750001 edges 282263676 seeds 747458 round 6
RECORDS 760001 edges 284774254 seeds 757458 round 6
RECORDS 770001 edges 286300385 seeds 767458 round 6
RECORDS 780001 edges 288465467 seeds 777458 round 6
RECORDS 790001 edges 291061869 seeds 787458 round 6
RECORDS 800001 edges 294071157 seeds 797458 round 6
RECORDS 810001 edges 297277392 seeds 807458 round 6
RECORDS 820001 edges 300865047 seeds 817458 round 6
RECORDS 830001 edges 304598263 seeds 827458 round 6
RECORDS 840001 edges 308397437 seeds 837458 round 6
RECORDS 850001 edges 312521760 seeds 847458 round 6
RECORDS 860001 edges 316795078 seeds 857458 round 6
RECORDS 870001 edges 321346900 seeds 867458 round 6
RECORDS 880001 edges 326184902 seeds 877458 round 6
RECORDS 890001 edges 331105429 seeds 887458 round 6
RECORDS 900001 edges 336198004 seeds 897458 round 6
RECORDS 910001 edges 341465190 seeds 907458 round 6
RECORDS 920001 edges 346934197 seeds 917458 round 6
RECORDS 930001 edges 352432855 seeds 927458 round 6
RECORDS 940001 edges 358118504 seeds 937458 round 6
RECORDS 950001 edges 364002682 seeds 947458 round 6
RECORDS 960001 edges 369978389 seeds 957458 round 6
RECORDS 970001 edges 376329460 seeds 967458 round 6
RECORDS 980001 edges 382736096 seeds 977458 round 6
RECORDS 990001 edges 389297216 seeds 987458 round 6
RECORDS 1000001 edges 395967998 seeds 997458 round 6
RECORDS 1010001 edges 402649927 seeds 1007458 round 6
RECORDS 1020001 edges 409547641 seeds 1017458 round 6
RECORDS 1030001 edges 416623287 seeds 1027458 round 6
RECORDS 1040001 edges 423670404 seeds 1037458 round 6
RECORDS 1050001 edges 430827852 seeds 1047458 round 6
RECORDS 1060001 edges 438082983 seeds 1057458 round 6
RECORDS 1070001 edges 445395297 seeds 1067458 round 6
RECORDS 1080001 edges 452877540 seeds 1077458 round 6
RECORDS 1090001 edges 460310935 seeds 1087458 round 6
RECORDS 1100001 edges 467863404 seeds 1097458 round 6
RECORDS 1110001 edges 475553158 seeds 1107458 round 6
RECORDS 1120001 edges 483268673 seeds 1117458 round 6
RECORDS 1130001 edges 490947522 seeds 1127458 round 6
RECORDS 1140001 edges 498693995 seeds 1137458 round 6
RECORDS 1150001 edges 506509417 seeds 1147458 round 6
RECORDS 1160001 edges 514364392 seeds 1157458 round 6
RECORDS 1170001 edges 522197269 seeds 1167458 round 6
RECORDS 1180001 edges 530050818 seeds 1177458 round 6
EXACT PROFILE 6 0.05 1.3053733162560264 3.6890660249902925 padding 5.11e-08
EXACT PROFILE 6 0.1 1.3053740552179036 3.689068751070455 padding 5.11e-08
EXACT PROFILE 6 0.2 1.3053740548277595 3.6890687496311863 padding 5.11e-08
RECORDS 1190001 edges 537946136 seeds 1187458 round 6
EXACT PROFILE 6 0.4 1.305373430435796 3.6890664462070255 padding 5.11e-08
EXACT PROFILE 6 0.6 1.3053734966515878 3.6890666904814893 padding 5.11e-08
EXACT PROFILE 6 0.8 1.3053740408151167 3.689068697937584 padding 5.11e-08
ROUND PASS 6 records 1194435 gamma 1.3053733162560264
TABLE 7 runs/mixed_tail/round_2.npz
RECORDS 1200001 edges 541397435 seeds 1195878 round 7
RECORDS 1210001 edges 541991401 seeds 1205878 round 7
RECORDS 1220001 edges 543007625 seeds 1215878 round 7
RECORDS 1230001 edges 544426550 seeds 1225878 round 7
RECORDS 1240001 edges 546205194 seeds 1235878 round 7
RECORDS 1250001 edges 548403369 seeds 1245878 round 7
RECORDS 1260001 edges 550899105 seeds 1255878 round 7
RECORDS 1270001 edges 552471122 seeds 1265878 round 7
RECORDS 1280001 edges 554656942 seeds 1275878 round 7
RECORDS 1290001 edges 557280340 seeds 1285878 round 7
RECORDS 1300001 edges 560311309 seeds 1295878 round 7
RECORDS 1310001 edges 563576641 seeds 1305878 round 7
RECORDS 1320001 edges 567123771 seeds 1315878 round 7
RECORDS 1330001 edges 570853555 seeds 1325878 round 7
RECORDS 1340001 edges 574857667 seeds 1335878 round 7
RECORDS 1350001 edges 578998435 seeds 1345878 round 7
RECORDS 1360001 edges 583373638 seeds 1355878 round 7
RECORDS 1370001 edges 587886663 seeds 1365878 round 7
RECORDS 1380001 edges 592549512 seeds 1375878 round 7
RECORDS 1390001 edges 597440201 seeds 1385878 round 7
RECORDS 1400001 edges 602532809 seeds 1395878 round 7
RECORDS 1410001 edges 607894017 seeds 1405878 round 7
RECORDS 1420001 edges 613401510 seeds 1415878 round 7
RECORDS 1430001 edges 619072411 seeds 1425878 round 7
RECORDS 1440001 edges 624914447 seeds 1435878 round 7
RECORDS 1450001 edges 630975469 seeds 1445878 round 7
RECORDS 1460001 edges 637091105 seeds 1455878 round 7
RECORDS 1470001 edges 643464921 seeds 1465878 round 7
RECORDS 1480001 edges 649937864 seeds 1475878 round 7
RECORDS 1490001 edges 656648285 seeds 1485878 round 7
RECORDS 1500001 edges 663350342 seeds 1495878 round 7
RECORDS 1510001 edges 670237106 seeds 1505878 round 7
RECORDS 1520001 edges 677196038 seeds 1515878 round 7
RECORDS 1530001 edges 684265105 seeds 1525878 round 7
RECORDS 1540001 edges 691424020 seeds 1535878 round 7
RECORDS 1550001 edges 698730365 seeds 1545878 round 7
RECORDS 1560001 edges 706106657 seeds 1555878 round 7
RECORDS 1570001 edges 713545355 seeds 1565878 round 7
RECORDS 1580001 edges 721039421 seeds 1575878 round 7
RECORDS 1590001 edges 728641603 seeds 1585878 round 7
RECORDS 1600001 edges 736327908 seeds 1595878 round 7
RECORDS 1610001 edges 744111240 seeds 1605878 round 7
RECORDS 1620001 edges 751892955 seeds 1615878 round 7
RECORDS 1630001 edges 759793436 seeds 1625878 round 7
RECORDS 1640001 edges 767605593 seeds 1635878 round 7
RECORDS 1650001 edges 775608231 seeds 1645878 round 7
RECORDS 1660001 edges 783587982 seeds 1655878 round 7
RECORDS 1670001 edges 791535616 seeds 1665878 round 7
RECORDS 1680001 edges 799546929 seeds 1675878 round 7
RECORDS 1690001 edges 807476198 seeds 1685878 round 7
EXACT PROFILE 7 0.05 1.305276217158503 3.6887078373986895 padding 5.11e-08
EXACT PROFILE 7 0.1 1.3052761766695569 3.688707688046799 padding 5.11e-08
EXACT PROFILE 7 0.2 1.3052762669869764 3.688708021201374 padding 5.11e-08
EXACT PROFILE 7 0.4 1.3052759629952528 3.6887068998648354 padding 5.11e-08
EXACT PROFILE 7 0.6 1.3052762278282777 3.688707876756371 padding 5.11e-08
EXACT PROFILE 7 0.8 1.305276210787458 3.6887078138977656 padding 5.11e-08
ROUND PASS 7 records 1695911 gamma 1.3052759629952528
{'status': 'FINITE_CANDIDATE_EXTRACTED_PENDING_INDEPENDENT_VERIFICATION', 'records': 1695911, 'path_edges': 813922863, 'weighted_seeds': 1691788, 'maximum_dependency_depth': 1571, 'minimum_margins': {'stored_cost_blue': '0.000000001000254248906780199760188093', 'unconditional_start': '0.000000001018123700000000000000000000', 'outer_size': '0.000000010012192536666666666666666666', 'outer_blue': '0.000000011958425043537501213072857184'}, 'exponent': '130527596299525273/100000000000000000', 'exponent_float': 1.3052759629952528, 'base_float': 3.6887068998648354}
