BUILD SUPPORT Kernel/PackedChain
BUILD SUPPORT Kernel/ProfileAccess/R07
'Compact3684.Reflected.R07.all_regions' depends on axioms: [propext, Quot.sound]
'Compact3684.Reflected.R07.all_shapes' depends on axioms: [propext, Quot.sound]
BUILD SUPPORT Kernel/ChainData/R07N0000
BUILD SUPPORT Kernel/ChainData/R07N0001
BUILD SUPPORT Kernel/ChainData/R07N0002
BUILD SUPPORT Kernel/ChainData/R07N0003
BUILD SUPPORT Kernel/ChainData/R07N0004
BUILD SUPPORT Kernel/ChainData/R07N0005
BUILD SUPPORT Kernel/ChainData/R07N0006
BUILD SUPPORT Kernel/ChainData/R07N0007
BUILD SUPPORT Kernel/ChainData/R07N0008
BUILD SUPPORT Kernel/ChainData/R07N0009
BUILD SUPPORT Kernel/ChainData/R07N0010
BUILD SUPPORT Kernel/ChainData/R07N0011
BUILD SUPPORT Kernel/ChainData/R07N0012
BUILD SUPPORT Kernel/ChainData/R07N0013
BUILD SUPPORT Kernel/ChainData/R07N0014
BUILD SUPPORT Kernel/ChainData/R07N0015
BUILD SUPPORT Kernel/ChainData/R07N0016
BUILD SUPPORT Kernel/ChainData/R07N0017
BUILD SUPPORT Kernel/ChainData/R07N0018
BUILD SUPPORT Kernel/ChainData/R07N0019
BUILD SUPPORT Kernel/ChainData/R07N0020
BUILD SUPPORT Kernel/ChainData/R07N0021
BUILD SUPPORT Kernel/ChainData/R07N0022
BUILD SUPPORT Kernel/ChainData/R07N0023
BUILD SUPPORT Kernel/ChainData/R07N0024
BUILD SUPPORT Kernel/ChainData/R07N0025
BUILD SUPPORT Kernel/ChainData/R07N0026
BUILD SUPPORT Kernel/ChainData/R07N0027
BUILD SUPPORT Kernel/ChainData/R07N0028
BUILD SUPPORT Kernel/ChainData/R07N0029
BUILD SUPPORT Kernel/ChainData/R07N0030
BUILD SUPPORT Kernel/ChainData/R07P0000
BUILD SUPPORT Kernel/ChainData/R07P0001
BUILD SUPPORT Kernel/ChainData/R07P0002
BUILD SUPPORT Kernel/ChainData/R07P0003
BUILD SUPPORT Kernel/ChainData/R07P0004
BUILD SUPPORT Kernel/ChainData/R07P0005
BUILD SUPPORT Kernel/ChainData/R07P0006
BUILD SUPPORT Kernel/ChainData/R07P0007
BUILD SUPPORT Kernel/ChainData/R07P0008
BUILD SUPPORT Kernel/ChainData/R07P0009
BUILD SUPPORT Kernel/ChainData/R07P0010
BUILD SUPPORT Kernel/ChainData/R07P0011
BUILD SUPPORT Kernel/ChainData/R07P0012
BUILD SUPPORT Kernel/ChainData/R07P0013
BUILD SUPPORT Kernel/ChainData/R07P0014
BUILD SUPPORT Kernel/ChainData/R07P0015
BUILD SUPPORT Kernel/ChainData/R07P0016
BUILD SUPPORT Kernel/ChainData/R07P0017
BUILD SUPPORT Kernel/ChainData/R07P0018
BUILD SUPPORT Kernel/ChainData/R07P0019
BUILD SUPPORT Kernel/ChainData/R07P0020
BUILD SUPPORT Kernel/ChainData/R07P0021
BUILD SUPPORT Kernel/ChainData/R07P0022
BUILD SUPPORT Kernel/ChainData/R07P0023
BUILD SUPPORT Kernel/ChainData/R07P0024
BUILD SUPPORT Kernel/ChainData/R07P0025
BUILD SUPPORT Kernel/ChainData/R07P0026
BUILD SUPPORT Kernel/ChainData/R07P0027
BUILD SUPPORT Kernel/ChainData/R07P0028
BUILD SUPPORT Kernel/ChainData/R07P0029
BUILD SUPPORT Kernel/ChainData/R07P0030
BUILD SUPPORT Kernel/ChainData/R07P0031
BUILD SUPPORT Kernel/ChainData/R07P0032
BUILD SUPPORT Kernel/ChainData/R07P0033
BUILD SUPPORT Kernel/ChainData/R07P0034
BUILD SUPPORT Kernel/ChainData/R07P0035
BUILD SUPPORT Kernel/ChainData/R07P0036
BUILD SUPPORT Kernel/ChainData/R07P0037
BUILD SUPPORT Kernel/ChainData/R07P0038
BUILD SUPPORT Kernel/ChainData/R07P0039
BUILD SUPPORT Kernel/ChainData/R07P0040
BUILD SUPPORT Kernel/ChainData/R07P0041
BUILD SUPPORT Kernel/ChainData/R07P0042
BUILD SUPPORT Kernel/ChainData/R07P0043
BUILD SUPPORT Kernel/ChainData/R07P0044
BUILD SUPPORT Kernel/ChainData/R07P0045
BUILD SUPPORT Kernel/ChainData/R07P0046
BUILD SUPPORT Kernel/ChainData/R07P0047
BUILD SUPPORT Kernel/ChainData/R07P0048
BUILD SUPPORT Kernel/ChainData/R07P0049
BUILD SUPPORT Kernel/ChainData/R07P0050
BUILD SUPPORT Kernel/ChainData/R07P0051
BUILD SUPPORT Kernel/ChainData/R07P0052
BUILD SUPPORT Kernel/ChainData/R07P0053
BUILD SUPPORT Kernel/ChainData/R07P0054
BUILD SUPPORT Kernel/ChainData/R07P0055
BUILD SUPPORT Kernel/ChainData/R07P0056
BUILD SUPPORT Kernel/ChainData/R07P0057
BUILD SUPPORT Kernel/ChainData/R07P0058
BUILD SUPPORT Kernel/ChainData/R07P0059
BUILD SUPPORT Kernel/ChainData/R07P0060
BUILD SUPPORT Kernel/ChainData/R07P0061
BUILD SUPPORT Kernel/ChainData/R07P0062
BUILD SUPPORT Kernel/ChainData/R07P0063
BUILD SUPPORT Kernel/ChainData/R07P0064
BUILD SUPPORT Kernel/ChainData/R07P0065
BUILD SUPPORT Kernel/ChainData/R07P0066
BUILD SUPPORT Kernel/ChainData/R07P0067
BUILD SUPPORT Kernel/ChainData/R07P0068
BUILD SUPPORT Kernel/ChainData/R07P0069
BUILD SUPPORT Kernel/ChainData/R07P0070
BUILD SUPPORT Kernel/ChainData/R07P0071
BUILD SUPPORT Kernel/ChainData/R07P0072
BUILD SUPPORT Kernel/ChainData/R07P0073
BUILD SUPPORT Kernel/ChainData/R07P0074
BUILD SUPPORT Kernel/ChainData/R07P0075
BUILD SUPPORT Kernel/ChainData/R07P0076
BUILD SUPPORT Kernel/ChainData/R07P0077
BUILD SUPPORT Kernel/ChainData/R07P0078
BUILD SUPPORT Kernel/ChainData/R07P0079
BUILD SUPPORT Kernel/ChainData/R07P0080
BUILD SUPPORT Kernel/ChainData/R07P0081
BUILD SUPPORT Kernel/ChainData/R07P0082
BUILD SUPPORT Kernel/ChainData/R07P0083
BUILD SUPPORT Kernel/ChainData/R07P0084
BUILD SUPPORT Kernel/ChainData/R07P0085
BUILD SUPPORT Kernel/ChainData/R07P0086
BUILD SUPPORT Kernel/ChainData/R07P0087
BUILD SUPPORT Kernel/ChainData/R07P0088
BUILD SUPPORT Kernel/ChainData/R07P0089
BUILD SUPPORT Kernel/ChainData/R07P0090
BUILD SUPPORT Kernel/ChainData/R07P0091
BUILD SUPPORT Kernel/ChainData/R07P0092
BUILD SUPPORT Kernel/ChainData/R07P0093
BUILD SUPPORT Kernel/ChainData/R07P0094
BUILD SUPPORT Kernel/ChainData/R07P0095
BUILD SUPPORT Kernel/ChainData/R07P0096
BUILD SUPPORT Kernel/ChainData/R07P0097
BUILD SUPPORT Kernel/ChainData/R07P0098
BUILD SUPPORT Kernel/ChainData/R07P0099
BUILD SUPPORT Kernel/ChainData/R07P0100
BUILD SUPPORT Kernel/ChainData/R07P0101
BUILD SUPPORT Kernel/ChainData/R07P0102
BUILD SUPPORT Kernel/ChainData/R07P0103
BUILD SUPPORT Kernel/ChainData/R07P0104
BUILD SUPPORT Kernel/ChainData/R07P0105
BUILD SUPPORT Kernel/ChainData/R07P0106
BUILD SUPPORT Kernel/ChainData/R07P0107
BUILD SUPPORT Kernel/ChainData/R07P0108
BUILD SUPPORT Kernel/ChainData/R07P0109
BUILD SUPPORT Kernel/ChainData/R07P0110
BUILD SUPPORT Kernel/ChainData/R07P0111
BUILD SUPPORT Kernel/ChainData/R07P0112
BUILD SUPPORT Kernel/ChainData/R07P0113
BUILD SUPPORT Kernel/ChainData/R07P0114
BUILD SUPPORT Kernel/ChainData/R07P0115
BUILD SUPPORT Kernel/ChainData/R07P0116
BUILD SUPPORT Kernel/ChainData/R07P0117
BUILD SUPPORT Kernel/ChainData/R07P0118
BUILD SUPPORT Kernel/ChainData/R07P0119
BUILD SUPPORT Kernel/ChainData/R07P0120
BUILD SUPPORT Kernel/ChainData/R07P0121
BUILD SUPPORT Kernel/ChainData/R07P0122
BUILD SUPPORT Kernel/ChainData/R07P0123
BUILD SUPPORT Kernel/ChainData/R07P0124
BUILD SUPPORT Kernel/ChainData/R07P0125
BUILD SUPPORT Kernel/ChainData/R07P0126
BUILD SUPPORT Kernel/ChainData/R07P0127
BUILD SUPPORT Kernel/ChainData/R07P0128
BUILD SUPPORT Kernel/ChainData/R07P0129
BUILD SUPPORT Kernel/ChainData/R07P0130
BUILD SUPPORT Kernel/ChainData/R07P0131
BUILD SUPPORT Kernel/ChainData/R07P0132
BUILD SUPPORT Kernel/ChainData/R07P0133
BUILD SUPPORT Kernel/ChainData/R07P0134
BUILD SUPPORT Kernel/ChainData/R07P0135
BUILD SUPPORT Kernel/ChainData/R07P0136
BUILD SUPPORT Kernel/ChainData/R07P0137
BUILD SUPPORT Kernel/ChainData/R07P0138
BUILD SUPPORT Kernel/ChainData/R07P0139
BUILD SUPPORT Kernel/ChainData/R07P0140
BUILD SUPPORT Kernel/ChainData/R07P0141
BUILD SUPPORT Kernel/ChainData/R07P0142
BUILD SUPPORT Kernel/ChainData/R07P0143
BUILD SUPPORT Kernel/ChainData/R07P0144
BUILD SUPPORT Kernel/ChainData/R07P0145
BUILD SUPPORT Kernel/ChainData/R07P0146
BUILD SUPPORT Kernel/ChainData/R07P0147
BUILD SUPPORT Kernel/ChainData/R07P0148
BUILD SUPPORT Kernel/ChainData/R07P0149
BUILD SUPPORT Kernel/ChainData/R07P0150
BUILD SUPPORT Kernel/ChainData/R07P0151
BUILD SUPPORT Kernel/ChainData/R07P0152
BUILD SUPPORT Kernel/ChainData/R07P0153
BUILD SUPPORT Kernel/ChainData/R07P0154
BUILD SUPPORT Kernel/ChainData/R07P0155
BUILD SUPPORT Kernel/ChainData/R07P0156
BUILD SUPPORT Kernel/ChainData/R07P0157
BUILD SUPPORT Kernel/ChainData/R07P0158
BUILD SUPPORT Kernel/ChainData/R07P0159
BUILD SUPPORT Kernel/ChainData/R07P0160
BUILD SUPPORT Kernel/ChainData/R07P0161
BUILD SUPPORT Kernel/ChainData/R07P0162
BUILD SUPPORT Kernel/ChainData/R07P0163
BUILD SUPPORT Kernel/ChainData/R07P0164
BUILD SUPPORT Kernel/ChainData/R07P0165
BUILD SUPPORT Kernel/ChainData/R07P0166
BUILD SUPPORT Kernel/ChainData/R07P0167
BUILD SUPPORT Kernel/ChainData/R07P0168
BUILD SUPPORT Kernel/ChainData/R07P0169
BUILD SUPPORT Kernel/ChainData/R07P0170
BUILD SUPPORT Kernel/ChainData/R07P0171
BUILD SUPPORT Kernel/ChainData/R07P0172
BUILD SUPPORT Kernel/ChainData/R07P0173
BUILD SUPPORT Kernel/ChainData/R07P0174
BUILD SUPPORT Kernel/ChainData/R07P0175
BUILD SUPPORT Kernel/ChainData/R07P0176
BUILD SUPPORT Kernel/ChainData/R07P0177
BUILD SUPPORT Kernel/ChainData/R07P0178
BUILD SUPPORT Kernel/ChainData/R07P0179
BUILD SUPPORT Kernel/ChainData/R07P0180
BUILD SUPPORT Kernel/ChainData/R07P0181
BUILD SUPPORT Kernel/ChainData/R07P0182
BUILD SUPPORT Kernel/ChainData/R07P0183
BUILD SUPPORT Kernel/ChainData/R07P0184
BUILD SUPPORT Kernel/ChainData/R07P0185
BUILD SUPPORT Kernel/ChainData/R07P0186
BUILD SUPPORT Kernel/ChainData/R07P0187
BUILD SUPPORT Kernel/ChainData/R07P0188
BUILD SUPPORT Kernel/ChainData/R07P0189
BUILD SUPPORT Kernel/ChainData/R07P0190
BUILD SUPPORT Kernel/ChainData/R07P0191
BUILD SUPPORT Kernel/ChainData/R07P0192
BUILD SUPPORT Kernel/ChainData/R07P0193
BUILD SUPPORT Kernel/ChainData/R07P0194
BUILD SUPPORT Kernel/ChainData/R07P0195
BUILD SUPPORT Kernel/ChainData/R07P0196
BUILD SUPPORT Kernel/ChainData/R07P0197
BUILD SUPPORT Kernel/ChainData/R07P0198
BUILD SUPPORT Kernel/ChainData/R07P0199
BUILD SUPPORT Kernel/ChainData/R07P0200
BUILD SUPPORT Kernel/ChainData/R07P0201
BUILD SUPPORT Kernel/ChainData/R07P0202
BUILD SUPPORT Kernel/ChainData/R07P0203
BUILD SUPPORT Kernel/ChainData/R07P0204
BUILD SUPPORT Kernel/ChainData/R07P0205
BUILD SUPPORT Kernel/ChainData/R07P0206
BUILD SUPPORT Kernel/ChainData/R07P0207
BUILD SUPPORT Kernel/ChainData/R07P0208
BUILD SUPPORT Kernel/ChainData/R07P0209
BUILD SUPPORT Kernel/ChainData/R07P0210
BUILD SUPPORT Kernel/ChainData/R07P0211
BUILD SUPPORT Kernel/ChainData/R07P0212
BUILD SUPPORT Kernel/ChainData/R07P0213
BUILD SUPPORT Kernel/ChainData/R07P0214
BUILD SUPPORT Kernel/ChainData/R07P0215
BUILD SUPPORT Kernel/ChainData/R07P0216
BUILD SUPPORT Kernel/ChainData/R07P0217
BUILD SUPPORT Kernel/ChainData/R07L0000
BUILD SUPPORT Kernel/ChainData/R07L0001
BUILD SUPPORT Kernel/ChainData/R07L0002
BUILD SUPPORT Kernel/ChainData/R07L0003
BUILD SUPPORT Kernel/ChainData/R07L0004
BUILD SUPPORT Kernel/ChainData/R07L0005
BUILD SUPPORT Kernel/ChainData/R07L0006
BUILD SUPPORT Kernel/ChainData/R07L0007
BUILD SUPPORT Kernel/ChainData/R07L0008
BUILD SUPPORT Kernel/ChainData/R07L0009
BUILD SUPPORT Kernel/ChainData/R07L0010
BUILD SUPPORT Kernel/ChainData/R07L0011
BUILD SUPPORT Kernel/ChainData/R07
{
  "status": "PASS_SUPPORT_LIBRARY_NOT_RAMSEY_THEOREM",
  "modules": [
    "Kernel/PackedChain",
    "Kernel/ProfileAccess/R07",
    "Kernel/ChainData/R07N0000",
    "Kernel/ChainData/R07N0001",
    "Kernel/ChainData/R07N0002",
    "Kernel/ChainData/R07N0003",
    "Kernel/ChainData/R07N0004",
    "Kernel/ChainData/R07N0005",
    "Kernel/ChainData/R07N0006",
    "Kernel/ChainData/R07N0007",
    "Kernel/ChainData/R07N0008",
    "Kernel/ChainData/R07N0009",
    "Kernel/ChainData/R07N0010",
    "Kernel/ChainData/R07N0011",
    "Kernel/ChainData/R07N0012",
    "Kernel/ChainData/R07N0013",
    "Kernel/ChainData/R07N0014",
    "Kernel/ChainData/R07N0015",
    "Kernel/ChainData/R07N0016",
    "Kernel/ChainData/R07N0017",
    "Kernel/ChainData/R07N0018",
    "Kernel/ChainData/R07N0019",
    "Kernel/ChainData/R07N0020",
    "Kernel/ChainData/R07N0021",
    "Kernel/ChainData/R07N0022",
    "Kernel/ChainData/R07N0023",
    "Kernel/ChainData/R07N0024",
    "Kernel/ChainData/R07N0025",
    "Kernel/ChainData/R07N0026",
    "Kernel/ChainData/R07N0027",
    "Kernel/ChainData/R07N0028",
    "Kernel/ChainData/R07N0029",
    "Kernel/ChainData/R07N0030",
    "Kernel/ChainData/R07P0000",
    "Kernel/ChainData/R07P0001",
    "Kernel/ChainData/R07P0002",
    "Kernel/ChainData/R07P0003",
    "Kernel/ChainData/R07P0004",
    "Kernel/ChainData/R07P0005",
    "Kernel/ChainData/R07P0006",
    "Kernel/ChainData/R07P0007",
    "Kernel/ChainData/R07P0008",
    "Kernel/ChainData/R07P0009",
    "Kernel/ChainData/R07P0010",
    "Kernel/ChainData/R07P0011",
    "Kernel/ChainData/R07P0012",
    "Kernel/ChainData/R07P0013",
    "Kernel/ChainData/R07P0014",
    "Kernel/ChainData/R07P0015",
    "Kernel/ChainData/R07P0016",
    "Kernel/ChainData/R07P0017",
    "Kernel/ChainData/R07P0018",
    "Kernel/ChainData/R07P0019",
    "Kernel/ChainData/R07P0020",
    "Kernel/ChainData/R07P0021",
    "Kernel/ChainData/R07P0022",
    "Kernel/ChainData/R07P0023",
    "Kernel/ChainData/R07P0024",
    "Kernel/ChainData/R07P0025",
    "Kernel/ChainData/R07P0026",
    "Kernel/ChainData/R07P0027",
    "Kernel/ChainData/R07P0028",
    "Kernel/ChainData/R07P0029",
    "Kernel/ChainData/R07P0030",
    "Kernel/ChainData/R07P0031",
    "Kernel/ChainData/R07P0032",
    "Kernel/ChainData/R07P0033",
    "Kernel/ChainData/R07P0034",
    "Kernel/ChainData/R07P0035",
    "Kernel/ChainData/R07P0036",
    "Kernel/ChainData/R07P0037",
    "Kernel/ChainData/R07P0038",
    "Kernel/ChainData/R07P0039",
    "Kernel/ChainData/R07P0040",
    "Kernel/ChainData/R07P0041",
    "Kernel/ChainData/R07P0042",
    "Kernel/ChainData/R07P0043",
    "Kernel/ChainData/R07P0044",
    "Kernel/ChainData/R07P0045",
    "Kernel/ChainData/R07P0046",
    "Kernel/ChainData/R07P0047",
    "Kernel/ChainData/R07P0048",
    "Kernel/ChainData/R07P0049",
    "Kernel/ChainData/R07P0050",
    "Kernel/ChainData/R07P0051",
    "Kernel/ChainData/R07P0052",
    "Kernel/ChainData/R07P0053",
    "Kernel/ChainData/R07P0054",
    "Kernel/ChainData/R07P0055",
    "Kernel/ChainData/R07P0056",
    "Kernel/ChainData/R07P0057",
    "Kernel/ChainData/R07P0058",
    "Kernel/ChainData/R07P0059",
    "Kernel/ChainData/R07P0060",
    "Kernel/ChainData/R07P0061",
    "Kernel/ChainData/R07P0062",
    "Kernel/ChainData/R07P0063",
    "Kernel/ChainData/R07P0064",
    "Kernel/ChainData/R07P0065",
    "Kernel/ChainData/R07P0066",
    "Kernel/ChainData/R07P0067",
    "Kernel/ChainData/R07P0068",
    "Kernel/ChainData/R07P0069",
    "Kernel/ChainData/R07P0070",
    "Kernel/ChainData/R07P0071",
    "Kernel/ChainData/R07P0072",
    "Kernel/ChainData/R07P0073",
    "Kernel/ChainData/R07P0074",
    "Kernel/ChainData/R07P0075",
    "Kernel/ChainData/R07P0076",
    "Kernel/ChainData/R07P0077",
    "Kernel/ChainData/R07P0078",
    "Kernel/ChainData/R07P0079",
    "Kernel/ChainData/R07P0080",
    "Kernel/ChainData/R07P0081",
    "Kernel/ChainData/R07P0082",
    "Kernel/ChainData/R07P0083",
    "Kernel/ChainData/R07P0084",
    "Kernel/ChainData/R07P0085",
    "Kernel/ChainData/R07P0086",
    "Kernel/ChainData/R07P0087",
    "Kernel/ChainData/R07P0088",
    "Kernel/ChainData/R07P0089",
    "Kernel/ChainData/R07P0090",
    "Kernel/ChainData/R07P0091",
    "Kernel/ChainData/R07P0092",
    "Kernel/ChainData/R07P0093",
    "Kernel/ChainData/R07P0094",
    "Kernel/ChainData/R07P0095",
    "Kernel/ChainData/R07P0096",
    "Kernel/ChainData/R07P0097",
    "Kernel/ChainData/R07P0098",
    "Kernel/ChainData/R07P0099",
    "Kernel/ChainData/R07P0100",
    "Kernel/ChainData/R07P0101",
    "Kernel/ChainData/R07P0102",
    "Kernel/ChainData/R07P0103",
    "Kernel/ChainData/R07P0104",
    "Kernel/ChainData/R07P0105",
    "Kernel/ChainData/R07P0106",
    "Kernel/ChainData/R07P0107",
    "Kernel/ChainData/R07P0108",
    "Kernel/ChainData/R07P0109",
    "Kernel/ChainData/R07P0110",
    "Kernel/ChainData/R07P0111",
    "Kernel/ChainData/R07P0112",
    "Kernel/ChainData/R07P0113",
    "Kernel/ChainData/R07P0114",
    "Kernel/ChainData/R07P0115",
    "Kernel/ChainData/R07P0116",
    "Kernel/ChainData/R07P0117",
    "Kernel/ChainData/R07P0118",
    "Kernel/ChainData/R07P0119",
    "Kernel/ChainData/R07P0120",
    "Kernel/ChainData/R07P0121",
    "Kernel/ChainData/R07P0122",
    "Kernel/ChainData/R07P0123",
    "Kernel/ChainData/R07P0124",
    "Kernel/ChainData/R07P0125",
    "Kernel/ChainData/R07P0126",
    "Kernel/ChainData/R07P0127",
    "Kernel/ChainData/R07P0128",
    "Kernel/ChainData/R07P0129",
    "Kernel/ChainData/R07P0130",
    "Kernel/ChainData/R07P0131",
    "Kernel/ChainData/R07P0132",
    "Kernel/ChainData/R07P0133",
    "Kernel/ChainData/R07P0134",
    "Kernel/ChainData/R07P0135",
    "Kernel/ChainData/R07P0136",
    "Kernel/ChainData/R07P0137",
    "Kernel/ChainData/R07P0138",
    "Kernel/ChainData/R07P0139",
    "Kernel/ChainData/R07P0140",
    "Kernel/ChainData/R07P0141",
    "Kernel/ChainData/R07P0142",
    "Kernel/ChainData/R07P0143",
    "Kernel/ChainData/R07P0144",
    "Kernel/ChainData/R07P0145",
    "Kernel/ChainData/R07P0146",
    "Kernel/ChainData/R07P0147",
    "Kernel/ChainData/R07P0148",
    "Kernel/ChainData/R07P0149",
    "Kernel/ChainData/R07P0150",
    "Kernel/ChainData/R07P0151",
    "Kernel/ChainData/R07P0152",
    "Kernel/ChainData/R07P0153",
    "Kernel/ChainData/R07P0154",
    "Kernel/ChainData/R07P0155",
    "Kernel/ChainData/R07P0156",
    "Kernel/ChainData/R07P0157",
    "Kernel/ChainData/R07P0158",
    "Kernel/ChainData/R07P0159",
    "Kernel/ChainData/R07P0160",
    "Kernel/ChainData/R07P0161",
    "Kernel/ChainData/R07P0162",
    "Kernel/ChainData/R07P0163",
    "Kernel/ChainData/R07P0164",
    "Kernel/ChainData/R07P0165",
    "Kernel/ChainData/R07P0166",
    "Kernel/ChainData/R07P0167",
    "Kernel/ChainData/R07P0168",
    "Kernel/ChainData/R07P0169",
    "Kernel/ChainData/R07P0170",
    "Kernel/ChainData/R07P0171",
    "Kernel/ChainData/R07P0172",
    "Kernel/ChainData/R07P0173",
    "Kernel/ChainData/R07P0174",
    "Kernel/ChainData/R07P0175",
    "Kernel/ChainData/R07P0176",
    "Kernel/ChainData/R07P0177",
    "Kernel/ChainData/R07P0178",
    "Kernel/ChainData/R07P0179",
    "Kernel/ChainData/R07P0180",
    "Kernel/ChainData/R07P0181",
    "Kernel/ChainData/R07P0182",
    "Kernel/ChainData/R07P0183",
    "Kernel/ChainData/R07P0184",
    "Kernel/ChainData/R07P0185",
    "Kernel/ChainData/R07P0186",
    "Kernel/ChainData/R07P0187",
    "Kernel/ChainData/R07P0188",
    "Kernel/ChainData/R07P0189",
    "Kernel/ChainData/R07P0190",
    "Kernel/ChainData/R07P0191",
    "Kernel/ChainData/R07P0192",
    "Kernel/ChainData/R07P0193",
    "Kernel/ChainData/R07P0194",
    "Kernel/ChainData/R07P0195",
    "Kernel/ChainData/R07P0196",
    "Kernel/ChainData/R07P0197",
    "Kernel/ChainData/R07P0198",
    "Kernel/ChainData/R07P0199",
    "Kernel/ChainData/R07P0200",
    "Kernel/ChainData/R07P0201",
    "Kernel/ChainData/R07P0202",
    "Kernel/ChainData/R07P0203",
    "Kernel/ChainData/R07P0204",
    "Kernel/ChainData/R07P0205",
    "Kernel/ChainData/R07P0206",
    "Kernel/ChainData/R07P0207",
    "Kernel/ChainData/R07P0208",
    "Kernel/ChainData/R07P0209",
    "Kernel/ChainData/R07P0210",
    "Kernel/ChainData/R07P0211",
    "Kernel/ChainData/R07P0212",
    "Kernel/ChainData/R07P0213",
    "Kernel/ChainData/R07P0214",
    "Kernel/ChainData/R07P0215",
    "Kernel/ChainData/R07P0216",
    "Kernel/ChainData/R07P0217",
    "Kernel/ChainData/R07L0000",
    "Kernel/ChainData/R07L0001",
    "Kernel/ChainData/R07L0002",
    "Kernel/ChainData/R07L0003",
    "Kernel/ChainData/R07L0004",
    "Kernel/ChainData/R07L0005",
    "Kernel/ChainData/R07L0006",
    "Kernel/ChainData/R07L0007",
    "Kernel/ChainData/R07L0008",
    "Kernel/ChainData/R07L0009",
    "Kernel/ChainData/R07L0010",
    "Kernel/ChainData/R07L0011",
    "Kernel/ChainData/R07"
  ],
  "lean": "4.32.1",
  "mathlib": "520045ab14e26149ee970e2e617ca04b09bde5d6",
  "elapsed_seconds": 10617.194634273998,
  "headline_proved": false
}
