'Compact3684.CheckedChain.R00.N00000.checked' does not depend on any axioms
PASS CHUNK 1 / 115 seconds 6.93
'Compact3684.CheckedChain.R00.N00001.checked' does not depend on any axioms
PASS CHUNK 2 / 115 seconds 7.19
'Compact3684.CheckedChain.R00.N00002.checked' does not depend on any axioms
PASS CHUNK 3 / 115 seconds 7.55
'Compact3684.CheckedChain.R00.N00003.checked' does not depend on any axioms
PASS CHUNK 4 / 115 seconds 7.57
'Compact3684.CheckedChain.R00.N00004.checked' does not depend on any axioms
PASS CHUNK 5 / 115 seconds 7.72
'Compact3684.CheckedChain.R00.N00005.checked' does not depend on any axioms
PASS CHUNK 6 / 115 seconds 7.68
'Compact3684.CheckedChain.R00.N00006.checked' does not depend on any axioms
PASS CHUNK 7 / 115 seconds 7.78
'Compact3684.CheckedChain.R00.N00007.checked' does not depend on any axioms
PASS CHUNK 8 / 115 seconds 7.79
'Compact3684.CheckedChain.R00.N00008.checked' does not depend on any axioms
PASS CHUNK 9 / 115 seconds 7.83
'Compact3684.CheckedChain.R00.N00009.checked' does not depend on any axioms
PASS CHUNK 10 / 115 seconds 7.88
'Compact3684.CheckedChain.R00.N00010.checked' does not depend on any axioms
PASS CHUNK 11 / 115 seconds 7.99
'Compact3684.CheckedChain.R00.N00011.checked' does not depend on any axioms
PASS CHUNK 12 / 115 seconds 7.75
'Compact3684.CheckedChain.R00.N00012.checked' does not depend on any axioms
PASS CHUNK 13 / 115 seconds 8.03
'Compact3684.CheckedChain.R00.N00013.checked' does not depend on any axioms
PASS CHUNK 14 / 115 seconds 7.75
'Compact3684.CheckedChain.R00.N00014.checked' does not depend on any axioms
PASS CHUNK 15 / 115 seconds 7.78
'Compact3684.CheckedChain.R00.N00015.checked' does not depend on any axioms
PASS CHUNK 16 / 115 seconds 7.69
'Compact3684.CheckedChain.R00.N00016.checked' does not depend on any axioms
PASS CHUNK 17 / 115 seconds 7.82
'Compact3684.CheckedChain.R00.N00017.checked' does not depend on any axioms
PASS CHUNK 18 / 115 seconds 8.27
'Compact3684.CheckedChain.R00.N00018.checked' does not depend on any axioms
PASS CHUNK 19 / 115 seconds 7.72
'Compact3684.CheckedChain.R00.N00019.checked' does not depend on any axioms
PASS CHUNK 20 / 115 seconds 7.68
'Compact3684.CheckedChain.R00.N00020.checked' does not depend on any axioms
PASS CHUNK 21 / 115 seconds 7.89
'Compact3684.CheckedChain.R00.N00021.checked' does not depend on any axioms
PASS CHUNK 22 / 115 seconds 7.71
'Compact3684.CheckedChain.R00.N00022.checked' does not depend on any axioms
PASS CHUNK 23 / 115 seconds 7.88
'Compact3684.CheckedChain.R00.N00023.checked' does not depend on any axioms
PASS CHUNK 24 / 115 seconds 7.75
'Compact3684.CheckedChain.R00.N00024.checked' does not depend on any axioms
PASS CHUNK 25 / 115 seconds 7.87
'Compact3684.CheckedChain.R00.N00025.checked' does not depend on any axioms
PASS CHUNK 26 / 115 seconds 7.67
'Compact3684.CheckedChain.R00.N00026.checked' does not depend on any axioms
PASS CHUNK 27 / 115 seconds 7.83
'Compact3684.CheckedChain.R00.N00027.checked' does not depend on any axioms
PASS CHUNK 28 / 115 seconds 7.7
'Compact3684.CheckedChain.R00.N00028.checked' does not depend on any axioms
PASS CHUNK 29 / 115 seconds 7.73
'Compact3684.CheckedChain.R00.N00029.checked' does not depend on any axioms
PASS CHUNK 30 / 115 seconds 7.69
'Compact3684.CheckedChain.R00.N00030.checked' does not depend on any axioms
PASS CHUNK 31 / 115 seconds 7.85
'Compact3684.CheckedChain.R00.N00031.checked' does not depend on any axioms
PASS CHUNK 32 / 115 seconds 7.67
'Compact3684.CheckedChain.R00.N00032.checked' does not depend on any axioms
PASS CHUNK 33 / 115 seconds 7.91
'Compact3684.CheckedChain.R00.N00033.checked' does not depend on any axioms
PASS CHUNK 34 / 115 seconds 7.81
'Compact3684.CheckedChain.R00.N00034.checked' does not depend on any axioms
PASS CHUNK 35 / 115 seconds 7.77
'Compact3684.CheckedChain.R00.N00035.checked' does not depend on any axioms
PASS CHUNK 36 / 115 seconds 7.57
'Compact3684.CheckedChain.R00.N00036.checked' does not depend on any axioms
PASS CHUNK 37 / 115 seconds 7.71
'Compact3684.CheckedChain.R00.N00037.checked' does not depend on any axioms
PASS CHUNK 38 / 115 seconds 7.61
'Compact3684.CheckedChain.R00.N00038.checked' does not depend on any axioms
PASS CHUNK 39 / 115 seconds 7.77
'Compact3684.CheckedChain.R00.N00039.checked' does not depend on any axioms
PASS CHUNK 40 / 115 seconds 7.53
'Compact3684.CheckedChain.R00.N00040.checked' does not depend on any axioms
PASS CHUNK 41 / 115 seconds 7.75
'Compact3684.CheckedChain.R00.N00041.checked' does not depend on any axioms
PASS CHUNK 42 / 115 seconds 7.61
'Compact3684.CheckedChain.R00.N00042.checked' does not depend on any axioms
PASS CHUNK 43 / 115 seconds 7.7
'Compact3684.CheckedChain.R00.N00043.checked' does not depend on any axioms
PASS CHUNK 44 / 115 seconds 7.5
'Compact3684.CheckedChain.R00.N00044.checked' does not depend on any axioms
PASS CHUNK 45 / 115 seconds 7.74
'Compact3684.CheckedChain.R00.N00045.checked' does not depend on any axioms
PASS CHUNK 46 / 115 seconds 7.7
'Compact3684.CheckedChain.R00.N00046.checked' does not depend on any axioms
PASS CHUNK 47 / 115 seconds 7.69
'Compact3684.CheckedChain.R00.N00047.checked' does not depend on any axioms
PASS CHUNK 48 / 115 seconds 7.5
'Compact3684.CheckedChain.R00.N00048.checked' does not depend on any axioms
PASS CHUNK 49 / 115 seconds 7.65
'Compact3684.CheckedChain.R00.N00049.checked' does not depend on any axioms
PASS CHUNK 50 / 115 seconds 7.6
'Compact3684.CheckedChain.R00.N00050.checked' does not depend on any axioms
PASS CHUNK 51 / 115 seconds 7.68
'Compact3684.CheckedChain.R00.N00051.checked' does not depend on any axioms
PASS CHUNK 52 / 115 seconds 7.56
'Compact3684.CheckedChain.R00.N00052.checked' does not depend on any axioms
PASS CHUNK 53 / 115 seconds 7.62
'Compact3684.CheckedChain.R00.N00053.checked' does not depend on any axioms
PASS CHUNK 54 / 115 seconds 7.63
'Compact3684.CheckedChain.R00.N00054.checked' does not depend on any axioms
PASS CHUNK 55 / 115 seconds 7.47
'Compact3684.CheckedChain.R00.N00055.checked' does not depend on any axioms
PASS CHUNK 56 / 115 seconds 7.45
'Compact3684.CheckedChain.R00.N00056.checked' does not depend on any axioms
PASS CHUNK 57 / 115 seconds 7.52
'Compact3684.CheckedChain.R00.N00057.checked' does not depend on any axioms
PASS CHUNK 58 / 115 seconds 7.44
'Compact3684.CheckedChain.R00.N00058.checked' does not depend on any axioms
PASS CHUNK 59 / 115 seconds 7.59
'Compact3684.CheckedChain.R00.N00059.checked' does not depend on any axioms
PASS CHUNK 60 / 115 seconds 7.34
'Compact3684.CheckedChain.R00.N00060.checked' does not depend on any axioms
PASS CHUNK 61 / 115 seconds 7.53
'Compact3684.CheckedChain.R00.N00061.checked' does not depend on any axioms
PASS CHUNK 62 / 115 seconds 7.45
'Compact3684.CheckedChain.R00.N00062.checked' does not depend on any axioms
PASS CHUNK 63 / 115 seconds 7.55
'Compact3684.CheckedChain.R00.N00063.checked' does not depend on any axioms
PASS CHUNK 64 / 115 seconds 7.18
'Compact3684.CheckedChain.R00.N00064.checked' does not depend on any axioms
PASS CHUNK 65 / 115 seconds 7.77
'Compact3684.CheckedChain.R00.N00065.checked' does not depend on any axioms
PASS CHUNK 66 / 115 seconds 7.34
'Compact3684.CheckedChain.R00.N00066.checked' does not depend on any axioms
PASS CHUNK 67 / 115 seconds 6.57
'Compact3684.CheckedChain.R00.N00067.checked' does not depend on any axioms
PASS CHUNK 68 / 115 seconds 1.98
'Compact3684.CheckedChain.R00.B00000.checked' does not depend on any axioms
PASS CHUNK 69 / 115 seconds 0.44
'Compact3684.CheckedChain.R00.P00000.checked' does not depend on any axioms
PASS CHUNK 70 / 115 seconds 17.7
'Compact3684.CheckedChain.R00.P00001.checked' does not depend on any axioms
PASS CHUNK 71 / 115 seconds 18.11
'Compact3684.CheckedChain.R00.P00002.checked' does not depend on any axioms
PASS CHUNK 72 / 115 seconds 17.81
'Compact3684.CheckedChain.R00.P00003.checked' does not depend on any axioms
PASS CHUNK 73 / 115 seconds 17.93
'Compact3684.CheckedChain.R00.P00004.checked' does not depend on any axioms
PASS CHUNK 74 / 115 seconds 17.84
'Compact3684.CheckedChain.R00.P00005.checked' does not depend on any axioms
PASS CHUNK 75 / 115 seconds 17.94
'Compact3684.CheckedChain.R00.P00006.checked' does not depend on any axioms
PASS CHUNK 76 / 115 seconds 18.9
'Compact3684.CheckedChain.R00.P00007.checked' does not depend on any axioms
PASS CHUNK 77 / 115 seconds 18.09
'Compact3684.CheckedChain.R00.P00008.checked' does not depend on any axioms
PASS CHUNK 78 / 115 seconds 18.14
'Compact3684.CheckedChain.R00.P00009.checked' does not depend on any axioms
PASS CHUNK 79 / 115 seconds 17.96
'Compact3684.CheckedChain.R00.P00010.checked' does not depend on any axioms
PASS CHUNK 80 / 115 seconds 18.04
'Compact3684.CheckedChain.R00.P00011.checked' does not depend on any axioms
PASS CHUNK 81 / 115 seconds 17.91
'Compact3684.CheckedChain.R00.P00012.checked' does not depend on any axioms
PASS CHUNK 82 / 115 seconds 18.07
'Compact3684.CheckedChain.R00.P00013.checked' does not depend on any axioms
PASS CHUNK 83 / 115 seconds 18.13
'Compact3684.CheckedChain.R00.P00014.checked' does not depend on any axioms
PASS CHUNK 84 / 115 seconds 17.92
'Compact3684.CheckedChain.R00.P00015.checked' does not depend on any axioms
PASS CHUNK 85 / 115 seconds 18.2
'Compact3684.CheckedChain.R00.P00016.checked' does not depend on any axioms
PASS CHUNK 86 / 115 seconds 18.21
'Compact3684.CheckedChain.R00.P00017.checked' does not depend on any axioms
PASS CHUNK 87 / 115 seconds 18.23
'Compact3684.CheckedChain.R00.P00018.checked' does not depend on any axioms
PASS CHUNK 88 / 115 seconds 18.33
'Compact3684.CheckedChain.R00.P00019.checked' does not depend on any axioms
PASS CHUNK 89 / 115 seconds 18.29
'Compact3684.CheckedChain.R00.P00020.checked' does not depend on any axioms
PASS CHUNK 90 / 115 seconds 18.28
'Compact3684.CheckedChain.R00.P00021.checked' does not depend on any axioms
PASS CHUNK 91 / 115 seconds 18.18
'Compact3684.CheckedChain.R00.P00022.checked' does not depend on any axioms
PASS CHUNK 92 / 115 seconds 18.15
'Compact3684.CheckedChain.R00.P00023.checked' does not depend on any axioms
PASS CHUNK 93 / 115 seconds 18.18
'Compact3684.CheckedChain.R00.P00024.checked' does not depend on any axioms
PASS CHUNK 94 / 115 seconds 18.24
'Compact3684.CheckedChain.R00.P00025.checked' does not depend on any axioms
PASS CHUNK 95 / 115 seconds 18.05
'Compact3684.CheckedChain.R00.P00026.checked' does not depend on any axioms
PASS CHUNK 96 / 115 seconds 18.33
'Compact3684.CheckedChain.R00.P00027.checked' does not depend on any axioms
PASS CHUNK 97 / 115 seconds 18.33
'Compact3684.CheckedChain.R00.P00028.checked' does not depend on any axioms
PASS CHUNK 98 / 115 seconds 18.13
'Compact3684.CheckedChain.R00.P00029.checked' does not depend on any axioms
PASS CHUNK 99 / 115 seconds 18.4
'Compact3684.CheckedChain.R00.P00030.checked' does not depend on any axioms
PASS CHUNK 100 / 115 seconds 18.14
'Compact3684.CheckedChain.R00.P00031.checked' does not depend on any axioms
PASS CHUNK 101 / 115 seconds 18.2
'Compact3684.CheckedChain.R00.P00032.checked' does not depend on any axioms
PASS CHUNK 102 / 115 seconds 18.23
'Compact3684.CheckedChain.R00.P00033.checked' does not depend on any axioms
PASS CHUNK 103 / 115 seconds 18.1
'Compact3684.CheckedChain.R00.P00034.checked' does not depend on any axioms
PASS CHUNK 104 / 115 seconds 18.25
'Compact3684.CheckedChain.R00.P00035.checked' does not depend on any axioms
PASS CHUNK 105 / 115 seconds 18.28
'Compact3684.CheckedChain.R00.P00036.checked' does not depend on any axioms
PASS CHUNK 106 / 115 seconds 18.26
'Compact3684.CheckedChain.R00.P00037.checked' does not depend on any axioms
PASS CHUNK 107 / 115 seconds 18.22
'Compact3684.CheckedChain.R00.P00038.checked' does not depend on any axioms
PASS CHUNK 108 / 115 seconds 18.27
'Compact3684.CheckedChain.R00.P00039.checked' does not depend on any axioms
PASS CHUNK 109 / 115 seconds 18.15
'Compact3684.CheckedChain.R00.P00040.checked' does not depend on any axioms
PASS CHUNK 110 / 115 seconds 18.31
'Compact3684.CheckedChain.R00.P00041.checked' does not depend on any axioms
PASS CHUNK 111 / 115 seconds 18.32
'Compact3684.CheckedChain.R00.P00042.checked' does not depend on any axioms
PASS CHUNK 112 / 115 seconds 18.25
'Compact3684.CheckedChain.R00.P00043.checked' does not depend on any axioms
PASS CHUNK 113 / 115 seconds 18.51
'Compact3684.CheckedChain.R00.P00044.checked' does not depend on any axioms
PASS CHUNK 114 / 115 seconds 18.37
'Compact3684.CheckedChain.R00.P00045.checked' does not depend on any axioms
PASS CHUNK 115 / 115 seconds 2.23
PASS ALL 219440 CHAIN_0_ALL_GUARDS ENTRIES
