BUILD SUPPORT DependencyReferenceAudit
DependencyReferenceAudit.lean:13:19: error(lean.synthInstanceFailed): failed to synthesize instance of type class
  OfNat MessageData 0
numerals are polymorphic in Lean, but the numeral `0` cannot be used in a context where the expected type is
  MessageData
due to the absence of the instance above

Hint: Type class instance resolution failures can be inspected with the `set_option trace.Meta.synthInstance true` command.
DependencyReferenceAudit.lean:14:24: error(lean.synthInstanceFailed): failed to synthesize instance of type class
  OfNat MessageData 0
numerals are polymorphic in Lean, but the numeral `0` cannot be used in a context where the expected type is
  MessageData
due to the absence of the instance above

Hint: Type class instance resolution failures can be inspected with the `set_option trace.Meta.synthInstance true` command.
DependencyReferenceAudit.lean:19:13: error(lean.synthInstanceFailed): failed to synthesize instance of type class
  HAdd MessageData ℕ MessageData

Hint: Type class instance resolution failures can be inspected with the `set_option trace.Meta.synthInstance true` command.
DependencyReferenceAudit.lean:22:22: error(lean.synthInstanceFailed): failed to synthesize instance of type class
  HAdd MessageData ℕ MessageData

Hint: Type class instance resolution failures can be inspected with the `set_option trace.Meta.synthInstance true` command.
Traceback (most recent call last):
  File "/home/ainta/manuscripts/ramsey/compact_3684.NkkeIa/build_support.py", line 84, in <module>
    if __name__=='__main__':main()
                            ^^^^^^
  File "/home/ainta/manuscripts/ramsey/compact_3684.NkkeIa/build_support.py", line 76, in main
    subprocess.run(['lean','+v4.32.1','-o',str(target),name+'.lean'],
  File "/usr/lib/python3.12/subprocess.py", line 571, in run
    raise CalledProcessError(retcode, process.args,
subprocess.CalledProcessError: Command '['lean', '+v4.32.1', '-o', 'DependencyReferenceAudit.olean', 'DependencyReferenceAudit.lean']' returned non-zero exit status 1.
