BUILD SUPPORT Ramsey3683Bootstrap/Certificate
Ramsey3683Bootstrap/Certificate.lean:50:8: warning: 'ring' tactic does nothing

Note: This linter can be disabled with `set_option linter.unusedTactic false`
Ramsey3683Bootstrap/Certificate.lean:50:8: warning: this tactic is never executed

Note: This linter can be disabled with `set_option linter.unreachableTactic false`
Ramsey3683Bootstrap/Certificate.lean:89:10: warning: 'ring' tactic does nothing

Note: This linter can be disabled with `set_option linter.unusedTactic false`
Ramsey3683Bootstrap/Certificate.lean:105:10: warning: 'ring' tactic does nothing

Note: This linter can be disabled with `set_option linter.unusedTactic false`
Ramsey3683Bootstrap/Certificate.lean:89:10: warning: this tactic is never executed

Note: This linter can be disabled with `set_option linter.unreachableTactic false`
Ramsey3683Bootstrap/Certificate.lean:105:10: warning: this tactic is never executed

Note: This linter can be disabled with `set_option linter.unreachableTactic false`
'Compact3684.Certificate.checked_seed_candidate' depends on axioms: [propext, Classical.choice, Quot.sound]
Ramsey3683Bootstrap/Certificate.lean:160:10: warning: 'ring' tactic does nothing

Note: This linter can be disabled with `set_option linter.unusedTactic false`
Ramsey3683Bootstrap/Certificate.lean:160:10: warning: this tactic is never executed

Note: This linter can be disabled with `set_option linter.unreachableTactic false`
'Compact3684.Elementary.expNeg_contains' depends on axioms: [propext, Classical.choice, Quot.sound]
{
  "status": "PASS_SUPPORT_LIBRARY_NOT_RAMSEY_THEOREM",
  "modules": [
    "Ramsey3683Bootstrap/Certificate"
  ],
  "lean": "4.32.1",
  "mathlib": "520045ab14e26149ee970e2e617ca04b09bde5d6",
  "elapsed_seconds": 5.91923424298875,
  "headline_proved": false
}
