BUILD SUPPORT Ramsey3683Bootstrap/GridClosure
Ramsey3683Bootstrap/GridClosure.lean:34:47: warning: Variable name `hN` is not explicitly referenced.

The binding can be removed (if unused) or named `_` (if used implicitly).

Note: This linter can be disabled with `set_option linter.unusedVariables false`
Ramsey3683Bootstrap/GridClosure.lean:184:6: warning: Used `tac1 <;> tac2` where `(tac1; tac2)` would suffice

Note: This linter can be disabled with `set_option linter.unnecessarySeqFocus false`
'Ramsey3683Bootstrap.GridProfile.uniform' depends on axioms: [propext, Classical.choice, Quot.sound]
'Ramsey3683Bootstrap.GridProfile.of_cover' depends on axioms: [propext, Classical.choice, Quot.sound]
BUILD SUPPORT Kernel/LogInterval
Kernel/LogInterval.lean:133:4: warning: Used `tac1 <;> tac2` where `(tac1; tac2)` would suffice

Note: This linter can be disabled with `set_option linter.unnecessarySeqFocus false`
'Compact3684.Log18.catalogGuard_sound' depends on axioms: [propext, Classical.choice, Quot.sound]
{
  "status": "PASS_SUPPORT_LIBRARY_NOT_RAMSEY_THEOREM",
  "modules": [
    "Ramsey3683Bootstrap/GridClosure",
    "Kernel/LogInterval"
  ],
  "lean": "4.32.1",
  "mathlib": "520045ab14e26149ee970e2e617ca04b09bde5d6",
  "elapsed_seconds": 8.401714524952695,
  "headline_proved": false
}
