BUILD SUPPORT Kernel/LogInterval
Try this:
  [apply] ring_nf
  
  The `ring` tactic failed to close the goal. Use `ring_nf` to obtain a normal form.
    
  Note that `ring` works primarily in *commutative* rings. If you have a noncommutative ring, abelian group or module, consider using `noncomm_ring`, `abel` or `module` instead.
Kernel/LogInterval.lean:130:40: error: unsolved goals
n d : ℤ
hd : 0 < d
hlo : d ≤ n
hhi : n ≤ 2 * d
hdr : 0 < ↑d
hnr : ↑d ≤ ↑n
hnr' : ↑n ≤ 2 * ↑d
hsum : 0 < ↑n + ↑d
hsumI : 0 < n + d
u : ℝ := (↑n - ↑d) / (↑n + ↑d)
hu0 : 0 ≤ u
hu13 : u ≤ 1 / 3
hu1 : u < 1
⊢ ↑d * ↑n * (↑d)⁻¹ = ↑n
Kernel/LogInterval.lean:143:8: error: No goals to be solved
Kernel/LogInterval.lean:150:24: error: Application type mismatch: The argument
  Contains.timesPos hr hr hNr hNr
has type
  Contains (timesPos (rat (n - d) (n + d)) (rat (n - d) (n + d))) (u * u)
but is expected to have type
  Contains (timesPos (rat (n - d) (n + d)) (rat (n - d) (n + d))) (?m.505 ^ 2)
in the application
  series_contains (Contains.timesPos hr hr hNr hNr)
'Compact3684.Log18.reduced_contains' depends on axioms: [propext, sorryAx, Classical.choice, Quot.sound]
Traceback (most recent call last):
  File "/home/ainta/manuscripts/ramsey/compact_3684.NkkeIa/build_support.py", line 45, in <module>
    if __name__=='__main__':main()
                            ^^^^^^
  File "/home/ainta/manuscripts/ramsey/compact_3684.NkkeIa/build_support.py", line 37, in main
    subprocess.run(['lean','+v4.32.1','-o',name+'.olean',name+'.lean'],
  File "/usr/lib/python3.12/subprocess.py", line 571, in run
    raise CalledProcessError(retcode, process.args,
subprocess.CalledProcessError: Command '['lean', '+v4.32.1', '-o', 'Kernel/LogInterval.olean', 'Kernel/LogInterval.lean']' returned non-zero exit status 1.
