BUILD SUPPORT Ramsey3683Bootstrap/OuterPaths
'Compact3684.Outer.pathGuard_sound' depends on axioms: [propext, Classical.choice, Quot.sound]
BUILD SUPPORT Ramsey3683Bootstrap/OuterCover
Ramsey3683Bootstrap/OuterCover.lean:16:6: warning: 'ring' tactic does nothing

Note: This linter can be disabled with `set_option linter.unusedTactic false`
Ramsey3683Bootstrap/OuterCover.lean:16:6: warning: this tactic is never executed

Note: This linter can be disabled with `set_option linter.unreachableTactic false`
Ramsey3683Bootstrap/OuterCover.lean:55:2: warning: Used `tac1 <;> tac2` where `(tac1; tac2)` would suffice

Note: This linter can be disabled with `set_option linter.unnecessarySeqFocus false`
'Compact3684.Outer.coverGuard_sound' depends on axioms: [propext, Classical.choice, Quot.sound]
{
  "status": "PASS_SUPPORT_LIBRARY_NOT_RAMSEY_THEOREM",
  "modules": [
    "Ramsey3683Bootstrap/OuterPaths",
    "Ramsey3683Bootstrap/OuterCover"
  ],
  "lean": "4.32.1",
  "mathlib": "520045ab14e26149ee970e2e617ca04b09bde5d6",
  "elapsed_seconds": 7.863726323004812,
  "headline_proved": false
}
