BUILD SUPPORT PackedCatalogBench
PackedCatalogBench.lean:8:80: error: Tactic `decide` failed for proposition
  entries.length = 1024 ∧ entries.all catalogGuard = true
because its `Decidable` instance
  instDecidableAnd
did not reduce to `isTrue` or `isFalse`.

Reduction got stuck at the `Decidable` instance
  match h : entries.length.beq 1024 with
  | true => isTrue ⋯
  | false => isFalse ⋯
'Compact3684.PackedCatalogBench.checked' depends on axioms: [propext, sorryAx, Classical.choice, Quot.sound]
Traceback (most recent call last):
  File "/home/ainta/manuscripts/ramsey/compact_3684.NkkeIa/build_support.py", line 45, in <module>
    if __name__=='__main__':main()
                            ^^^^^^
  File "/home/ainta/manuscripts/ramsey/compact_3684.NkkeIa/build_support.py", line 37, in main
    subprocess.run(['lean','+v4.32.1','-o',name+'.olean',name+'.lean'],
  File "/usr/lib/python3.12/subprocess.py", line 571, in run
    raise CalledProcessError(retcode, process.args,
subprocess.CalledProcessError: Command '['lean', '+v4.32.1', '-o', 'PackedCatalogBench.olean', 'PackedCatalogBench.lean']' returned non-zero exit status 1.
