Waiting for predecessor resource report: runs/kernel_catalog_full.resources.json
Predecessor finished: PASS_PROCESS
'Compact3684.Log18.Packed.C0000.checked' does not depend on any axioms
PASS CHUNK 1 / 344 seconds 11.92
'Compact3684.Log18.Packed.C0001.checked' does not depend on any axioms
PASS CHUNK 2 / 344 seconds 10.75
'Compact3684.Log18.Packed.C0002.checked' does not depend on any axioms
PASS CHUNK 3 / 344 seconds 10.95
'Compact3684.Log18.Packed.C0003.checked' does not depend on any axioms
PASS CHUNK 4 / 344 seconds 11.2
'Compact3684.Log18.Packed.C0004.checked' does not depend on any axioms
PASS CHUNK 5 / 344 seconds 11.54
'Compact3684.Log18.Packed.C0005.checked' does not depend on any axioms
PASS CHUNK 6 / 344 seconds 11.46
'Compact3684.Log18.Packed.C0006.checked' does not depend on any axioms
PASS CHUNK 7 / 344 seconds 11.6
'Compact3684.Log18.Packed.C0007.checked' does not depend on any axioms
PASS CHUNK 8 / 344 seconds 11.69
'Compact3684.Log18.Packed.C0008.checked' does not depend on any axioms
PASS CHUNK 9 / 344 seconds 11.83
'Compact3684.Log18.Packed.C0009.checked' does not depend on any axioms
PASS CHUNK 10 / 344 seconds 12.04
'Compact3684.Log18.Packed.C0010.checked' does not depend on any axioms
PASS CHUNK 11 / 344 seconds 12.47
'Compact3684.Log18.Packed.C0011.checked' does not depend on any axioms
PASS CHUNK 12 / 344 seconds 11.96
'Compact3684.Log18.Packed.C0012.checked' does not depend on any axioms
PASS CHUNK 13 / 344 seconds 10.56
'Compact3684.Log18.Packed.C0013.checked' does not depend on any axioms
PASS CHUNK 14 / 344 seconds 10.53
'Compact3684.Log18.Packed.C0014.checked' does not depend on any axioms
PASS CHUNK 15 / 344 seconds 10.5
'Compact3684.Log18.Packed.C0015.checked' does not depend on any axioms
PASS CHUNK 16 / 344 seconds 10.67
'Compact3684.Log18.Packed.C0016.checked' does not depend on any axioms
PASS CHUNK 17 / 344 seconds 11.67
'Compact3684.Log18.Packed.C0017.checked' does not depend on any axioms
PASS CHUNK 18 / 344 seconds 10.81
'Compact3684.Log18.Packed.C0018.checked' does not depend on any axioms
PASS CHUNK 19 / 344 seconds 10.86
'Compact3684.Log18.Packed.C0019.checked' does not depend on any axioms
PASS CHUNK 20 / 344 seconds 11.02
'Compact3684.Log18.Packed.C0020.checked' does not depend on any axioms
PASS CHUNK 21 / 344 seconds 10.9
'Compact3684.Log18.Packed.C0021.checked' does not depend on any axioms
PASS CHUNK 22 / 344 seconds 10.97
'Compact3684.Log18.Packed.C0022.checked' does not depend on any axioms
PASS CHUNK 23 / 344 seconds 11.04
'Compact3684.Log18.Packed.C0023.checked' does not depend on any axioms
PASS CHUNK 24 / 344 seconds 11.02
'Compact3684.Log18.Packed.C0024.checked' does not depend on any axioms
PASS CHUNK 25 / 344 seconds 11.11
'Compact3684.Log18.Packed.C0025.checked' does not depend on any axioms
PASS CHUNK 26 / 344 seconds 11.18
'Compact3684.Log18.Packed.C0026.checked' does not depend on any axioms
PASS CHUNK 27 / 344 seconds 11.28
'Compact3684.Log18.Packed.C0027.checked' does not depend on any axioms
PASS CHUNK 28 / 344 seconds 11.23
'Compact3684.Log18.Packed.C0028.checked' does not depend on any axioms
PASS CHUNK 29 / 344 seconds 11.24
'Compact3684.Log18.Packed.C0029.checked' does not depend on any axioms
PASS CHUNK 30 / 344 seconds 11.29
'Compact3684.Log18.Packed.C0030.checked' does not depend on any axioms
PASS CHUNK 31 / 344 seconds 11.17
'Compact3684.Log18.Packed.C0031.checked' does not depend on any axioms
PASS CHUNK 32 / 344 seconds 11.27
'Compact3684.Log18.Packed.C0032.checked' does not depend on any axioms
PASS CHUNK 33 / 344 seconds 11.34
'Compact3684.Log18.Packed.C0033.checked' does not depend on any axioms
PASS CHUNK 34 / 344 seconds 11.31
'Compact3684.Log18.Packed.C0034.checked' does not depend on any axioms
PASS CHUNK 35 / 344 seconds 11.38
'Compact3684.Log18.Packed.C0035.checked' does not depend on any axioms
PASS CHUNK 36 / 344 seconds 11.41
'Compact3684.Log18.Packed.C0036.checked' does not depend on any axioms
PASS CHUNK 37 / 344 seconds 11.53
'Compact3684.Log18.Packed.C0037.checked' does not depend on any axioms
PASS CHUNK 38 / 344 seconds 11.54
'Compact3684.Log18.Packed.C0038.checked' does not depend on any axioms
PASS CHUNK 39 / 344 seconds 11.53
'Compact3684.Log18.Packed.C0039.checked' does not depend on any axioms
PASS CHUNK 40 / 344 seconds 11.67
'Compact3684.Log18.Packed.C0040.checked' does not depend on any axioms
PASS CHUNK 41 / 344 seconds 11.63
'Compact3684.Log18.Packed.C0041.checked' does not depend on any axioms
PASS CHUNK 42 / 344 seconds 11.71
'Compact3684.Log18.Packed.C0042.checked' does not depend on any axioms
PASS CHUNK 43 / 344 seconds 11.75
'Compact3684.Log18.Packed.C0043.checked' does not depend on any axioms
PASS CHUNK 44 / 344 seconds 11.67
'Compact3684.Log18.Packed.C0044.checked' does not depend on any axioms
PASS CHUNK 45 / 344 seconds 11.63
'Compact3684.Log18.Packed.C0045.checked' does not depend on any axioms
PASS CHUNK 46 / 344 seconds 10.64
'Compact3684.Log18.Packed.C0046.checked' does not depend on any axioms
PASS CHUNK 47 / 344 seconds 10.07
'Compact3684.Log18.Packed.C0047.checked' does not depend on any axioms
PASS CHUNK 48 / 344 seconds 10.06
'Compact3684.Log18.Packed.C0048.checked' does not depend on any axioms
PASS CHUNK 49 / 344 seconds 10.2
'Compact3684.Log18.Packed.C0049.checked' does not depend on any axioms
PASS CHUNK 50 / 344 seconds 10.24
'Compact3684.Log18.Packed.C0050.checked' does not depend on any axioms
PASS CHUNK 51 / 344 seconds 10.54
'Compact3684.Log18.Packed.C0051.checked' does not depend on any axioms
PASS CHUNK 52 / 344 seconds 10.4
'Compact3684.Log18.Packed.C0052.checked' does not depend on any axioms
PASS CHUNK 53 / 344 seconds 10.49
'Compact3684.Log18.Packed.C0053.checked' does not depend on any axioms
PASS CHUNK 54 / 344 seconds 10.43
'Compact3684.Log18.Packed.C0054.checked' does not depend on any axioms
PASS CHUNK 55 / 344 seconds 10.48
'Compact3684.Log18.Packed.C0055.checked' does not depend on any axioms
PASS CHUNK 56 / 344 seconds 10.54
'Compact3684.Log18.Packed.C0056.checked' does not depend on any axioms
PASS CHUNK 57 / 344 seconds 10.64
'Compact3684.Log18.Packed.C0057.checked' does not depend on any axioms
PASS CHUNK 58 / 344 seconds 10.79
'Compact3684.Log18.Packed.C0058.checked' does not depend on any axioms
PASS CHUNK 59 / 344 seconds 10.77
'Compact3684.Log18.Packed.C0059.checked' does not depend on any axioms
PASS CHUNK 60 / 344 seconds 10.78
'Compact3684.Log18.Packed.C0060.checked' does not depend on any axioms
PASS CHUNK 61 / 344 seconds 10.94
'Compact3684.Log18.Packed.C0061.checked' does not depend on any axioms
PASS CHUNK 62 / 344 seconds 11.08
'Compact3684.Log18.Packed.C0062.checked' does not depend on any axioms
PASS CHUNK 63 / 344 seconds 10.82
'Compact3684.Log18.Packed.C0063.checked' does not depend on any axioms
PASS CHUNK 64 / 344 seconds 10.97
'Compact3684.Log18.Packed.C0064.checked' does not depend on any axioms
PASS CHUNK 65 / 344 seconds 10.92
'Compact3684.Log18.Packed.C0065.checked' does not depend on any axioms
PASS CHUNK 66 / 344 seconds 11.01
'Compact3684.Log18.Packed.C0066.checked' does not depend on any axioms
PASS CHUNK 67 / 344 seconds 10.84
'Compact3684.Log18.Packed.C0067.checked' does not depend on any axioms
PASS CHUNK 68 / 344 seconds 11.01
'Compact3684.Log18.Packed.C0068.checked' does not depend on any axioms
PASS CHUNK 69 / 344 seconds 11.11
'Compact3684.Log18.Packed.C0069.checked' does not depend on any axioms
PASS CHUNK 70 / 344 seconds 10.98
'Compact3684.Log18.Packed.C0070.checked' does not depend on any axioms
PASS CHUNK 71 / 344 seconds 11.11
'Compact3684.Log18.Packed.C0071.checked' does not depend on any axioms
PASS CHUNK 72 / 344 seconds 10.95
'Compact3684.Log18.Packed.C0072.checked' does not depend on any axioms
PASS CHUNK 73 / 344 seconds 11.05
'Compact3684.Log18.Packed.C0073.checked' does not depend on any axioms
PASS CHUNK 74 / 344 seconds 11.06
'Compact3684.Log18.Packed.C0074.checked' does not depend on any axioms
PASS CHUNK 75 / 344 seconds 11.09
'Compact3684.Log18.Packed.C0075.checked' does not depend on any axioms
PASS CHUNK 76 / 344 seconds 11.12
'Compact3684.Log18.Packed.C0076.checked' does not depend on any axioms
PASS CHUNK 77 / 344 seconds 11.22
'Compact3684.Log18.Packed.C0077.checked' does not depend on any axioms
PASS CHUNK 78 / 344 seconds 11.28
'Compact3684.Log18.Packed.C0078.checked' does not depend on any axioms
PASS CHUNK 79 / 344 seconds 11.37
'Compact3684.Log18.Packed.C0079.checked' does not depend on any axioms
PASS CHUNK 80 / 344 seconds 11.4
'Compact3684.Log18.Packed.C0080.checked' does not depend on any axioms
PASS CHUNK 81 / 344 seconds 11.4
'Compact3684.Log18.Packed.C0081.checked' does not depend on any axioms
PASS CHUNK 82 / 344 seconds 11.55
'Compact3684.Log18.Packed.C0082.checked' does not depend on any axioms
PASS CHUNK 83 / 344 seconds 11.45
'Compact3684.Log18.Packed.C0083.checked' does not depend on any axioms
PASS CHUNK 84 / 344 seconds 11.73
'Compact3684.Log18.Packed.C0084.checked' does not depend on any axioms
PASS CHUNK 85 / 344 seconds 11.64
'Compact3684.Log18.Packed.C0085.checked' does not depend on any axioms
PASS CHUNK 86 / 344 seconds 11.59
'Compact3684.Log18.Packed.C0086.checked' does not depend on any axioms
PASS CHUNK 87 / 344 seconds 11.62
'Compact3684.Log18.Packed.C0087.checked' does not depend on any axioms
PASS CHUNK 88 / 344 seconds 11.15
'Compact3684.Log18.Packed.C0088.checked' does not depend on any axioms
PASS CHUNK 89 / 344 seconds 10.05
'Compact3684.Log18.Packed.C0089.checked' does not depend on any axioms
PASS CHUNK 90 / 344 seconds 10.16
'Compact3684.Log18.Packed.C0090.checked' does not depend on any axioms
PASS CHUNK 91 / 344 seconds 10.47
'Compact3684.Log18.Packed.C0091.checked' does not depend on any axioms
PASS CHUNK 92 / 344 seconds 10.33
'Compact3684.Log18.Packed.C0092.checked' does not depend on any axioms
PASS CHUNK 93 / 344 seconds 10.34
'Compact3684.Log18.Packed.C0093.checked' does not depend on any axioms
PASS CHUNK 94 / 344 seconds 10.56
'Compact3684.Log18.Packed.C0094.checked' does not depend on any axioms
PASS CHUNK 95 / 344 seconds 10.39
'Compact3684.Log18.Packed.C0095.checked' does not depend on any axioms
PASS CHUNK 96 / 344 seconds 10.41
'Compact3684.Log18.Packed.C0096.checked' does not depend on any axioms
PASS CHUNK 97 / 344 seconds 10.4
'Compact3684.Log18.Packed.C0097.checked' does not depend on any axioms
PASS CHUNK 98 / 344 seconds 10.38
'Compact3684.Log18.Packed.C0098.checked' does not depend on any axioms
PASS CHUNK 99 / 344 seconds 10.49
'Compact3684.Log18.Packed.C0099.checked' does not depend on any axioms
PASS CHUNK 100 / 344 seconds 10.4
'Compact3684.Log18.Packed.C0100.checked' does not depend on any axioms
PASS CHUNK 101 / 344 seconds 10.46
'Compact3684.Log18.Packed.C0101.checked' does not depend on any axioms
PASS CHUNK 102 / 344 seconds 10.81
'Compact3684.Log18.Packed.C0102.checked' does not depend on any axioms
PASS CHUNK 103 / 344 seconds 10.49
'Compact3684.Log18.Packed.C0103.checked' does not depend on any axioms
PASS CHUNK 104 / 344 seconds 10.54
'Compact3684.Log18.Packed.C0104.checked' does not depend on any axioms
PASS CHUNK 105 / 344 seconds 10.59
'Compact3684.Log18.Packed.C0105.checked' does not depend on any axioms
PASS CHUNK 106 / 344 seconds 10.68
'Compact3684.Log18.Packed.C0106.checked' does not depend on any axioms
PASS CHUNK 107 / 344 seconds 10.58
'Compact3684.Log18.Packed.C0107.checked' does not depend on any axioms
PASS CHUNK 108 / 344 seconds 10.64
'Compact3684.Log18.Packed.C0108.checked' does not depend on any axioms
PASS CHUNK 109 / 344 seconds 10.73
'Compact3684.Log18.Packed.C0109.checked' does not depend on any axioms
PASS CHUNK 110 / 344 seconds 10.96
'Compact3684.Log18.Packed.C0110.checked' does not depend on any axioms
PASS CHUNK 111 / 344 seconds 10.82
'Compact3684.Log18.Packed.C0111.checked' does not depend on any axioms
PASS CHUNK 112 / 344 seconds 10.9
'Compact3684.Log18.Packed.C0112.checked' does not depend on any axioms
PASS CHUNK 113 / 344 seconds 10.85
'Compact3684.Log18.Packed.C0113.checked' does not depend on any axioms
PASS CHUNK 114 / 344 seconds 10.85
'Compact3684.Log18.Packed.C0114.checked' does not depend on any axioms
PASS CHUNK 115 / 344 seconds 10.81
'Compact3684.Log18.Packed.C0115.checked' does not depend on any axioms
PASS CHUNK 116 / 344 seconds 10.95
'Compact3684.Log18.Packed.C0116.checked' does not depend on any axioms
PASS CHUNK 117 / 344 seconds 11.11
'Compact3684.Log18.Packed.C0117.checked' does not depend on any axioms
PASS CHUNK 118 / 344 seconds 11.1
'Compact3684.Log18.Packed.C0118.checked' does not depend on any axioms
PASS CHUNK 119 / 344 seconds 11.06
'Compact3684.Log18.Packed.C0119.checked' does not depend on any axioms
PASS CHUNK 120 / 344 seconds 11.13
'Compact3684.Log18.Packed.C0120.checked' does not depend on any axioms
PASS CHUNK 121 / 344 seconds 11.26
'Compact3684.Log18.Packed.C0121.checked' does not depend on any axioms
PASS CHUNK 122 / 344 seconds 11.4
'Compact3684.Log18.Packed.C0122.checked' does not depend on any axioms
PASS CHUNK 123 / 344 seconds 14.29
'Compact3684.Log18.Packed.C0123.checked' does not depend on any axioms
PASS CHUNK 124 / 344 seconds 16.93
'Compact3684.Log18.Packed.C0124.checked' does not depend on any axioms
PASS CHUNK 125 / 344 seconds 17.82
'Compact3684.Log18.Packed.C0125.checked' does not depend on any axioms
PASS CHUNK 126 / 344 seconds 16.99
'Compact3684.Log18.Packed.C0126.checked' does not depend on any axioms
PASS CHUNK 127 / 344 seconds 17.5
'Compact3684.Log18.Packed.C0127.checked' does not depend on any axioms
PASS CHUNK 128 / 344 seconds 15.27
'Compact3684.Log18.Packed.C0128.checked' does not depend on any axioms
PASS CHUNK 129 / 344 seconds 16.77
'Compact3684.Log18.Packed.C0129.checked' does not depend on any axioms
PASS CHUNK 130 / 344 seconds 15.77
'Compact3684.Log18.Packed.C0130.checked' does not depend on any axioms
PASS CHUNK 131 / 344 seconds 16.09
'Compact3684.Log18.Packed.C0131.checked' does not depend on any axioms
PASS CHUNK 132 / 344 seconds 11.35
'Compact3684.Log18.Packed.C0132.checked' does not depend on any axioms
PASS CHUNK 133 / 344 seconds 10.33
'Compact3684.Log18.Packed.C0133.checked' does not depend on any axioms
PASS CHUNK 134 / 344 seconds 10.3
'Compact3684.Log18.Packed.C0134.checked' does not depend on any axioms
PASS CHUNK 135 / 344 seconds 10.36
'Compact3684.Log18.Packed.C0135.checked' does not depend on any axioms
PASS CHUNK 136 / 344 seconds 10.48
'Compact3684.Log18.Packed.C0136.checked' does not depend on any axioms
PASS CHUNK 137 / 344 seconds 10.29
'Compact3684.Log18.Packed.C0137.checked' does not depend on any axioms
PASS CHUNK 138 / 344 seconds 10.46
'Compact3684.Log18.Packed.C0138.checked' does not depend on any axioms
PASS CHUNK 139 / 344 seconds 10.31
'Compact3684.Log18.Packed.C0139.checked' does not depend on any axioms
PASS CHUNK 140 / 344 seconds 10.41
'Compact3684.Log18.Packed.C0140.checked' does not depend on any axioms
PASS CHUNK 141 / 344 seconds 10.36
'Compact3684.Log18.Packed.C0141.checked' does not depend on any axioms
PASS CHUNK 142 / 344 seconds 10.4
'Compact3684.Log18.Packed.C0142.checked' does not depend on any axioms
PASS CHUNK 143 / 344 seconds 10.5
'Compact3684.Log18.Packed.C0143.checked' does not depend on any axioms
PASS CHUNK 144 / 344 seconds 10.34
'Compact3684.Log18.Packed.C0144.checked' does not depend on any axioms
PASS CHUNK 145 / 344 seconds 10.42
'Compact3684.Log18.Packed.C0145.checked' does not depend on any axioms
PASS CHUNK 146 / 344 seconds 10.37
'Compact3684.Log18.Packed.C0146.checked' does not depend on any axioms
PASS CHUNK 147 / 344 seconds 10.42
'Compact3684.Log18.Packed.C0147.checked' does not depend on any axioms
PASS CHUNK 148 / 344 seconds 10.41
'Compact3684.Log18.Packed.C0148.checked' does not depend on any axioms
PASS CHUNK 149 / 344 seconds 11.11
'Compact3684.Log18.Packed.C0149.checked' does not depend on any axioms
PASS CHUNK 150 / 344 seconds 10.46
'Compact3684.Log18.Packed.C0150.checked' does not depend on any axioms
PASS CHUNK 151 / 344 seconds 10.42
'Compact3684.Log18.Packed.C0151.checked' does not depend on any axioms
PASS CHUNK 152 / 344 seconds 10.33
'Compact3684.Log18.Packed.C0152.checked' does not depend on any axioms
PASS CHUNK 153 / 344 seconds 10.41
'Compact3684.Log18.Packed.C0153.checked' does not depend on any axioms
PASS CHUNK 154 / 344 seconds 10.36
'Compact3684.Log18.Packed.C0154.checked' does not depend on any axioms
PASS CHUNK 155 / 344 seconds 10.47
'Compact3684.Log18.Packed.C0155.checked' does not depend on any axioms
PASS CHUNK 156 / 344 seconds 10.51
'Compact3684.Log18.Packed.C0156.checked' does not depend on any axioms
PASS CHUNK 157 / 344 seconds 11.51
'Compact3684.Log18.Packed.C0157.checked' does not depend on any axioms
PASS CHUNK 158 / 344 seconds 10.42
'Compact3684.Log18.Packed.C0158.checked' does not depend on any axioms
PASS CHUNK 159 / 344 seconds 10.42
'Compact3684.Log18.Packed.C0159.checked' does not depend on any axioms
PASS CHUNK 160 / 344 seconds 10.38
'Compact3684.Log18.Packed.C0160.checked' does not depend on any axioms
PASS CHUNK 161 / 344 seconds 10.45
'Compact3684.Log18.Packed.C0161.checked' does not depend on any axioms
PASS CHUNK 162 / 344 seconds 10.58
'Compact3684.Log18.Packed.C0162.checked' does not depend on any axioms
PASS CHUNK 163 / 344 seconds 10.32
'Compact3684.Log18.Packed.C0163.checked' does not depend on any axioms
PASS CHUNK 164 / 344 seconds 10.43
'Compact3684.Log18.Packed.C0164.checked' does not depend on any axioms
PASS CHUNK 165 / 344 seconds 10.31
'Compact3684.Log18.Packed.C0165.checked' does not depend on any axioms
PASS CHUNK 166 / 344 seconds 10.33
'Compact3684.Log18.Packed.C0166.checked' does not depend on any axioms
PASS CHUNK 167 / 344 seconds 10.6
'Compact3684.Log18.Packed.C0167.checked' does not depend on any axioms
PASS CHUNK 168 / 344 seconds 10.58
'Compact3684.Log18.Packed.C0168.checked' does not depend on any axioms
PASS CHUNK 169 / 344 seconds 10.52
'Compact3684.Log18.Packed.C0169.checked' does not depend on any axioms
PASS CHUNK 170 / 344 seconds 10.56
'Compact3684.Log18.Packed.C0170.checked' does not depend on any axioms
PASS CHUNK 171 / 344 seconds 10.58
'Compact3684.Log18.Packed.C0171.checked' does not depend on any axioms
PASS CHUNK 172 / 344 seconds 10.54
'Compact3684.Log18.Packed.C0172.checked' does not depend on any axioms
PASS CHUNK 173 / 344 seconds 10.53
'Compact3684.Log18.Packed.C0173.checked' does not depend on any axioms
PASS CHUNK 174 / 344 seconds 10.54
'Compact3684.Log18.Packed.C0174.checked' does not depend on any axioms
PASS CHUNK 175 / 344 seconds 10.55
'Compact3684.Log18.Packed.C0175.checked' does not depend on any axioms
PASS CHUNK 176 / 344 seconds 10.78
'Compact3684.Log18.Packed.C0176.checked' does not depend on any axioms
PASS CHUNK 177 / 344 seconds 12.02
'Compact3684.Log18.Packed.C0177.checked' does not depend on any axioms
PASS CHUNK 178 / 344 seconds 11.22
'Compact3684.Log18.Packed.C0178.checked' does not depend on any axioms
PASS CHUNK 179 / 344 seconds 10.64
'Compact3684.Log18.Packed.C0179.checked' does not depend on any axioms
PASS CHUNK 180 / 344 seconds 10.67
'Compact3684.Log18.Packed.C0180.checked' does not depend on any axioms
PASS CHUNK 181 / 344 seconds 10.79
'Compact3684.Log18.Packed.C0181.checked' does not depend on any axioms
PASS CHUNK 182 / 344 seconds 10.75
'Compact3684.Log18.Packed.C0182.checked' does not depend on any axioms
PASS CHUNK 183 / 344 seconds 10.81
'Compact3684.Log18.Packed.C0183.checked' does not depend on any axioms
PASS CHUNK 184 / 344 seconds 10.89
'Compact3684.Log18.Packed.C0184.checked' does not depend on any axioms
PASS CHUNK 185 / 344 seconds 10.72
'Compact3684.Log18.Packed.C0185.checked' does not depend on any axioms
PASS CHUNK 186 / 344 seconds 10.83
'Compact3684.Log18.Packed.C0186.checked' does not depend on any axioms
PASS CHUNK 187 / 344 seconds 12.28
'Compact3684.Log18.Packed.C0187.checked' does not depend on any axioms
PASS CHUNK 188 / 344 seconds 10.68
'Compact3684.Log18.Packed.C0188.checked' does not depend on any axioms
PASS CHUNK 189 / 344 seconds 10.68
'Compact3684.Log18.Packed.C0189.checked' does not depend on any axioms
PASS CHUNK 190 / 344 seconds 10.66
'Compact3684.Log18.Packed.C0190.checked' does not depend on any axioms
PASS CHUNK 191 / 344 seconds 10.68
'Compact3684.Log18.Packed.C0191.checked' does not depend on any axioms
PASS CHUNK 192 / 344 seconds 10.83
'Compact3684.Log18.Packed.C0192.checked' does not depend on any axioms
PASS CHUNK 193 / 344 seconds 10.84
'Compact3684.Log18.Packed.C0193.checked' does not depend on any axioms
PASS CHUNK 194 / 344 seconds 10.82
'Compact3684.Log18.Packed.C0194.checked' does not depend on any axioms
PASS CHUNK 195 / 344 seconds 10.85
'Compact3684.Log18.Packed.C0195.checked' does not depend on any axioms
PASS CHUNK 196 / 344 seconds 12.53
'Compact3684.Log18.Packed.C0196.checked' does not depend on any axioms
PASS CHUNK 197 / 344 seconds 10.69
'Compact3684.Log18.Packed.C0197.checked' does not depend on any axioms
PASS CHUNK 198 / 344 seconds 10.71
'Compact3684.Log18.Packed.C0198.checked' does not depend on any axioms
PASS CHUNK 199 / 344 seconds 10.99
'Compact3684.Log18.Packed.C0199.checked' does not depend on any axioms
PASS CHUNK 200 / 344 seconds 10.84
'Compact3684.Log18.Packed.C0200.checked' does not depend on any axioms
PASS CHUNK 201 / 344 seconds 10.51
'Compact3684.Log18.Packed.C0201.checked' does not depend on any axioms
PASS CHUNK 202 / 344 seconds 10.58
'Compact3684.Log18.Packed.C0202.checked' does not depend on any axioms
PASS CHUNK 203 / 344 seconds 10.9
'Compact3684.Log18.Packed.C0203.checked' does not depend on any axioms
PASS CHUNK 204 / 344 seconds 10.62
'Compact3684.Log18.Packed.C0204.checked' does not depend on any axioms
PASS CHUNK 205 / 344 seconds 10.62
'Compact3684.Log18.Packed.C0205.checked' does not depend on any axioms
PASS CHUNK 206 / 344 seconds 10.54
'Compact3684.Log18.Packed.C0206.checked' does not depend on any axioms
PASS CHUNK 207 / 344 seconds 10.56
'Compact3684.Log18.Packed.C0207.checked' does not depend on any axioms
PASS CHUNK 208 / 344 seconds 10.55
'Compact3684.Log18.Packed.C0208.checked' does not depend on any axioms
PASS CHUNK 209 / 344 seconds 10.59
'Compact3684.Log18.Packed.C0209.checked' does not depend on any axioms
PASS CHUNK 210 / 344 seconds 10.49
'Compact3684.Log18.Packed.C0210.checked' does not depend on any axioms
PASS CHUNK 211 / 344 seconds 10.52
'Compact3684.Log18.Packed.C0211.checked' does not depend on any axioms
PASS CHUNK 212 / 344 seconds 10.58
'Compact3684.Log18.Packed.C0212.checked' does not depend on any axioms
PASS CHUNK 213 / 344 seconds 10.6
'Compact3684.Log18.Packed.C0213.checked' does not depend on any axioms
PASS CHUNK 214 / 344 seconds 10.63
'Compact3684.Log18.Packed.C0214.checked' does not depend on any axioms
PASS CHUNK 215 / 344 seconds 10.65
'Compact3684.Log18.Packed.C0215.checked' does not depend on any axioms
PASS CHUNK 216 / 344 seconds 11.17
'Compact3684.Log18.Packed.C0216.checked' does not depend on any axioms
PASS CHUNK 217 / 344 seconds 10.66
'Compact3684.Log18.Packed.C0217.checked' does not depend on any axioms
PASS CHUNK 218 / 344 seconds 10.67
'Compact3684.Log18.Packed.C0218.checked' does not depend on any axioms
PASS CHUNK 219 / 344 seconds 10.71
'Compact3684.Log18.Packed.C0219.checked' does not depend on any axioms
PASS CHUNK 220 / 344 seconds 10.83
'Compact3684.Log18.Packed.C0220.checked' does not depend on any axioms
PASS CHUNK 221 / 344 seconds 10.71
'Compact3684.Log18.Packed.C0221.checked' does not depend on any axioms
PASS CHUNK 222 / 344 seconds 10.66
'Compact3684.Log18.Packed.C0222.checked' does not depend on any axioms
PASS CHUNK 223 / 344 seconds 10.65
'Compact3684.Log18.Packed.C0223.checked' does not depend on any axioms
PASS CHUNK 224 / 344 seconds 10.66
'Compact3684.Log18.Packed.C0224.checked' does not depend on any axioms
PASS CHUNK 225 / 344 seconds 10.68
'Compact3684.Log18.Packed.C0225.checked' does not depend on any axioms
PASS CHUNK 226 / 344 seconds 10.66
'Compact3684.Log18.Packed.C0226.checked' does not depend on any axioms
PASS CHUNK 227 / 344 seconds 10.76
'Compact3684.Log18.Packed.C0227.checked' does not depend on any axioms
PASS CHUNK 228 / 344 seconds 10.72
'Compact3684.Log18.Packed.C0228.checked' does not depend on any axioms
PASS CHUNK 229 / 344 seconds 10.62
'Compact3684.Log18.Packed.C0229.checked' does not depend on any axioms
PASS CHUNK 230 / 344 seconds 10.72
'Compact3684.Log18.Packed.C0230.checked' does not depend on any axioms
PASS CHUNK 231 / 344 seconds 10.68
'Compact3684.Log18.Packed.C0231.checked' does not depend on any axioms
PASS CHUNK 232 / 344 seconds 10.97
'Compact3684.Log18.Packed.C0232.checked' does not depend on any axioms
PASS CHUNK 233 / 344 seconds 10.56
'Compact3684.Log18.Packed.C0233.checked' does not depend on any axioms
PASS CHUNK 234 / 344 seconds 10.7
'Compact3684.Log18.Packed.C0234.checked' does not depend on any axioms
PASS CHUNK 235 / 344 seconds 10.74
'Compact3684.Log18.Packed.C0235.checked' does not depend on any axioms
PASS CHUNK 236 / 344 seconds 10.69
'Compact3684.Log18.Packed.C0236.checked' does not depend on any axioms
PASS CHUNK 237 / 344 seconds 10.74
'Compact3684.Log18.Packed.C0237.checked' does not depend on any axioms
PASS CHUNK 238 / 344 seconds 10.7
'Compact3684.Log18.Packed.C0238.checked' does not depend on any axioms
PASS CHUNK 239 / 344 seconds 11.49
'Compact3684.Log18.Packed.C0239.checked' does not depend on any axioms
PASS CHUNK 240 / 344 seconds 10.67
'Compact3684.Log18.Packed.C0240.checked' does not depend on any axioms
PASS CHUNK 241 / 344 seconds 10.75
'Compact3684.Log18.Packed.C0241.checked' does not depend on any axioms
PASS CHUNK 242 / 344 seconds 10.69
'Compact3684.Log18.Packed.C0242.checked' does not depend on any axioms
PASS CHUNK 243 / 344 seconds 10.72
'Compact3684.Log18.Packed.C0243.checked' does not depend on any axioms
PASS CHUNK 244 / 344 seconds 10.7
'Compact3684.Log18.Packed.C0244.checked' does not depend on any axioms
PASS CHUNK 245 / 344 seconds 10.7
'Compact3684.Log18.Packed.C0245.checked' does not depend on any axioms
PASS CHUNK 246 / 344 seconds 10.72
'Compact3684.Log18.Packed.C0246.checked' does not depend on any axioms
PASS CHUNK 247 / 344 seconds 10.98
'Compact3684.Log18.Packed.C0247.checked' does not depend on any axioms
PASS CHUNK 248 / 344 seconds 12.51
'Compact3684.Log18.Packed.C0248.checked' does not depend on any axioms
PASS CHUNK 249 / 344 seconds 11.65
'Compact3684.Log18.Packed.C0249.checked' does not depend on any axioms
PASS CHUNK 250 / 344 seconds 10.67
'Compact3684.Log18.Packed.C0250.checked' does not depend on any axioms
PASS CHUNK 251 / 344 seconds 10.72
'Compact3684.Log18.Packed.C0251.checked' does not depend on any axioms
PASS CHUNK 252 / 344 seconds 10.68
'Compact3684.Log18.Packed.C0252.checked' does not depend on any axioms
PASS CHUNK 253 / 344 seconds 10.81
'Compact3684.Log18.Packed.C0253.checked' does not depend on any axioms
PASS CHUNK 254 / 344 seconds 10.7
'Compact3684.Log18.Packed.C0254.checked' does not depend on any axioms
PASS CHUNK 255 / 344 seconds 10.66
'Compact3684.Log18.Packed.C0255.checked' does not depend on any axioms
PASS CHUNK 256 / 344 seconds 10.71
'Compact3684.Log18.Packed.C0256.checked' does not depend on any axioms
PASS CHUNK 257 / 344 seconds 10.87
'Compact3684.Log18.Packed.C0257.checked' does not depend on any axioms
PASS CHUNK 258 / 344 seconds 10.99
'Compact3684.Log18.Packed.C0258.checked' does not depend on any axioms
PASS CHUNK 259 / 344 seconds 10.77
'Compact3684.Log18.Packed.C0259.checked' does not depend on any axioms
PASS CHUNK 260 / 344 seconds 10.8
'Compact3684.Log18.Packed.C0260.checked' does not depend on any axioms
PASS CHUNK 261 / 344 seconds 10.89
'Compact3684.Log18.Packed.C0261.checked' does not depend on any axioms
PASS CHUNK 262 / 344 seconds 10.74
'Compact3684.Log18.Packed.C0262.checked' does not depend on any axioms
PASS CHUNK 263 / 344 seconds 10.93
'Compact3684.Log18.Packed.C0263.checked' does not depend on any axioms
PASS CHUNK 264 / 344 seconds 10.75
'Compact3684.Log18.Packed.C0264.checked' does not depend on any axioms
PASS CHUNK 265 / 344 seconds 12.91
'Compact3684.Log18.Packed.C0265.checked' does not depend on any axioms
PASS CHUNK 266 / 344 seconds 10.8
'Compact3684.Log18.Packed.C0266.checked' does not depend on any axioms
PASS CHUNK 267 / 344 seconds 10.88
'Compact3684.Log18.Packed.C0267.checked' does not depend on any axioms
PASS CHUNK 268 / 344 seconds 10.81
'Compact3684.Log18.Packed.C0268.checked' does not depend on any axioms
PASS CHUNK 269 / 344 seconds 10.78
'Compact3684.Log18.Packed.C0269.checked' does not depend on any axioms
PASS CHUNK 270 / 344 seconds 12.02
'Compact3684.Log18.Packed.C0270.checked' does not depend on any axioms
PASS CHUNK 271 / 344 seconds 11.08
'Compact3684.Log18.Packed.C0271.checked' does not depend on any axioms
PASS CHUNK 272 / 344 seconds 11.08
'Compact3684.Log18.Packed.C0272.checked' does not depend on any axioms
PASS CHUNK 273 / 344 seconds 10.81
'Compact3684.Log18.Packed.C0273.checked' does not depend on any axioms
PASS CHUNK 274 / 344 seconds 10.86
'Compact3684.Log18.Packed.C0274.checked' does not depend on any axioms
PASS CHUNK 275 / 344 seconds 11.06
'Compact3684.Log18.Packed.C0275.checked' does not depend on any axioms
PASS CHUNK 276 / 344 seconds 11.09
'Compact3684.Log18.Packed.C0276.checked' does not depend on any axioms
PASS CHUNK 277 / 344 seconds 11.0
'Compact3684.Log18.Packed.C0277.checked' does not depend on any axioms
PASS CHUNK 278 / 344 seconds 10.99
'Compact3684.Log18.Packed.C0278.checked' does not depend on any axioms
PASS CHUNK 279 / 344 seconds 10.87
'Compact3684.Log18.Packed.C0279.checked' does not depend on any axioms
PASS CHUNK 280 / 344 seconds 10.78
'Compact3684.Log18.Packed.C0280.checked' does not depend on any axioms
PASS CHUNK 281 / 344 seconds 10.93
'Compact3684.Log18.Packed.C0281.checked' does not depend on any axioms
PASS CHUNK 282 / 344 seconds 10.84
'Compact3684.Log18.Packed.C0282.checked' does not depend on any axioms
PASS CHUNK 283 / 344 seconds 10.8
'Compact3684.Log18.Packed.C0283.checked' does not depend on any axioms
PASS CHUNK 284 / 344 seconds 10.81
'Compact3684.Log18.Packed.C0284.checked' does not depend on any axioms
PASS CHUNK 285 / 344 seconds 10.87
'Compact3684.Log18.Packed.C0285.checked' does not depend on any axioms
PASS CHUNK 286 / 344 seconds 10.9
'Compact3684.Log18.Packed.C0286.checked' does not depend on any axioms
PASS CHUNK 287 / 344 seconds 10.78
'Compact3684.Log18.Packed.C0287.checked' does not depend on any axioms
PASS CHUNK 288 / 344 seconds 10.75
'Compact3684.Log18.Packed.C0288.checked' does not depend on any axioms
PASS CHUNK 289 / 344 seconds 11.05
'Compact3684.Log18.Packed.C0289.checked' does not depend on any axioms
PASS CHUNK 290 / 344 seconds 10.71
'Compact3684.Log18.Packed.C0290.checked' does not depend on any axioms
PASS CHUNK 291 / 344 seconds 10.83
'Compact3684.Log18.Packed.C0291.checked' does not depend on any axioms
PASS CHUNK 292 / 344 seconds 10.76
'Compact3684.Log18.Packed.C0292.checked' does not depend on any axioms
PASS CHUNK 293 / 344 seconds 10.91
'Compact3684.Log18.Packed.C0293.checked' does not depend on any axioms
PASS CHUNK 294 / 344 seconds 10.8
'Compact3684.Log18.Packed.C0294.checked' does not depend on any axioms
PASS CHUNK 295 / 344 seconds 10.84
'Compact3684.Log18.Packed.C0295.checked' does not depend on any axioms
PASS CHUNK 296 / 344 seconds 10.79
'Compact3684.Log18.Packed.C0296.checked' does not depend on any axioms
PASS CHUNK 297 / 344 seconds 10.84
'Compact3684.Log18.Packed.C0297.checked' does not depend on any axioms
PASS CHUNK 298 / 344 seconds 10.8
'Compact3684.Log18.Packed.C0298.checked' does not depend on any axioms
PASS CHUNK 299 / 344 seconds 10.74
'Compact3684.Log18.Packed.C0299.checked' does not depend on any axioms
PASS CHUNK 300 / 344 seconds 10.79
'Compact3684.Log18.Packed.C0300.checked' does not depend on any axioms
PASS CHUNK 301 / 344 seconds 10.71
'Compact3684.Log18.Packed.C0301.checked' does not depend on any axioms
PASS CHUNK 302 / 344 seconds 10.85
'Compact3684.Log18.Packed.C0302.checked' does not depend on any axioms
PASS CHUNK 303 / 344 seconds 10.86
'Compact3684.Log18.Packed.C0303.checked' does not depend on any axioms
PASS CHUNK 304 / 344 seconds 10.94
'Compact3684.Log18.Packed.C0304.checked' does not depend on any axioms
PASS CHUNK 305 / 344 seconds 10.92
'Compact3684.Log18.Packed.C0305.checked' does not depend on any axioms
PASS CHUNK 306 / 344 seconds 10.98
'Compact3684.Log18.Packed.C0306.checked' does not depend on any axioms
PASS CHUNK 307 / 344 seconds 10.91
'Compact3684.Log18.Packed.C0307.checked' does not depend on any axioms
PASS CHUNK 308 / 344 seconds 10.95
'Compact3684.Log18.Packed.C0308.checked' does not depend on any axioms
PASS CHUNK 309 / 344 seconds 10.86
'Compact3684.Log18.Packed.C0309.checked' does not depend on any axioms
PASS CHUNK 310 / 344 seconds 10.89
'Compact3684.Log18.Packed.C0310.checked' does not depend on any axioms
PASS CHUNK 311 / 344 seconds 10.92
'Compact3684.Log18.Packed.C0311.checked' does not depend on any axioms
PASS CHUNK 312 / 344 seconds 11.03
'Compact3684.Log18.Packed.C0312.checked' does not depend on any axioms
PASS CHUNK 313 / 344 seconds 11.06
'Compact3684.Log18.Packed.C0313.checked' does not depend on any axioms
PASS CHUNK 314 / 344 seconds 11.02
'Compact3684.Log18.Packed.C0314.checked' does not depend on any axioms
PASS CHUNK 315 / 344 seconds 10.94
'Compact3684.Log18.Packed.C0315.checked' does not depend on any axioms
PASS CHUNK 316 / 344 seconds 10.93
'Compact3684.Log18.Packed.C0316.checked' does not depend on any axioms
PASS CHUNK 317 / 344 seconds 10.95
'Compact3684.Log18.Packed.C0317.checked' does not depend on any axioms
PASS CHUNK 318 / 344 seconds 10.93
'Compact3684.Log18.Packed.C0318.checked' does not depend on any axioms
PASS CHUNK 319 / 344 seconds 12.09
'Compact3684.Log18.Packed.C0319.checked' does not depend on any axioms
PASS CHUNK 320 / 344 seconds 17.25
'Compact3684.Log18.Packed.C0320.checked' does not depend on any axioms
PASS CHUNK 321 / 344 seconds 16.23
'Compact3684.Log18.Packed.C0321.checked' does not depend on any axioms
PASS CHUNK 322 / 344 seconds 10.94
'Compact3684.Log18.Packed.C0322.checked' does not depend on any axioms
PASS CHUNK 323 / 344 seconds 12.1
'Compact3684.Log18.Packed.C0323.checked' does not depend on any axioms
PASS CHUNK 324 / 344 seconds 10.95
'Compact3684.Log18.Packed.C0324.checked' does not depend on any axioms
PASS CHUNK 325 / 344 seconds 10.9
'Compact3684.Log18.Packed.C0325.checked' does not depend on any axioms
PASS CHUNK 326 / 344 seconds 10.92
'Compact3684.Log18.Packed.C0326.checked' does not depend on any axioms
PASS CHUNK 327 / 344 seconds 13.04
'Compact3684.Log18.Packed.C0327.checked' does not depend on any axioms
PASS CHUNK 328 / 344 seconds 10.89
'Compact3684.Log18.Packed.C0328.checked' does not depend on any axioms
PASS CHUNK 329 / 344 seconds 10.89
'Compact3684.Log18.Packed.C0329.checked' does not depend on any axioms
PASS CHUNK 330 / 344 seconds 10.9
'Compact3684.Log18.Packed.C0330.checked' does not depend on any axioms
PASS CHUNK 331 / 344 seconds 11.21
'Compact3684.Log18.Packed.C0331.checked' does not depend on any axioms
PASS CHUNK 332 / 344 seconds 11.01
'Compact3684.Log18.Packed.C0332.checked' does not depend on any axioms
PASS CHUNK 333 / 344 seconds 11.0
'Compact3684.Log18.Packed.C0333.checked' does not depend on any axioms
PASS CHUNK 334 / 344 seconds 11.13
'Compact3684.Log18.Packed.C0334.checked' does not depend on any axioms
PASS CHUNK 335 / 344 seconds 11.34
'Compact3684.Log18.Packed.C0335.checked' does not depend on any axioms
PASS CHUNK 336 / 344 seconds 14.58
'Compact3684.Log18.Packed.C0336.checked' does not depend on any axioms
PASS CHUNK 337 / 344 seconds 11.19
'Compact3684.Log18.Packed.C0337.checked' does not depend on any axioms
PASS CHUNK 338 / 344 seconds 11.24
'Compact3684.Log18.Packed.C0338.checked' does not depend on any axioms
PASS CHUNK 339 / 344 seconds 11.14
'Compact3684.Log18.Packed.C0339.checked' does not depend on any axioms
PASS CHUNK 340 / 344 seconds 11.28
'Compact3684.Log18.Packed.C0340.checked' does not depend on any axioms
PASS CHUNK 341 / 344 seconds 11.2
'Compact3684.Log18.Packed.C0341.checked' does not depend on any axioms
PASS CHUNK 342 / 344 seconds 11.09
'Compact3684.Log18.Packed.C0342.checked' does not depend on any axioms
PASS CHUNK 343 / 344 seconds 11.0
'Compact3684.Log18.Packed.C0343.checked' does not depend on any axioms
PASS CHUNK 344 / 344 seconds 3.97
PASS ALL 351607 CATALOG ENTRIES
