BUILD SUPPORT Kernel/ProfileGuard
BUILD SUPPORT Ramsey3683Bootstrap/ProfileCheck
Ramsey3683Bootstrap/ProfileCheck.lean:35:4: warning: Used `tac1 <;> tac2` where `(tac1; tac2)` would suffice

Note: This linter can be disabled with `set_option linter.unnecessarySeqFocus false`
Ramsey3683Bootstrap/ProfileCheck.lean:62:6: warning: 'ring' tactic does nothing

Note: This linter can be disabled with `set_option linter.unusedTactic false`
Ramsey3683Bootstrap/ProfileCheck.lean:62:6: warning: this tactic is never executed

Note: This linter can be disabled with `set_option linter.unreachableTactic false`
Ramsey3683Bootstrap/ProfileCheck.lean:79:4: error: Type mismatch: After simplification, term
  hh
 has type
  ↑(w * (lines i).a + (lines j).a * (scale - w)) ≤ ↑a * ↑scale
but is expected to have type
  ↑(w * (lines i).a + (lines j).a * (scale - w)) ≤ ↑q * (↑a / ↑q * ↑scale)
Ramsey3683Bootstrap/ProfileCheck.lean:87:4: error: Type mismatch: After simplification, term
  hh
 has type
  ↑(w * ((lines i).a + (lines i).b) + ((lines j).a + (lines j).b) * (scale - w)) ≤ ↑scale * ↑(a + b)
but is expected to have type
  ↑(w * ((lines i).a + (lines i).b) + ((lines j).a + (lines j).b) * (scale - w)) ≤ ↑q * (↑scale * (↑(a + b) / ↑q))
'Compact3684.ProfileCheck.shapeGuard_sound' depends on axioms: [propext, Classical.choice, Quot.sound]
'Compact3684.ProfileCheck.activeGuard_sound' depends on axioms: [propext, Classical.choice, Quot.sound]
'Compact3684.ProfileCheck.supportGuard_sound' depends on axioms: [propext, sorryAx, Classical.choice, Quot.sound]
Traceback (most recent call last):
  File "/home/ainta/manuscripts/ramsey/compact_3684.NkkeIa/build_support.py", line 53, in <module>
    if __name__=='__main__':main()
                            ^^^^^^
  File "/home/ainta/manuscripts/ramsey/compact_3684.NkkeIa/build_support.py", line 45, in main
    subprocess.run(['lean','+v4.32.1','-o',name+'.olean',name+'.lean'],
  File "/usr/lib/python3.12/subprocess.py", line 571, in run
    raise CalledProcessError(retcode, process.args,
subprocess.CalledProcessError: Command '['lean', '+v4.32.1', '-o', 'Ramsey3683Bootstrap/ProfileCheck.olean', 'Ramsey3683Bootstrap/ProfileCheck.lean']' returned non-zero exit status 1.
