'Compact3684.Reflected.R00.R00S0000.checked' does not depend on any axioms
PASS CHUNK 1 / 255 seconds 1.88
'Compact3684.Reflected.R00.R00S0001.checked' does not depend on any axioms
PASS CHUNK 2 / 255 seconds 1.75
'Compact3684.Reflected.R00.R00S0002.checked' does not depend on any axioms
PASS CHUNK 3 / 255 seconds 1.84
'Compact3684.Reflected.R00.R00S0003.checked' does not depend on any axioms
PASS CHUNK 4 / 255 seconds 1.88
'Compact3684.Reflected.R00.R00S0004.checked' does not depend on any axioms
PASS CHUNK 5 / 255 seconds 1.73
'Compact3684.Reflected.R00.R00S0005.checked' does not depend on any axioms
PASS CHUNK 6 / 255 seconds 1.71
'Compact3684.Reflected.R00.R00S0006.checked' does not depend on any axioms
PASS CHUNK 7 / 255 seconds 2.46
'Compact3684.Reflected.R00.R00S0007.checked' does not depend on any axioms
PASS CHUNK 8 / 255 seconds 2.14
'Compact3684.Reflected.R00.R00S0008.checked' does not depend on any axioms
PASS CHUNK 9 / 255 seconds 2.5
'Compact3684.Reflected.R00.R00S0009.checked' does not depend on any axioms
PASS CHUNK 10 / 255 seconds 1.62
'Compact3684.Reflected.R00.R00S0010.checked' does not depend on any axioms
PASS CHUNK 11 / 255 seconds 1.93
'Compact3684.Reflected.R00.R00S0011.checked' does not depend on any axioms
PASS CHUNK 12 / 255 seconds 2.06
'Compact3684.Reflected.R00.R00S0012.checked' does not depend on any axioms
PASS CHUNK 13 / 255 seconds 1.48
'Compact3684.Reflected.R00.R00S0013.checked' does not depend on any axioms
PASS CHUNK 14 / 255 seconds 1.93
'Compact3684.Reflected.R00.R00S0014.checked' does not depend on any axioms
PASS CHUNK 15 / 255 seconds 1.82
'Compact3684.Reflected.R00.R00S0015.checked' does not depend on any axioms
PASS CHUNK 16 / 255 seconds 1.77
'Compact3684.Reflected.R00.R00S0016.checked' does not depend on any axioms
PASS CHUNK 17 / 255 seconds 2.28
'Compact3684.Reflected.R00.R00S0017.checked' does not depend on any axioms
PASS CHUNK 18 / 255 seconds 2.38
'Compact3684.Reflected.R00.R00S0018.checked' does not depend on any axioms
PASS CHUNK 19 / 255 seconds 2.62
'Compact3684.Reflected.R00.R00S0019.checked' does not depend on any axioms
PASS CHUNK 20 / 255 seconds 2.74
'Compact3684.Reflected.R00.R00S0020.checked' does not depend on any axioms
PASS CHUNK 21 / 255 seconds 1.96
'Compact3684.Reflected.R00.R00S0021.checked' does not depend on any axioms
PASS CHUNK 22 / 255 seconds 2.08
'Compact3684.Reflected.R00.R00S0022.checked' does not depend on any axioms
PASS CHUNK 23 / 255 seconds 1.36
'Compact3684.Reflected.R00.R00S0023.checked' does not depend on any axioms
PASS CHUNK 24 / 255 seconds 1.75
'Compact3684.Reflected.R00.R00S0024.checked' does not depend on any axioms
PASS CHUNK 25 / 255 seconds 1.89
'Compact3684.Reflected.R00.R00S0025.checked' does not depend on any axioms
PASS CHUNK 26 / 255 seconds 2.0
'Compact3684.Reflected.R00.R00S0026.checked' does not depend on any axioms
PASS CHUNK 27 / 255 seconds 1.91
'Compact3684.Reflected.R00.R00S0027.checked' does not depend on any axioms
PASS CHUNK 28 / 255 seconds 1.59
'Compact3684.Reflected.R00.R00S0028.checked' does not depend on any axioms
PASS CHUNK 29 / 255 seconds 1.78
'Compact3684.Reflected.R00.R00S0029.checked' does not depend on any axioms
PASS CHUNK 30 / 255 seconds 2.36
'Compact3684.Reflected.R00.R00S0030.checked' does not depend on any axioms
PASS CHUNK 31 / 255 seconds 2.58
'Compact3684.Reflected.R00.R00S0031.checked' does not depend on any axioms
PASS CHUNK 32 / 255 seconds 2.19
'Compact3684.Reflected.R00.R00S0032.checked' does not depend on any axioms
PASS CHUNK 33 / 255 seconds 2.35
'Compact3684.Reflected.R00.R00S0033.checked' does not depend on any axioms
PASS CHUNK 34 / 255 seconds 2.0
'Compact3684.Reflected.R00.R00S0034.checked' does not depend on any axioms
PASS CHUNK 35 / 255 seconds 1.82
'Compact3684.Reflected.R00.R00S0035.checked' does not depend on any axioms
PASS CHUNK 36 / 255 seconds 1.56
'Compact3684.Reflected.R00.R00S0036.checked' does not depend on any axioms
PASS CHUNK 37 / 255 seconds 1.74
'Compact3684.Reflected.R00.R00S0037.checked' does not depend on any axioms
PASS CHUNK 38 / 255 seconds 2.05
'Compact3684.Reflected.R00.R00S0038.checked' does not depend on any axioms
PASS CHUNK 39 / 255 seconds 1.77
'Compact3684.Reflected.R00.R00S0039.checked' does not depend on any axioms
PASS CHUNK 40 / 255 seconds 0.36
'Compact3684.Reflected.R00.R00G0000.checked' does not depend on any axioms
PASS CHUNK 41 / 255 seconds 2.38
'Compact3684.Reflected.R00.R00G0001.checked' does not depend on any axioms
PASS CHUNK 42 / 255 seconds 2.38
'Compact3684.Reflected.R00.R00G0002.checked' does not depend on any axioms
PASS CHUNK 43 / 255 seconds 2.39
'Compact3684.Reflected.R00.R00G0003.checked' does not depend on any axioms
PASS CHUNK 44 / 255 seconds 2.33
'Compact3684.Reflected.R00.R00G0004.checked' does not depend on any axioms
PASS CHUNK 45 / 255 seconds 2.37
'Compact3684.Reflected.R00.R00G0005.checked' does not depend on any axioms
PASS CHUNK 46 / 255 seconds 2.37
'Compact3684.Reflected.R00.R00G0006.checked' does not depend on any axioms
PASS CHUNK 47 / 255 seconds 2.38
'Compact3684.Reflected.R00.R00G0007.checked' does not depend on any axioms
PASS CHUNK 48 / 255 seconds 2.39
'Compact3684.Reflected.R00.R00G0008.checked' does not depend on any axioms
PASS CHUNK 49 / 255 seconds 2.35
'Compact3684.Reflected.R00.R00G0009.checked' does not depend on any axioms
PASS CHUNK 50 / 255 seconds 2.33
'Compact3684.Reflected.R00.R00G0010.checked' does not depend on any axioms
PASS CHUNK 51 / 255 seconds 2.34
'Compact3684.Reflected.R00.R00G0011.checked' does not depend on any axioms
PASS CHUNK 52 / 255 seconds 2.36
'Compact3684.Reflected.R00.R00G0012.checked' does not depend on any axioms
PASS CHUNK 53 / 255 seconds 2.34
'Compact3684.Reflected.R00.R00G0013.checked' does not depend on any axioms
PASS CHUNK 54 / 255 seconds 2.37
'Compact3684.Reflected.R00.R00G0014.checked' does not depend on any axioms
PASS CHUNK 55 / 255 seconds 2.34
'Compact3684.Reflected.R00.R00G0015.checked' does not depend on any axioms
PASS CHUNK 56 / 255 seconds 2.4
'Compact3684.Reflected.R00.R00G0016.checked' does not depend on any axioms
PASS CHUNK 57 / 255 seconds 2.31
'Compact3684.Reflected.R00.R00G0017.checked' does not depend on any axioms
PASS CHUNK 58 / 255 seconds 2.33
'Compact3684.Reflected.R00.R00G0018.checked' does not depend on any axioms
PASS CHUNK 59 / 255 seconds 2.32
'Compact3684.Reflected.R00.R00G0019.checked' does not depend on any axioms
PASS CHUNK 60 / 255 seconds 2.39
'Compact3684.Reflected.R00.R00G0020.checked' does not depend on any axioms
PASS CHUNK 61 / 255 seconds 0.62
'Compact3684.Reflected.R01.R01S0000.checked' does not depend on any axioms
PASS CHUNK 62 / 255 seconds 1.16
'Compact3684.Reflected.R01.R01S0001.checked' does not depend on any axioms
PASS CHUNK 63 / 255 seconds 1.09
'Compact3684.Reflected.R01.R01S0002.checked' does not depend on any axioms
PASS CHUNK 64 / 255 seconds 1.15
'Compact3684.Reflected.R01.R01S0003.checked' does not depend on any axioms
PASS CHUNK 65 / 255 seconds 1.12
'Compact3684.Reflected.R01.R01S0004.checked' does not depend on any axioms
PASS CHUNK 66 / 255 seconds 1.14
'Compact3684.Reflected.R01.R01S0005.checked' does not depend on any axioms
PASS CHUNK 67 / 255 seconds 1.11
'Compact3684.Reflected.R01.R01S0006.checked' does not depend on any axioms
PASS CHUNK 68 / 255 seconds 1.14
'Compact3684.Reflected.R01.R01S0007.checked' does not depend on any axioms
PASS CHUNK 69 / 255 seconds 1.12
'Compact3684.Reflected.R01.R01S0008.checked' does not depend on any axioms
PASS CHUNK 70 / 255 seconds 1.21
'Compact3684.Reflected.R01.R01S0009.checked' does not depend on any axioms
PASS CHUNK 71 / 255 seconds 1.11
'Compact3684.Reflected.R01.R01S0010.checked' does not depend on any axioms
PASS CHUNK 72 / 255 seconds 1.1
'Compact3684.Reflected.R01.R01S0011.checked' does not depend on any axioms
PASS CHUNK 73 / 255 seconds 1.1
'Compact3684.Reflected.R01.R01S0012.checked' does not depend on any axioms
PASS CHUNK 74 / 255 seconds 1.15
'Compact3684.Reflected.R01.R01S0013.checked' does not depend on any axioms
PASS CHUNK 75 / 255 seconds 1.09
'Compact3684.Reflected.R01.R01S0014.checked' does not depend on any axioms
PASS CHUNK 76 / 255 seconds 0.93
'Compact3684.Reflected.R01.R01G0000.checked' does not depend on any axioms
PASS CHUNK 77 / 255 seconds 2.21
'Compact3684.Reflected.R01.R01G0001.checked' does not depend on any axioms
PASS CHUNK 78 / 255 seconds 2.14
'Compact3684.Reflected.R01.R01G0002.checked' does not depend on any axioms
PASS CHUNK 79 / 255 seconds 2.21
'Compact3684.Reflected.R01.R01G0003.checked' does not depend on any axioms
PASS CHUNK 80 / 255 seconds 2.1
'Compact3684.Reflected.R01.R01G0004.checked' does not depend on any axioms
PASS CHUNK 81 / 255 seconds 2.13
'Compact3684.Reflected.R01.R01G0005.checked' does not depend on any axioms
PASS CHUNK 82 / 255 seconds 0.68
'Compact3684.Reflected.R02.R02S0000.checked' does not depend on any axioms
PASS CHUNK 83 / 255 seconds 1.13
'Compact3684.Reflected.R02.R02S0001.checked' does not depend on any axioms
PASS CHUNK 84 / 255 seconds 1.12
'Compact3684.Reflected.R02.R02S0002.checked' does not depend on any axioms
PASS CHUNK 85 / 255 seconds 1.18
'Compact3684.Reflected.R02.R02S0003.checked' does not depend on any axioms
PASS CHUNK 86 / 255 seconds 1.04
'Compact3684.Reflected.R02.R02S0004.checked' does not depend on any axioms
PASS CHUNK 87 / 255 seconds 1.16
'Compact3684.Reflected.R02.R02S0005.checked' does not depend on any axioms
PASS CHUNK 88 / 255 seconds 1.1
'Compact3684.Reflected.R02.R02S0006.checked' does not depend on any axioms
PASS CHUNK 89 / 255 seconds 1.14
'Compact3684.Reflected.R02.R02S0007.checked' does not depend on any axioms
PASS CHUNK 90 / 255 seconds 1.08
'Compact3684.Reflected.R02.R02S0008.checked' does not depend on any axioms
PASS CHUNK 91 / 255 seconds 1.15
'Compact3684.Reflected.R02.R02S0009.checked' does not depend on any axioms
PASS CHUNK 92 / 255 seconds 1.09
'Compact3684.Reflected.R02.R02S0010.checked' does not depend on any axioms
PASS CHUNK 93 / 255 seconds 1.13
'Compact3684.Reflected.R02.R02S0011.checked' does not depend on any axioms
PASS CHUNK 94 / 255 seconds 1.16
'Compact3684.Reflected.R02.R02S0012.checked' does not depend on any axioms
PASS CHUNK 95 / 255 seconds 1.11
'Compact3684.Reflected.R02.R02S0013.checked' does not depend on any axioms
PASS CHUNK 96 / 255 seconds 1.09
'Compact3684.Reflected.R02.R02S0014.checked' does not depend on any axioms
PASS CHUNK 97 / 255 seconds 0.66
'Compact3684.Reflected.R02.R02G0000.checked' does not depend on any axioms
PASS CHUNK 98 / 255 seconds 2.14
'Compact3684.Reflected.R02.R02G0001.checked' does not depend on any axioms
PASS CHUNK 99 / 255 seconds 2.12
'Compact3684.Reflected.R02.R02G0002.checked' does not depend on any axioms
PASS CHUNK 100 / 255 seconds 2.14
'Compact3684.Reflected.R02.R02G0003.checked' does not depend on any axioms
PASS CHUNK 101 / 255 seconds 2.17
'Compact3684.Reflected.R02.R02G0004.checked' does not depend on any axioms
PASS CHUNK 102 / 255 seconds 1.19
'Compact3684.Reflected.R03.R03S0000.checked' does not depend on any axioms
PASS CHUNK 103 / 255 seconds 1.13
'Compact3684.Reflected.R03.R03S0001.checked' does not depend on any axioms
PASS CHUNK 104 / 255 seconds 1.09
'Compact3684.Reflected.R03.R03S0002.checked' does not depend on any axioms
PASS CHUNK 105 / 255 seconds 1.17
'Compact3684.Reflected.R03.R03S0003.checked' does not depend on any axioms
PASS CHUNK 106 / 255 seconds 1.11
'Compact3684.Reflected.R03.R03S0004.checked' does not depend on any axioms
PASS CHUNK 107 / 255 seconds 1.12
'Compact3684.Reflected.R03.R03S0005.checked' does not depend on any axioms
PASS CHUNK 108 / 255 seconds 1.11
'Compact3684.Reflected.R03.R03S0006.checked' does not depend on any axioms
PASS CHUNK 109 / 255 seconds 1.18
'Compact3684.Reflected.R03.R03S0007.checked' does not depend on any axioms
PASS CHUNK 110 / 255 seconds 1.11
'Compact3684.Reflected.R03.R03S0008.checked' does not depend on any axioms
PASS CHUNK 111 / 255 seconds 1.14
'Compact3684.Reflected.R03.R03S0009.checked' does not depend on any axioms
PASS CHUNK 112 / 255 seconds 1.09
'Compact3684.Reflected.R03.R03S0010.checked' does not depend on any axioms
PASS CHUNK 113 / 255 seconds 1.15
'Compact3684.Reflected.R03.R03S0011.checked' does not depend on any axioms
PASS CHUNK 114 / 255 seconds 1.1
'Compact3684.Reflected.R03.R03S0012.checked' does not depend on any axioms
PASS CHUNK 115 / 255 seconds 1.16
'Compact3684.Reflected.R03.R03S0013.checked' does not depend on any axioms
PASS CHUNK 116 / 255 seconds 1.1
'Compact3684.Reflected.R03.R03S0014.checked' does not depend on any axioms
PASS CHUNK 117 / 255 seconds 0.88
'Compact3684.Reflected.R03.R03G0000.checked' does not depend on any axioms
PASS CHUNK 118 / 255 seconds 2.15
'Compact3684.Reflected.R03.R03G0001.checked' does not depend on any axioms
PASS CHUNK 119 / 255 seconds 2.11
'Compact3684.Reflected.R03.R03G0002.checked' does not depend on any axioms
PASS CHUNK 120 / 255 seconds 2.13
'Compact3684.Reflected.R03.R03G0003.checked' does not depend on any axioms
PASS CHUNK 121 / 255 seconds 2.08
'Compact3684.Reflected.R03.R03G0004.checked' does not depend on any axioms
PASS CHUNK 122 / 255 seconds 2.11
'Compact3684.Reflected.R03.R03G0005.checked' does not depend on any axioms
PASS CHUNK 123 / 255 seconds 0.39
'Compact3684.Reflected.R04.R04S0000.checked' does not depend on any axioms
PASS CHUNK 124 / 255 seconds 1.14
'Compact3684.Reflected.R04.R04S0001.checked' does not depend on any axioms
PASS CHUNK 125 / 255 seconds 1.09
'Compact3684.Reflected.R04.R04S0002.checked' does not depend on any axioms
PASS CHUNK 126 / 255 seconds 1.1
'Compact3684.Reflected.R04.R04S0003.checked' does not depend on any axioms
PASS CHUNK 127 / 255 seconds 1.08
'Compact3684.Reflected.R04.R04S0004.checked' does not depend on any axioms
PASS CHUNK 128 / 255 seconds 1.16
'Compact3684.Reflected.R04.R04S0005.checked' does not depend on any axioms
PASS CHUNK 129 / 255 seconds 1.07
'Compact3684.Reflected.R04.R04S0006.checked' does not depend on any axioms
PASS CHUNK 130 / 255 seconds 1.13
'Compact3684.Reflected.R04.R04S0007.checked' does not depend on any axioms
PASS CHUNK 131 / 255 seconds 1.09
'Compact3684.Reflected.R04.R04S0008.checked' does not depend on any axioms
PASS CHUNK 132 / 255 seconds 1.13
'Compact3684.Reflected.R04.R04S0009.checked' does not depend on any axioms
PASS CHUNK 133 / 255 seconds 1.1
'Compact3684.Reflected.R04.R04S0010.checked' does not depend on any axioms
PASS CHUNK 134 / 255 seconds 1.16
'Compact3684.Reflected.R04.R04S0011.checked' does not depend on any axioms
PASS CHUNK 135 / 255 seconds 1.03
'Compact3684.Reflected.R04.R04S0012.checked' does not depend on any axioms
PASS CHUNK 136 / 255 seconds 1.13
'Compact3684.Reflected.R04.R04S0013.checked' does not depend on any axioms
PASS CHUNK 137 / 255 seconds 1.07
'Compact3684.Reflected.R04.R04S0014.checked' does not depend on any axioms
PASS CHUNK 138 / 255 seconds 0.82
'Compact3684.Reflected.R04.R04G0000.checked' does not depend on any axioms
PASS CHUNK 139 / 255 seconds 2.13
'Compact3684.Reflected.R04.R04G0001.checked' does not depend on any axioms
PASS CHUNK 140 / 255 seconds 2.1
'Compact3684.Reflected.R04.R04G0002.checked' does not depend on any axioms
PASS CHUNK 141 / 255 seconds 2.1
'Compact3684.Reflected.R04.R04G0003.checked' does not depend on any axioms
PASS CHUNK 142 / 255 seconds 2.11
'Compact3684.Reflected.R04.R04G0004.checked' does not depend on any axioms
PASS CHUNK 143 / 255 seconds 1.97
'Compact3684.Reflected.R05.R05S0000.checked' does not depend on any axioms
PASS CHUNK 144 / 255 seconds 1.12
'Compact3684.Reflected.R05.R05S0001.checked' does not depend on any axioms
PASS CHUNK 145 / 255 seconds 1.08
'Compact3684.Reflected.R05.R05S0002.checked' does not depend on any axioms
PASS CHUNK 146 / 255 seconds 1.11
'Compact3684.Reflected.R05.R05S0003.checked' does not depend on any axioms
PASS CHUNK 147 / 255 seconds 1.09
'Compact3684.Reflected.R05.R05S0004.checked' does not depend on any axioms
PASS CHUNK 148 / 255 seconds 1.15
'Compact3684.Reflected.R05.R05S0005.checked' does not depend on any axioms
PASS CHUNK 149 / 255 seconds 1.12
'Compact3684.Reflected.R05.R05S0006.checked' does not depend on any axioms
PASS CHUNK 150 / 255 seconds 1.1
'Compact3684.Reflected.R05.R05S0007.checked' does not depend on any axioms
PASS CHUNK 151 / 255 seconds 1.15
'Compact3684.Reflected.R05.R05S0008.checked' does not depend on any axioms
PASS CHUNK 152 / 255 seconds 1.23
'Compact3684.Reflected.R05.R05S0009.checked' does not depend on any axioms
PASS CHUNK 153 / 255 seconds 1.09
'Compact3684.Reflected.R05.R05S0010.checked' does not depend on any axioms
PASS CHUNK 154 / 255 seconds 1.13
'Compact3684.Reflected.R05.R05S0011.checked' does not depend on any axioms
PASS CHUNK 155 / 255 seconds 1.07
'Compact3684.Reflected.R05.R05S0012.checked' does not depend on any axioms
PASS CHUNK 156 / 255 seconds 1.12
'Compact3684.Reflected.R05.R05S0013.checked' does not depend on any axioms
PASS CHUNK 157 / 255 seconds 1.11
'Compact3684.Reflected.R05.R05S0014.checked' does not depend on any axioms
PASS CHUNK 158 / 255 seconds 0.83
'Compact3684.Reflected.R05.R05G0000.checked' does not depend on any axioms
PASS CHUNK 159 / 255 seconds 2.08
'Compact3684.Reflected.R05.R05G0001.checked' does not depend on any axioms
PASS CHUNK 160 / 255 seconds 2.11
'Compact3684.Reflected.R05.R05G0002.checked' does not depend on any axioms
PASS CHUNK 161 / 255 seconds 2.77
'Compact3684.Reflected.R05.R05G0003.checked' does not depend on any axioms
PASS CHUNK 162 / 255 seconds 2.63
'Compact3684.Reflected.R05.R05G0004.checked' does not depend on any axioms
PASS CHUNK 163 / 255 seconds 2.15
'Compact3684.Reflected.R05.R05G0005.checked' does not depend on any axioms
PASS CHUNK 164 / 255 seconds 0.54
'Compact3684.Reflected.R06.R06S0000.checked' does not depend on any axioms
PASS CHUNK 165 / 255 seconds 1.12
'Compact3684.Reflected.R06.R06S0001.checked' does not depend on any axioms
PASS CHUNK 166 / 255 seconds 1.07
'Compact3684.Reflected.R06.R06S0002.checked' does not depend on any axioms
PASS CHUNK 167 / 255 seconds 1.13
'Compact3684.Reflected.R06.R06S0003.checked' does not depend on any axioms
PASS CHUNK 168 / 255 seconds 1.09
'Compact3684.Reflected.R06.R06S0004.checked' does not depend on any axioms
PASS CHUNK 169 / 255 seconds 1.12
'Compact3684.Reflected.R06.R06S0005.checked' does not depend on any axioms
PASS CHUNK 170 / 255 seconds 1.08
'Compact3684.Reflected.R06.R06S0006.checked' does not depend on any axioms
PASS CHUNK 171 / 255 seconds 1.19
'Compact3684.Reflected.R06.R06S0007.checked' does not depend on any axioms
PASS CHUNK 172 / 255 seconds 1.15
'Compact3684.Reflected.R06.R06S0008.checked' does not depend on any axioms
PASS CHUNK 173 / 255 seconds 1.17
'Compact3684.Reflected.R06.R06S0009.checked' does not depend on any axioms
PASS CHUNK 174 / 255 seconds 1.13
'Compact3684.Reflected.R06.R06S0010.checked' does not depend on any axioms
PASS CHUNK 175 / 255 seconds 1.14
'Compact3684.Reflected.R06.R06S0011.checked' does not depend on any axioms
PASS CHUNK 176 / 255 seconds 1.14
'Compact3684.Reflected.R06.R06S0012.checked' does not depend on any axioms
PASS CHUNK 177 / 255 seconds 1.17
'Compact3684.Reflected.R06.R06S0013.checked' does not depend on any axioms
PASS CHUNK 178 / 255 seconds 1.14
'Compact3684.Reflected.R06.R06S0014.checked' does not depend on any axioms
PASS CHUNK 179 / 255 seconds 1.18
'Compact3684.Reflected.R06.R06S0015.checked' does not depend on any axioms
PASS CHUNK 180 / 255 seconds 1.13
'Compact3684.Reflected.R06.R06S0016.checked' does not depend on any axioms
PASS CHUNK 181 / 255 seconds 1.16
'Compact3684.Reflected.R06.R06S0017.checked' does not depend on any axioms
PASS CHUNK 182 / 255 seconds 1.1
'Compact3684.Reflected.R06.R06S0018.checked' does not depend on any axioms
PASS CHUNK 183 / 255 seconds 1.16
'Compact3684.Reflected.R06.R06S0019.checked' does not depend on any axioms
PASS CHUNK 184 / 255 seconds 1.13
'Compact3684.Reflected.R06.R06S0020.checked' does not depend on any axioms
PASS CHUNK 185 / 255 seconds 0.93
'Compact3684.Reflected.R06.R06G0000.checked' does not depend on any axioms
PASS CHUNK 186 / 255 seconds 2.26
'Compact3684.Reflected.R06.R06G0001.checked' does not depend on any axioms
PASS CHUNK 187 / 255 seconds 2.3
'Compact3684.Reflected.R06.R06G0002.checked' does not depend on any axioms
PASS CHUNK 188 / 255 seconds 2.32
'Compact3684.Reflected.R06.R06G0003.checked' does not depend on any axioms
PASS CHUNK 189 / 255 seconds 2.29
'Compact3684.Reflected.R06.R06G0004.checked' does not depend on any axioms
PASS CHUNK 190 / 255 seconds 2.26
'Compact3684.Reflected.R06.R06G0005.checked' does not depend on any axioms
PASS CHUNK 191 / 255 seconds 2.23
'Compact3684.Reflected.R06.R06G0006.checked' does not depend on any axioms
PASS CHUNK 192 / 255 seconds 2.29
'Compact3684.Reflected.R06.R06G0007.checked' does not depend on any axioms
PASS CHUNK 193 / 255 seconds 2.26
'Compact3684.Reflected.R06.R06G0008.checked' does not depend on any axioms
PASS CHUNK 194 / 255 seconds 2.27
'Compact3684.Reflected.R06.R06G0009.checked' does not depend on any axioms
PASS CHUNK 195 / 255 seconds 2.31
'Compact3684.Reflected.R06.R06G0010.checked' does not depend on any axioms
PASS CHUNK 196 / 255 seconds 2.28
'Compact3684.Reflected.R06.R06G0011.checked' does not depend on any axioms
PASS CHUNK 197 / 255 seconds 2.29
'Compact3684.Reflected.R06.R06G0012.checked' does not depend on any axioms
PASS CHUNK 198 / 255 seconds 2.24
'Compact3684.Reflected.R06.R06G0013.checked' does not depend on any axioms
PASS CHUNK 199 / 255 seconds 2.28
'Compact3684.Reflected.R06.R06G0014.checked' does not depend on any axioms
PASS CHUNK 200 / 255 seconds 1.36
'Compact3684.Reflected.R07.R07S0000.checked' does not depend on any axioms
PASS CHUNK 201 / 255 seconds 1.14
'Compact3684.Reflected.R07.R07S0001.checked' does not depend on any axioms
PASS CHUNK 202 / 255 seconds 1.08
'Compact3684.Reflected.R07.R07S0002.checked' does not depend on any axioms
PASS CHUNK 203 / 255 seconds 1.18
'Compact3684.Reflected.R07.R07S0003.checked' does not depend on any axioms
PASS CHUNK 204 / 255 seconds 1.15
'Compact3684.Reflected.R07.R07S0004.checked' does not depend on any axioms
PASS CHUNK 205 / 255 seconds 1.08
'Compact3684.Reflected.R07.R07S0005.checked' does not depend on any axioms
PASS CHUNK 206 / 255 seconds 1.09
'Compact3684.Reflected.R07.R07S0006.checked' does not depend on any axioms
PASS CHUNK 207 / 255 seconds 1.19
'Compact3684.Reflected.R07.R07S0007.checked' does not depend on any axioms
PASS CHUNK 208 / 255 seconds 1.15
'Compact3684.Reflected.R07.R07S0008.checked' does not depend on any axioms
PASS CHUNK 209 / 255 seconds 1.2
'Compact3684.Reflected.R07.R07S0009.checked' does not depend on any axioms
PASS CHUNK 210 / 255 seconds 1.13
'Compact3684.Reflected.R07.R07S0010.checked' does not depend on any axioms
PASS CHUNK 211 / 255 seconds 1.15
'Compact3684.Reflected.R07.R07S0011.checked' does not depend on any axioms
PASS CHUNK 212 / 255 seconds 1.13
'Compact3684.Reflected.R07.R07S0012.checked' does not depend on any axioms
PASS CHUNK 213 / 255 seconds 1.16
'Compact3684.Reflected.R07.R07S0013.checked' does not depend on any axioms
PASS CHUNK 214 / 255 seconds 1.06
'Compact3684.Reflected.R07.R07S0014.checked' does not depend on any axioms
PASS CHUNK 215 / 255 seconds 1.13
'Compact3684.Reflected.R07.R07S0015.checked' does not depend on any axioms
PASS CHUNK 216 / 255 seconds 1.1
'Compact3684.Reflected.R07.R07S0016.checked' does not depend on any axioms
PASS CHUNK 217 / 255 seconds 1.16
'Compact3684.Reflected.R07.R07S0017.checked' does not depend on any axioms
PASS CHUNK 218 / 255 seconds 1.13
'Compact3684.Reflected.R07.R07S0018.checked' does not depend on any axioms
PASS CHUNK 219 / 255 seconds 1.59
'Compact3684.Reflected.R07.R07S0019.checked' does not depend on any axioms
PASS CHUNK 220 / 255 seconds 0.96
'Compact3684.Reflected.R07.R07G0000.checked' does not depend on any axioms
PASS CHUNK 221 / 255 seconds 2.26
'Compact3684.Reflected.R07.R07G0001.checked' does not depend on any axioms
PASS CHUNK 222 / 255 seconds 2.27
'Compact3684.Reflected.R07.R07G0002.checked' does not depend on any axioms
PASS CHUNK 223 / 255 seconds 2.27
'Compact3684.Reflected.R07.R07G0003.checked' does not depend on any axioms
PASS CHUNK 224 / 255 seconds 2.26
'Compact3684.Reflected.R07.R07G0004.checked' does not depend on any axioms
PASS CHUNK 225 / 255 seconds 2.28
'Compact3684.Reflected.R07.R07G0005.checked' does not depend on any axioms
PASS CHUNK 226 / 255 seconds 2.35
'Compact3684.Reflected.R07.R07G0006.checked' does not depend on any axioms
PASS CHUNK 227 / 255 seconds 2.26
'Compact3684.Reflected.R07.R07G0007.checked' does not depend on any axioms
PASS CHUNK 228 / 255 seconds 2.29
'Compact3684.Reflected.R07.R07G0008.checked' does not depend on any axioms
PASS CHUNK 229 / 255 seconds 2.3
'Compact3684.Reflected.R07.R07G0009.checked' does not depend on any axioms
PASS CHUNK 230 / 255 seconds 2.3
'Compact3684.Reflected.R07.R07G0010.checked' does not depend on any axioms
PASS CHUNK 231 / 255 seconds 2.28
'Compact3684.Reflected.R07.R07G0011.checked' does not depend on any axioms
PASS CHUNK 232 / 255 seconds 2.27
'Compact3684.Reflected.R07.R07G0012.checked' does not depend on any axioms
PASS CHUNK 233 / 255 seconds 2.26
'Compact3684.Reflected.R07.R07G0013.checked' does not depend on any axioms
PASS CHUNK 234 / 255 seconds 1.0
'Compact3684.Reflected.R08.R08S0000.checked' does not depend on any axioms
PASS CHUNK 235 / 255 seconds 1.16
'Compact3684.Reflected.R08.R08S0001.checked' does not depend on any axioms
PASS CHUNK 236 / 255 seconds 1.11
'Compact3684.Reflected.R08.R08S0002.checked' does not depend on any axioms
PASS CHUNK 237 / 255 seconds 1.18
'Compact3684.Reflected.R08.R08S0003.checked' does not depend on any axioms
PASS CHUNK 238 / 255 seconds 1.11
'Compact3684.Reflected.R08.R08S0004.checked' does not depend on any axioms
PASS CHUNK 239 / 255 seconds 1.11
'Compact3684.Reflected.R08.R08S0005.checked' does not depend on any axioms
PASS CHUNK 240 / 255 seconds 1.12
'Compact3684.Reflected.R08.R08S0006.checked' does not depend on any axioms
PASS CHUNK 241 / 255 seconds 1.19
'Compact3684.Reflected.R08.R08S0007.checked' does not depend on any axioms
PASS CHUNK 242 / 255 seconds 1.14
'Compact3684.Reflected.R08.R08S0008.checked' does not depend on any axioms
PASS CHUNK 243 / 255 seconds 1.22
'Compact3684.Reflected.R08.R08S0009.checked' does not depend on any axioms
PASS CHUNK 244 / 255 seconds 1.14
'Compact3684.Reflected.R08.R08S0010.checked' does not depend on any axioms
PASS CHUNK 245 / 255 seconds 1.2
'Compact3684.Reflected.R08.R08S0011.checked' does not depend on any axioms
PASS CHUNK 246 / 255 seconds 1.14
'Compact3684.Reflected.R08.R08S0012.checked' does not depend on any axioms
PASS CHUNK 247 / 255 seconds 1.22
'Compact3684.Reflected.R08.R08S0013.checked' does not depend on any axioms
PASS CHUNK 248 / 255 seconds 1.13
'Compact3684.Reflected.R08.R08S0014.checked' does not depend on any axioms
PASS CHUNK 249 / 255 seconds 1.18
'Compact3684.Reflected.R08.R08S0015.checked' does not depend on any axioms
PASS CHUNK 250 / 255 seconds 1.15
'Compact3684.Reflected.R08.R08S0016.checked' does not depend on any axioms
PASS CHUNK 251 / 255 seconds 1.15
'Compact3684.Reflected.R08.R08S0017.checked' does not depend on any axioms
PASS CHUNK 252 / 255 seconds 1.13
'Compact3684.Reflected.R08.R08S0018.checked' does not depend on any axioms
PASS CHUNK 253 / 255 seconds 1.18
'Compact3684.Reflected.R08.R08S0019.checked' does not depend on any axioms
PASS CHUNK 254 / 255 seconds 1.15
'Compact3684.Reflected.R08.R08S0020.checked' does not depend on any axioms
PASS CHUNK 255 / 255 seconds 0.35
Traceback (most recent call last):
  File "/home/ainta/manuscripts/ramsey/compact_3684.NkkeIa/check_kernel_catalog.py", line 63, in <module>
    main()
  File "/home/ainta/manuscripts/ramsey/compact_3684.NkkeIa/check_kernel_catalog.py", line 58, in main
    report['source_catalog_sha256']=manifest['source_catalog_sha256']
                                    ~~~~~~~~^^^^^^^^^^^^^^^^^^^^^^^^^
KeyError: 'source_catalog_sha256'
