QUANTIZED 200000 distinct_logs 211433
QUANTIZED 400000 distinct_logs 284735
QUANTIZED 600000 distinct_logs 284888
QUANTIZED 800000 distinct_logs 325855
QUANTIZED 1000000 distinct_logs 325928
QUANTIZED 1200000 distinct_logs 341807
QUANTIZED 1400000 distinct_logs 351285
QUANTIZED 1600000 distinct_logs 351285
CATALOG 20000 / 351607
CATALOG 40000 / 351607
CATALOG 60000 / 351607
CATALOG 80000 / 351607
CATALOG 100000 / 351607
CATALOG 120000 / 351607
CATALOG 140000 / 351607
CATALOG 160000 / 351607
CATALOG 180000 / 351607
CATALOG 200000 / 351607
CATALOG 220000 / 351607
CATALOG 240000 / 351607
CATALOG 260000 / 351607
CATALOG 280000 / 351607
CATALOG 300000 / 351607
CATALOG 320000 / 351607
CATALOG 340000 / 351607
{
  "status": "QUANTIZED_PENDING_INDEPENDENT_REPLAY",
  "records": 1695911,
  "distinct_logarithms": 351607,
  "affine_lift": "9/500000",
  "relative_grid": "1/62500"
}
