VALIDATED RESUME PREFIX 251 modules
REUSE CHECKED chain_data Kernel/ChainData/R01N0000
REUSE CHECKED chain_data Kernel/ChainData/R01N0001
REUSE CHECKED chain_data Kernel/ChainData/R01N0002
REUSE CHECKED chain_data Kernel/ChainData/R01P0000
REUSE CHECKED chain_data Kernel/ChainData/R01P0001
REUSE CHECKED chain_data Kernel/ChainData/R01P0002
REUSE CHECKED chain_data Kernel/ChainData/R01P0003
REUSE CHECKED chain_data Kernel/ChainData/R01P0004
REUSE CHECKED chain_data Kernel/ChainData/R01P0005
REUSE CHECKED chain_data Kernel/ChainData/R01L0000
REUSE CHECKED chain_data Kernel/ChainData/R01L0001
REUSE CHECKED chain_data Kernel/ChainData/R01L0002
REUSE CHECKED chain_data Kernel/ChainData/R01L0003
REUSE CHECKED chain_data Kernel/ChainData/R01
REUSE CHECKED checked_chain_interface Kernel/CheckedChainData/R01
REUSE CHECKED ChainChecks Kernel/ChainChecks/R01N00000
REUSE CHECKED ChainChecks Kernel/ChainChecks/R01N00001
REUSE CHECKED ChainChecks Kernel/ChainChecks/R01N00002
REUSE CHECKED ChainChecks Kernel/ChainChecks/R01N00003
REUSE CHECKED ChainChecks Kernel/ChainChecks/R01N00004
REUSE CHECKED ChainChecks Kernel/ChainChecks/R01N00005
REUSE CHECKED ChainChecks Kernel/ChainChecks/R01N00006
REUSE CHECKED ChainChecks Kernel/ChainChecks/R01N00007
REUSE CHECKED ChainChecks Kernel/ChainChecks/R01N00008
REUSE CHECKED ChainChecks Kernel/ChainChecks/R01N00009
REUSE CHECKED ChainChecks Kernel/ChainChecks/R01N00010
REUSE CHECKED ChainChecks Kernel/ChainChecks/R01N00011
REUSE CHECKED ChainChecks Kernel/ChainChecks/R01N00012
REUSE CHECKED ChainChecks Kernel/ChainChecks/R01N00013
REUSE CHECKED ChainChecks Kernel/ChainChecks/R01N00014
REUSE CHECKED ChainChecks Kernel/ChainChecks/R01N00015
REUSE CHECKED ChainChecks Kernel/ChainChecks/R01N00016
REUSE CHECKED ChainChecks Kernel/ChainChecks/R01N00017
REUSE CHECKED ChainChecks Kernel/ChainChecks/R01N00018
REUSE CHECKED ChainChecks Kernel/ChainChecks/R01N00019
REUSE CHECKED ChainChecks Kernel/ChainChecks/R01N00020
REUSE CHECKED ChainChecks Kernel/ChainChecks/R01N00021
REUSE CHECKED ChainChecks Kernel/ChainChecks/R01N00022
REUSE CHECKED ChainChecks Kernel/ChainChecks/R01N00023
REUSE CHECKED ChainChecks Kernel/ChainChecks/R01N00024
REUSE CHECKED ChainChecks Kernel/ChainChecks/R01N00025
REUSE CHECKED ChainChecks Kernel/ChainChecks/R01N00026
REUSE CHECKED ChainChecks Kernel/ChainChecks/R01N00027
REUSE CHECKED ChainChecks Kernel/ChainChecks/R01N00028
REUSE CHECKED ChainChecks Kernel/ChainChecks/R01N00029
REUSE CHECKED ChainChecks Kernel/ChainChecks/R01N00030
REUSE CHECKED ChainChecks Kernel/ChainChecks/R01N00031
REUSE CHECKED ChainChecks Kernel/ChainChecks/R01N00032
REUSE CHECKED ChainChecks Kernel/ChainChecks/R01N00033
REUSE CHECKED ChainChecks Kernel/ChainChecks/R01N00034
REUSE CHECKED ChainChecks Kernel/ChainChecks/R01N00035
REUSE CHECKED ChainChecks Kernel/ChainChecks/R01N00036
REUSE CHECKED ChainChecks Kernel/ChainChecks/R01N00037
REUSE CHECKED ChainChecks Kernel/ChainChecks/R01N00038
REUSE CHECKED ChainChecks Kernel/ChainChecks/R01N00039
REUSE CHECKED ChainChecks Kernel/ChainChecks/R01N00040
REUSE CHECKED ChainChecks Kernel/ChainChecks/R01N00041
REUSE CHECKED ChainChecks Kernel/ChainChecks/R01N00042
REUSE CHECKED ChainChecks Kernel/ChainChecks/R01N00043
REUSE CHECKED ChainChecks Kernel/ChainChecks/R01N00044
REUSE CHECKED ChainChecks Kernel/ChainChecks/R01N00045
REUSE CHECKED ChainChecks Kernel/ChainChecks/R01N00046
REUSE CHECKED ChainChecks Kernel/ChainChecks/R01N00047
REUSE CHECKED ChainChecks Kernel/ChainChecks/R01N00048
REUSE CHECKED ChainChecks Kernel/ChainChecks/R01N00049
REUSE CHECKED ChainChecks Kernel/ChainChecks/R01N00050
REUSE CHECKED ChainChecks Kernel/ChainChecks/R01N00051
REUSE CHECKED ChainChecks Kernel/ChainChecks/R01N00052
REUSE CHECKED ChainChecks Kernel/ChainChecks/R01N00053
REUSE CHECKED ChainChecks Kernel/ChainChecks/R01N00054
REUSE CHECKED ChainChecks Kernel/ChainChecks/R01N00055
REUSE CHECKED ChainChecks Kernel/ChainChecks/R01N00056
REUSE CHECKED ChainChecks Kernel/ChainChecks/R01N00057
REUSE CHECKED ChainChecks Kernel/ChainChecks/R01N00058
REUSE CHECKED ChainChecks Kernel/ChainChecks/R01N00059
REUSE CHECKED ChainChecks Kernel/ChainChecks/R01N00060
REUSE CHECKED ChainChecks Kernel/ChainChecks/R01N00061
REUSE CHECKED ChainChecks Kernel/ChainChecks/R01N00062
REUSE CHECKED ChainChecks Kernel/ChainChecks/R01N00063
REUSE CHECKED ChainChecks Kernel/ChainChecks/R01N00064
REUSE CHECKED ChainChecks Kernel/ChainChecks/R01N00065
REUSE CHECKED ChainChecks Kernel/ChainChecks/R01N00066
REUSE CHECKED ChainChecks Kernel/ChainChecks/R01N00067
REUSE CHECKED ChainChecks Kernel/ChainChecks/R01N00068
REUSE CHECKED ChainChecks Kernel/ChainChecks/R01N00069
REUSE CHECKED ChainChecks Kernel/ChainChecks/R01N00070
REUSE CHECKED ChainChecks Kernel/ChainChecks/R01N00071
REUSE CHECKED ChainChecks Kernel/ChainChecks/R01N00072
REUSE CHECKED ChainChecks Kernel/ChainChecks/R01N00073
REUSE CHECKED ChainChecks Kernel/ChainChecks/R01N00074
REUSE CHECKED ChainChecks Kernel/ChainChecks/R01N00075
REUSE CHECKED ChainChecks Kernel/ChainChecks/R01N00076
REUSE CHECKED ChainChecks Kernel/ChainChecks/R01N00077
REUSE CHECKED ChainChecks Kernel/ChainChecks/R01N00078
REUSE CHECKED ChainChecks Kernel/ChainChecks/R01N00079
REUSE CHECKED ChainChecks Kernel/ChainChecks/R01N00080
REUSE CHECKED ChainChecks Kernel/ChainChecks/R01N00081
REUSE CHECKED ChainChecks Kernel/ChainChecks/R01N00082
REUSE CHECKED ChainChecks Kernel/ChainChecks/R01N00083
REUSE CHECKED ChainChecks Kernel/ChainChecks/R01N00084
REUSE CHECKED ChainChecks Kernel/ChainChecks/R01N00085
REUSE CHECKED ChainChecks Kernel/ChainChecks/R01N00086
REUSE CHECKED ChainChecks Kernel/ChainChecks/R01N00087
REUSE CHECKED ChainChecks Kernel/ChainChecks/R01N00088
REUSE CHECKED ChainChecks Kernel/ChainChecks/R01N00089
REUSE CHECKED ChainChecks Kernel/ChainChecks/R01N00090
REUSE CHECKED ChainChecks Kernel/ChainChecks/R01N00091
REUSE CHECKED ChainChecks Kernel/ChainChecks/R01B00000
REUSE CHECKED ChainChecks Kernel/ChainChecks/R01P00000
REUSE CHECKED ChainChecks Kernel/ChainChecks/R01P00001
REUSE CHECKED ChainChecks Kernel/ChainChecks/R01P00002
REUSE CHECKED ChainChecks Kernel/ChainChecks/R01P00003
REUSE CHECKED ChainChecks Kernel/ChainChecks/R01P00004
REUSE CHECKED ChainChecks Kernel/ChainChecks/R01P00005
REUSE CHECKED ChainChecks Kernel/ChainChecks/R01P00006
REUSE CHECKED ChainChecks Kernel/ChainChecks/R01P00007
REUSE CHECKED ChainChecks Kernel/ChainChecks/R01P00008
REUSE CHECKED ChainChecks Kernel/ChainChecks/R01P00009
REUSE CHECKED ChainChecks Kernel/ChainChecks/R01P00010
REUSE CHECKED ChainChecks Kernel/ChainChecks/R01P00011
REUSE CHECKED ChainChecks Kernel/ChainChecks/R01P00012
REUSE CHECKED ChainChecks Kernel/ChainChecks/R01P00013
REUSE CHECKED ChainChecks Kernel/ChainChecks/R01P00014
REUSE CHECKED ChainChecks Kernel/ChainChecks/R01P00015
REUSE CHECKED ChainChecks Kernel/ChainChecks/R01P00016
REUSE CHECKED ChainChecks Kernel/ChainChecks/R01P00017
REUSE CHECKED ChainChecks Kernel/ChainChecks/R01P00018
REUSE CHECKED ChainChecks Kernel/ChainChecks/R01P00019
REUSE CHECKED ChainChecks Kernel/ChainChecks/R01P00020
REUSE CHECKED ChainChecks Kernel/ChainChecks/R01P00021
REUSE CHECKED ChainChecks Kernel/ChainChecks/R01P00022
REUSE CHECKED ChainChecks Kernel/ChainChecks/R01P00023
REUSE CHECKED ChainChecks Kernel/ChainChecks/R01P00024
REUSE CHECKED ChainChecks Kernel/ChainChecks/R01P00025
REUSE CHECKED ChainChecks Kernel/ChainChecks/R01P00026
REUSE CHECKED ChainChecks Kernel/ChainChecks/R01P00027
REUSE CHECKED ChainChecks Kernel/ChainChecks/R01P00028
REUSE CHECKED ChainChecks Kernel/ChainChecks/R01P00029
REUSE CHECKED ChainChecks Kernel/ChainChecks/R01P00030
REUSE CHECKED ChainChecks Kernel/ChainChecks/R01P00031
REUSE CHECKED ChainChecks Kernel/ChainChecks/R01P00032
REUSE CHECKED ChainChecks Kernel/ChainChecks/R01P00033
REUSE CHECKED ChainChecks Kernel/ChainChecks/R01P00034
REUSE CHECKED ChainChecks Kernel/ChainChecks/R01P00035
REUSE CHECKED ChainChecks Kernel/ChainChecks/R01P00036
REUSE CHECKED ChainChecks Kernel/ChainChecks/R01P00037
REUSE CHECKED ChainChecks Kernel/ChainChecks/R01P00038
REUSE CHECKED ChainChecks Kernel/ChainChecks/R01P00039
REUSE CHECKED ChainChecks Kernel/ChainChecks/R01P00040
REUSE CHECKED ChainChecks Kernel/ChainChecks/R01P00041
REUSE CHECKED ChainChecks Kernel/ChainChecks/R01P00042
REUSE CHECKED ChainChecks Kernel/ChainChecks/R01P00043
REUSE CHECKED ChainChecks Kernel/ChainChecks/R01P00044
REUSE CHECKED ChainChecks Kernel/ChainChecks/R01P00045
REUSE CHECKED ChainChecks Kernel/ChainChecks/R01P00046
REUSE CHECKED ChainChecks Kernel/ChainChecks/R01P00047
REUSE CHECKED ChainChecks Kernel/ChainChecks/R01P00048
REUSE CHECKED ChainChecks Kernel/ChainChecks/R01P00049
REUSE CHECKED ChainChecks Kernel/ChainChecks/R01P00050
REUSE CHECKED ChainChecks Kernel/ChainChecks/R01P00051
REUSE CHECKED ChainChecks Kernel/ChainChecks/R01P00052
REUSE CHECKED ChainChecks Kernel/ChainChecks/R01P00053
REUSE CHECKED ChainChecks Kernel/ChainChecks/R01P00054
REUSE CHECKED ChainChecks Kernel/ChainChecks/R01P00055
REUSE CHECKED ChainChecks Kernel/ChainChecks/R01P00056
REUSE CHECKED ChainChecks Kernel/ChainChecks/R01P00057
REUSE CHECKED ChainChecks Kernel/ChainChecks/R01P00058
REUSE CHECKED ChainChecks Kernel/ChainChecks/R01P00059
REUSE CHECKED ChainChecks Kernel/ChainChecks/R01P00060
REUSE CHECKED ChainChecks Kernel/ChainChecks/R01P00061
REUSE CHECKED ChainChecks Kernel/ChainChecks/R01P00062
REUSE CHECKED ChainChecks Kernel/ChainChecks/R01P00063
REUSE CHECKED ChainChecks Kernel/ChainChecks/R01P00064
REUSE CHECKED ChainChecks Kernel/ChainChecks/R01P00065
REUSE CHECKED ChainChecks Kernel/ChainChecks/R01P00066
REUSE CHECKED ChainChecks Kernel/ChainChecks/R01P00067
REUSE CHECKED ChainChecks Kernel/ChainChecks/R01P00068
REUSE CHECKED ChainChecks Kernel/ChainChecks/R01P00069
REUSE CHECKED ChainChecks Kernel/ChainChecks/R01P00070
REUSE CHECKED ChainChecks Kernel/ChainChecks/R01P00071
REUSE CHECKED ChainChecks Kernel/ChainChecks/R01P00072
REUSE CHECKED ChainChecks Kernel/ChainChecks/R01P00073
REUSE CHECKED ChainChecks Kernel/ChainChecks/R01P00074
REUSE CHECKED ChainChecks Kernel/ChainChecks/R01P00075
REUSE CHECKED ChainChecks Kernel/ChainChecks/R01P00076
REUSE CHECKED ChainChecks Kernel/ChainChecks/R01P00077
REUSE CHECKED ChainChecks Kernel/ChainChecks/R01P00078
REUSE CHECKED ChainChecks Kernel/ChainChecks/R01P00079
REUSE CHECKED ChainChecks Kernel/ChainChecks/R01P00080
REUSE CHECKED ChainChecks Kernel/ChainChecks/R01P00081
REUSE CHECKED ChainChecks Kernel/ChainChecks/R01P00082
REUSE CHECKED ChainChecks Kernel/ChainChecks/R01P00083
REUSE CHECKED ChainChecks Kernel/ChainChecks/R01P00084
REUSE CHECKED ChainChecks_assembly Kernel/ChainChecks/R01NGroup0000
REUSE CHECKED ChainChecks_assembly Kernel/ChainChecks/R01NGroup0001
REUSE CHECKED ChainChecks_assembly Kernel/ChainChecks/R01NAll
REUSE CHECKED ChainChecks_assembly Kernel/ChainChecks/R01BGroup0000
REUSE CHECKED ChainChecks_assembly Kernel/ChainChecks/R01BAll
REUSE CHECKED ChainChecks_assembly Kernel/ChainChecks/R01PGroup0000
REUSE CHECKED ChainChecks_assembly Kernel/ChainChecks/R01PGroup0001
REUSE CHECKED ChainChecks_assembly Kernel/ChainChecks/R01PAll
REUSE CHECKED outer_data Kernel/OuterData/R01V000
REUSE CHECKED outer_data Kernel/OuterData/R01I000
REUSE CHECKED outer_data Kernel/OuterData/R01K000
REUSE CHECKED outer_data Kernel/OuterData/R01C000
REUSE CHECKED outer_data Kernel/OuterData/R01
REUSE CHECKED OuterChecks Kernel/OuterChecks/R01C0000
REUSE CHECKED OuterChecks Kernel/OuterChecks/R01C0001
REUSE CHECKED OuterChecks Kernel/OuterChecks/R01C0002
REUSE CHECKED OuterChecks Kernel/OuterChecks/R01C0003
REUSE CHECKED OuterChecks Kernel/OuterChecks/R01C0004
REUSE CHECKED OuterChecks Kernel/OuterChecks/R01C0005
REUSE CHECKED OuterChecks Kernel/OuterChecks/R01C0006
REUSE CHECKED OuterChecks Kernel/OuterChecks/R01C0007
REUSE CHECKED OuterChecks Kernel/OuterChecks/R01C0008
REUSE CHECKED OuterChecks Kernel/OuterChecks/R01C0009
REUSE CHECKED OuterChecks Kernel/OuterChecks/R01C0010
REUSE CHECKED OuterChecks Kernel/OuterChecks/R01C0011
REUSE CHECKED OuterChecks Kernel/OuterChecks/R01C0012
REUSE CHECKED OuterChecks Kernel/OuterChecks/R01C0013
REUSE CHECKED OuterChecks Kernel/OuterChecks/R01C0014
REUSE CHECKED OuterChecks Kernel/OuterChecks/R01C0015
REUSE CHECKED OuterChecks Kernel/OuterChecks/R01C0016
REUSE CHECKED OuterChecks Kernel/OuterChecks/R01C0017
REUSE CHECKED OuterChecks Kernel/OuterChecks/R01S0000
REUSE CHECKED OuterChecks Kernel/OuterChecks/R01S0001
REUSE CHECKED OuterChecks Kernel/OuterChecks/R01S0002
REUSE CHECKED OuterChecks Kernel/OuterChecks/R01S0003
REUSE CHECKED OuterChecks Kernel/OuterChecks/R01S0004
REUSE CHECKED OuterChecks Kernel/OuterChecks/R01S0005
REUSE CHECKED OuterChecks Kernel/OuterChecks/R01S0006
REUSE CHECKED OuterChecks Kernel/OuterChecks/R01S0007
REUSE CHECKED OuterChecks Kernel/OuterChecks/R01S0008
REUSE CHECKED OuterChecks Kernel/OuterChecks/R01S0009
REUSE CHECKED OuterChecks Kernel/OuterChecks/R01S0010
REUSE CHECKED OuterChecks Kernel/OuterChecks/R01S0011
REUSE CHECKED OuterChecks Kernel/OuterChecks/R01S0012
REUSE CHECKED OuterChecks Kernel/OuterChecks/R01S0013
REUSE CHECKED OuterChecks Kernel/OuterChecks/R01S0014
REUSE CHECKED OuterChecks Kernel/OuterChecks/R01S0015
REUSE CHECKED OuterChecks Kernel/OuterChecks/R01S0016
REUSE CHECKED OuterChecks Kernel/OuterChecks/R01S0017
REUSE CHECKED OuterChecks Kernel/OuterChecks/R01S0018
REUSE CHECKED OuterChecks Kernel/OuterChecks/R01S0019
REUSE CHECKED OuterChecks Kernel/OuterChecks/R01S0020
REUSE CHECKED OuterChecks Kernel/OuterChecks/R01S0021
REUSE CHECKED OuterChecks Kernel/OuterChecks/R01S0022
REUSE CHECKED OuterChecks Kernel/OuterChecks/R01S0023
REUSE CHECKED OuterChecks_assembly Kernel/OuterChecks/R01CAll
REUSE CHECKED OuterChecks_assembly Kernel/OuterChecks/R01SAll
REUSE CHECKED OuterChecks_assembly Kernel/OuterChecks/R01Boundary
ROUND KERNEL CHECKS COMPLETE 1
