BUILD SUPPORT Ramsey3683Bootstrap/OuterPaths
'Compact3684.Outer.pathGuard_sound' depends on axioms: [propext, Classical.choice, Quot.sound]
BUILD SUPPORT Ramsey3683Bootstrap/OuterCover
Ramsey3683Bootstrap/OuterCover.lean:16:6: warning: 'ring' tactic does nothing

Note: This linter can be disabled with `set_option linter.unusedTactic false`
Ramsey3683Bootstrap/OuterCover.lean:16:6: warning: this tactic is never executed

Note: This linter can be disabled with `set_option linter.unreachableTactic false`
Ramsey3683Bootstrap/OuterCover.lean:55:2: warning: Used `tac1 <;> tac2` where `(tac1; tac2)` would suffice

Note: This linter can be disabled with `set_option linter.unnecessarySeqFocus false`
'Compact3684.Outer.coverGuard_sound' depends on axioms: [propext, Classical.choice, Quot.sound]
BUILD SUPPORT Ramsey3683Bootstrap/RoundSound
'Compact3684.Outer.guards_sound' depends on axioms: [propext, Classical.choice, Quot.sound]
BUILD SUPPORT Ramsey3683Bootstrap/CheckedRoundInterface
Ramsey3683Bootstrap/CheckedRoundInterface.lean:29:32: error: omega could not prove the goal:
a possible counterexample may satisfy the constraints
  h ≥ 0
  g ≥ 0
  f ≥ 0
  e ≥ 0
  e - f ≥ 0
  c ≥ 0
  b ≥ 0
  b - c ≥ 1
  a ≥ 1
  a - e ≥ 1
  a - g + h ≤ -1
where
 a := ↑d.chain.N
 b := ↑d.pathCount
 c := ↑p
 e := ↑j
 f := ↑(d.path p).start
 g := ↑(p + 1) * ↑d.chain.N
 h := ↑p * ↑d.chain.N
'Compact3684.Chain.guards_of_checks' depends on axioms: [propext]
'Compact3684.Outer.guards_of_checks' depends on axioms: [propext, sorryAx, Quot.sound]
Traceback (most recent call last):
  File "/home/ainta/manuscripts/ramsey/compact_3684.NkkeIa/build_support.py", line 55, in <module>
    if __name__=='__main__':main()
                            ^^^^^^
  File "/home/ainta/manuscripts/ramsey/compact_3684.NkkeIa/build_support.py", line 47, in main
    subprocess.run(['lean','+v4.32.1','-o',name+'.olean',name+'.lean'],
  File "/usr/lib/python3.12/subprocess.py", line 571, in run
    raise CalledProcessError(retcode, process.args,
subprocess.CalledProcessError: Command '['lean', '+v4.32.1', '-o', 'Ramsey3683Bootstrap/CheckedRoundInterface.olean', 'Ramsey3683Bootstrap/CheckedRoundInterface.lean']' returned non-zero exit status 1.
