{
  "status": "PASS_DURABLE_VERIFICATION",
  "original_pid": 1728610,
  "original_start_ticks": 85433371,
  "original_exit_code": null,
  "elapsed_seconds": 195053.98201265326,
  "recovery_window_seconds": 128476.76201388496,
  "recovery_started_utc": "2026-09-11T23:49:16.029737+00:00",
  "current_sampled_rss_kib": 0,
  "peak_sampled_rss_kib": 4656333,
  "recovery_window_peak_sampled_rss_kib": 2955504,
  "last_observed_historical_peak_kib": 4656333,
  "peak_processes": 2,
  "samples": 225738,
  "sample_period_seconds": 0.5,
  "rss_limit_mib": 6144,
  "verification_deadline_utc": "2026-09-18T02:50:00+00:00",
  "continuous_memory_measurement": false,
  "measurement_gap_note": "Original tool-session supervisor disappeared; old wait status and samples are unavailable. Historical reported peak and this recovery window are retained, not a continuous peak.",
  "completion_report": "runs/rounds_01_06_full.json",
  "log": "runs/rounds_01_06_full.resources.log",
  "complete_build_plan_and_sources_verified": true,
  "completion_report_sha256": "de24c6ae71ebd6a79ec96148b8bea35f37d2f865e09370a360a288b91cfe4427",
  "verified_modules": 10101
}
