BUILD SUPPORT PrefixRange
'Compact3684.range_valid_of_bound' depends on axioms: [propext, Quot.sound]
'Compact3684.range_bound_join' depends on axioms: [propext, Quot.sound]
'Compact3684.summarize_correct' depends on axioms: [propext, Classical.choice, Quot.sound]
'Compact3684.valid_of_checked_summary' depends on axioms: [propext, Classical.choice, Quot.sound]
'Compact3684.linearLift_compose' depends on axioms: [propext, Quot.sound]
'Compact3684.linearLift_accepts' depends on axioms: [propext, Classical.choice, Quot.sound]
BUILD SUPPORT ControlQuantization
'Compact3684.support_affine_lift' depends on axioms: [propext, Classical.choice, Quot.sound]
'Compact3684.density_exponent_mono' depends on axioms: [propext, Classical.choice, Quot.sound]
'Compact3684.weighted_budget_lift' depends on axioms: [propext, Classical.choice, Quot.sound]
'Compact3684.blue_budget_lift' depends on axioms: [propext, Classical.choice, Quot.sound]
BUILD SUPPORT TerminalNumeric
'Compact3684.exp_affineA_le' depends on axioms: [propext, Classical.choice, Quot.sound]
'Compact3684.exp_affineD_le' depends on axioms: [propext, Classical.choice, Quot.sound]
'Compact3684.terminal_numeric_lt' depends on axioms: [propext, Classical.choice, Quot.sound]
BUILD SUPPORT IntegerLog
BUILD SUPPORT Compact3684
{
  "status": "PASS_SUPPORT_LIBRARY_NOT_RAMSEY_THEOREM",
  "modules": [
    "PrefixRange",
    "ControlQuantization",
    "TerminalNumeric",
    "IntegerLog",
    "Compact3684"
  ],
  "lean": "4.32.1",
  "mathlib": "520045ab14e26149ee970e2e617ca04b09bde5d6",
  "elapsed_seconds": 6.454510723007843,
  "headline_proved": false
}
