BUILD SUPPORT Ramsey3683Bootstrap/MinimumDegreeCore
Ramsey3683Bootstrap/MinimumDegreeCore.lean:56:8: warning: Try `simp at hn` instead of `simpa using hn`

Note: This linter can be disabled with `set_option linter.unnecessarySimpa false`
Ramsey3683Bootstrap/MinimumDegreeCore.lean:95:4: warning: 'change _ ≤ (redInteredgeCount G W W : ℝ)' tactic does nothing

Note: This linter can be disabled with `set_option linter.unusedTactic false`
BUILD SUPPORT Ramsey3683Bootstrap/MaximumClique
Ramsey3683Bootstrap/MaximumClique.lean:33:0: warning: automatically included section variable(s) unused in theorem `Ramsey3683Bootstrap.exists_maximumRedClique`:
  [Fintype V]
consider restructuring your `variable` declarations so that the variables are not in scope or explicitly omit them:
  omit [Fintype V] in theorem ...

Note: This linter can be disabled with `set_option linter.unusedSectionVars false`
{
  "status": "PASS_SUPPORT_LIBRARY_NOT_RAMSEY_THEOREM",
  "modules": [
    "Ramsey3683Bootstrap/MinimumDegreeCore",
    "Ramsey3683Bootstrap/MaximumClique"
  ],
  "lean": "4.32.1",
  "mathlib": "520045ab14e26149ee970e2e617ca04b09bde5d6",
  "elapsed_seconds": 7.889451997005381,
  "headline_proved": false
}
