BUILD SUPPORT Ramsey3683Bootstrap/TerminalTransfer
Ramsey3683Bootstrap/TerminalTransfer.lean:24:6: warning: Try `simp at hb` instead of `simpa using hb`

Note: This linter can be disabled with `set_option linter.unnecessarySimpa false`
Ramsey3683Bootstrap/TerminalTransfer.lean:195:44: warning: 'change _ + 2 ≤ _ + 2' tactic does nothing

Note: This linter can be disabled with `set_option linter.unusedTactic false`
Ramsey3683Bootstrap/TerminalTransfer.lean:168:4: warning: Used `tac1 <;> tac2` where `(tac1; tac2)` would suffice

Note: This linter can be disabled with `set_option linter.unnecessarySeqFocus false`
'Ramsey3683Bootstrap.ramsey_terminal' depends on axioms: [propext, Classical.choice, Quot.sound]
'Ramsey3683Bootstrap.terminal_exp_of_uniform' depends on axioms: [propext, Classical.choice, Quot.sound]
'Ramsey3683Bootstrap.diagonal_lt_base_of_uniform' depends on axioms: [propext, Classical.choice, Quot.sound]
{
  "status": "PASS_SUPPORT_LIBRARY_NOT_RAMSEY_THEOREM",
  "modules": [
    "Ramsey3683Bootstrap/TerminalTransfer"
  ],
  "lean": "4.32.1",
  "mathlib": "520045ab14e26149ee970e2e617ca04b09bde5d6",
  "elapsed_seconds": 5.2138888569315895,
  "headline_proved": false
}
