PASS 235337 nodes, 39614649 path edges
PASS RECORDS 10000 / 235337
PASS RECORDS 20000 / 235337
PASS RECORDS 30000 / 235337
PASS ROUND 0 exponent 1.313547645948851408738047948200 records 34447
PASS RECORDS 40000 / 235337
PASS RECORDS 50000 / 235337
PASS RECORDS 60000 / 235337
PASS RECORDS 70000 / 235337
PASS RECORDS 80000 / 235337
PASS ROUND 1 exponent 1.308944124472958070000000000000 records 81454
PASS RECORDS 90000 / 235337
PASS RECORDS 100000 / 235337
PASS RECORDS 110000 / 235337
PASS RECORDS 120000 / 235337
PASS RECORDS 130000 / 235337
PASS ROUND 2 exponent 1.307784091636673164876340058512 records 132124
PASS RECORDS 140000 / 235337
PASS RECORDS 150000 / 235337
PASS RECORDS 160000 / 235337
PASS RECORDS 170000 / 235337
PASS RECORDS 180000 / 235337
PASS ROUND 3 exponent 1.307224208188577040000000000000 records 183528
PASS RECORDS 190000 / 235337
PASS RECORDS 200000 / 235337
PASS RECORDS 210000 / 235337
PASS RECORDS 220000 / 235337
PASS RECORDS 230000 / 235337
PASS ROUND 4 exponent 1.307147200270773270000000000000 records 235337
{
  "status": "PASS_FINITE_CHAIN_NOT_LEAN",
  "terminal": {
    "status": "TARGET_NOT_REACHED",
    "target": "921/250",
    "base_upper": "461337204819/125000000000",
    "base_upper_decimal": "3.690697638552",
    "selected_cell": 7454,
    "intercept": "2009769092731248926679291404975851/3677564276764592050000000000000000",
    "slope": "13050318030201714828437149989493/17137449529722998953000000000000",
    "squared_margin_scaled": "-493930592106045809248580280262940840532",
    "scope": "Exact finite arithmetic plus the written global-affine maximum-clique transfer; not Lean verified"
  },
  "initial_majorant_sha256": "1d8c3653635b34a6ea9a8c0af59005c6b5f61e30e62b5c7f264cc266577e279f",
  "metadata_sha256": "90c9606771b1a9665982e21b0254e15b3cce14070aad9a91ceb061a1babdbae1",
  "record_file_sha256": "2c262419ca793e23e92d1db3b4d6fe32b1805876511c7529a50c5438e24225e1",
  "edge_file_sha256": "6fe053497f4ba06137854bd088677ea09d643551c57129bcb832703826a10e45",
  "arithmetic": "exact fractions and directed integer intervals; path edges checked with overflow-checked C++ integers; no optimizer or floating-point arithmetic",
  "rounds": [
    {
      "round": 0,
      "N": 2000,
      "profiles": [
        {
          "start": [
            1,
            20
          ],
          "endpoint": [
            131354807751280527,
            100000000000000000
          ],
          "exponent_decimal": "1.313548077512805270000000000000"
        },
        {
          "start": [
            1,
            10
          ],
          "endpoint": [
            82096786220300369155728136687,
            62500000000000000000000000000
          ],
          "exponent_decimal": "1.313548579524805906491650186992"
        },
        {
          "start": [
            1,
            5
          ],
          "endpoint": [
            164194042148637,
            125000000000000
          ],
          "exponent_decimal": "1.313552337189096000000000000000"
        },
        {
          "start": [
            2,
            5
          ],
          "endpoint": [
            3283884449735653,
            2500000000000000
          ],
          "exponent_decimal": "1.313553779894261200000000000000"
        },
        {
          "start": [
            3,
            5
          ],
          "endpoint": [
            6567738229744257043690239741,
            5000000000000000000000000000
          ],
          "exponent_decimal": "1.313547645948851408738047948200"
        },
        {
          "start": [
            4,
            5
          ],
          "endpoint": [
            13135617652054093,
            10000000000000000
          ],
          "exponent_decimal": "1.313561765205409300000000000000"
        }
      ],
      "best_exponent": [
        6567738229744257043690239741,
        5000000000000000000000000000
      ],
      "support_endpoint": [
        6567738229744257043690239741,
        5000000000000000000000000000
      ],
      "support_knots": 7604
    },
    {
      "round": 1,
      "N": 2000,
      "profiles": [
        {
          "start": [
            1,
            20
          ],
          "endpoint": [
            130895206747614527,
            100000000000000000
          ],
          "exponent_decimal": "1.308952067476145270000000000000"
        },
        {
          "start": [
            1,
            10
          ],
          "endpoint": [
            130894412447295807,
            100000000000000000
          ],
          "exponent_decimal": "1.308944124472958070000000000000"
        },
        {
          "start": [
            1,
            5
          ],
          "endpoint": [
            13089485743852739,
            10000000000000000
          ],
          "exponent_decimal": "1.308948574385273900000000000000"
        },
        {
          "start": [
            2,
            5
          ],
          "endpoint": [
            6544755242856107,
            5000000000000000
          ],
          "exponent_decimal": "1.308951048571221400000000000000"
        },
        {
          "start": [
            3,
            5
          ],
          "endpoint": [
            13089445207399679,
            10000000000000000
          ],
          "exponent_decimal": "1.308944520739967900000000000000"
        },
        {
          "start": [
            4,
            5
          ],
          "endpoint": [
            163619291000957,
            125000000000000
          ],
          "exponent_decimal": "1.308954328007656000000000000000"
        }
      ],
      "best_exponent": [
        130894412447295807,
        100000000000000000
      ],
      "support_endpoint": [
        130894412447295807,
        100000000000000000
      ],
      "support_knots": 7425
    },
    {
      "round": 2,
      "N": 2000,
      "profiles": [
        {
          "start": [
            1,
            20
          ],
          "endpoint": [
            130778649534030977,
            100000000000000000
          ],
          "exponent_decimal": "1.307786495340309770000000000000"
        },
        {
          "start": [
            1,
            10
          ],
          "endpoint": [
            130778859284763833,
            100000000000000000
          ],
          "exponent_decimal": "1.307788592847638330000000000000"
        },
        {
          "start": [
            1,
            5
          ],
          "endpoint": [
            26155761487760527,
            20000000000000000
          ],
          "exponent_decimal": "1.307788074388026350000000000000"
        },
        {
          "start": [
            2,
            5
          ],
          "endpoint": [
            81736505727292072804771253657,
            62500000000000000000000000000
          ],
          "exponent_decimal": "1.307784091636673164876340058512"
        },
        {
          "start": [
            3,
            5
          ],
          "endpoint": [
            13077846589629179,
            10000000000000000
          ],
          "exponent_decimal": "1.307784658962917900000000000000"
        },
        {
          "start": [
            4,
            5
          ],
          "endpoint": [
            13077887621230063,
            10000000000000000
          ],
          "exponent_decimal": "1.307788762123006300000000000000"
        }
      ],
      "best_exponent": [
        81736505727292072804771253657,
        62500000000000000000000000000
      ],
      "support_endpoint": [
        81736505727292072804771253657,
        62500000000000000000000000000
      ],
      "support_knots": 7567
    },
    {
      "round": 3,
      "N": 2000,
      "profiles": [
        {
          "start": [
            1,
            20
          ],
          "endpoint": [
            130722438659261627,
            100000000000000000
          ],
          "exponent_decimal": "1.307224386592616270000000000000"
        },
        {
          "start": [
            1,
            10
          ],
          "endpoint": [
            16340302602357213,
            12500000000000000
          ],
          "exponent_decimal": "1.307224208188577040000000000000"
        },
        {
          "start": [
            1,
            5
          ],
          "endpoint": [
            130722669360896537,
            100000000000000000
          ],
          "exponent_decimal": "1.307226693608965370000000000000"
        },
        {
          "start": [
            2,
            5
          ],
          "endpoint": [
            13072279594176771,
            10000000000000000
          ],
          "exponent_decimal": "1.307227959417677100000000000000"
        },
        {
          "start": [
            3,
            5
          ],
          "endpoint": [
            326806944821396958428119160967,
            250000000000000000000000000000
          ],
          "exponent_decimal": "1.307227779285587833712476643868"
        },
        {
          "start": [
            4,
            5
          ],
          "endpoint": [
            13072275937333281,
            10000000000000000
          ],
          "exponent_decimal": "1.307227593733328100000000000000"
        }
      ],
      "best_exponent": [
        16340302602357213,
        12500000000000000
      ],
      "support_endpoint": [
        16340302602357213,
        12500000000000000
      ],
      "support_knots": 7542
    },
    {
      "round": 4,
      "N": 2000,
      "profiles": [
        {
          "start": [
            1,
            20
          ],
          "endpoint": [
            130715082876580377,
            100000000000000000
          ],
          "exponent_decimal": "1.307150828765803770000000000000"
        },
        {
          "start": [
            1,
            10
          ],
          "endpoint": [
            130714720027077327,
            100000000000000000
          ],
          "exponent_decimal": "1.307147200270773270000000000000"
        },
        {
          "start": [
            1,
            5
          ],
          "endpoint": [
            130715095468682127,
            100000000000000000
          ],
          "exponent_decimal": "1.307150954686821270000000000000"
        },
        {
          "start": [
            2,
            5
          ],
          "endpoint": [
            4084839204662847,
            3125000000000000
          ],
          "exponent_decimal": "1.307148545492111040000000000000"
        },
        {
          "start": [
            3,
            5
          ],
          "endpoint": [
            326787107899234243699701163607,
            250000000000000000000000000000
          ],
          "exponent_decimal": "1.307148431596936974798804654428"
        },
        {
          "start": [
            4,
            5
          ],
          "endpoint": [
            130714845413483087,
            100000000000000000
          ],
          "exponent_decimal": "1.307148454134830870000000000000"
        }
      ],
      "best_exponent": [
        130714720027077327,
        100000000000000000
      ],
      "support_endpoint": [
        130714720027077327,
        100000000000000000
      ],
      "support_knots": 7535
    }
  ],
  "records": 235337,
  "record_types": {
    "weighted_path": 233885,
    "unconditional_path": 1452
  },
  "path_edges": 39614649,
  "weighted_seeds": 233885,
  "maximum_dependency_depth": 627,
  "exponent": [
    130714720027077327,
    100000000000000000
  ],
  "exponent_decimal_lower": "1.30714720027077327000000000000000",
  "exponent_decimal_upper": "1.30714720027077327000000000000000",
  "base_lower": "3.695615807801385669406561596276100278",
  "base_upper": "3.695615807801385669406561596276100288",
  "strict_upper_base_decimal": "3.69561581",
  "minimum_margins": {
    "path_size": "0.000000010090561900000000000000000000",
    "unconditional_start": "0.000000001018123700000000000000000000",
    "blue_cost": "0.000000001000545688907308736844322384",
    "seed_density": "0.000000000024523084433421662416586428",
    "seed_size": "0.000000000199999735541460132119642812",
    "outer_start": "0.000000100000000000000000000000000000",
    "outer_size": "0.000000013749347470000000000000000000",
    "final_decimal": "0.000000000594925025836883122194882182"
  },
  "elapsed_seconds": 69.44965961098205,
  "arithmetic_workers": 1,
  "scope": "Finite analytic certificate conditional on the written graph-theoretic lemmas. No proof-system optimality or sub-3.6 claim."
}
