BUILD SUPPORT Ramsey3683Bootstrap/WeightedLocal
BUILD SUPPORT Ramsey3683Bootstrap/WeightedMoment
Ramsey3683Bootstrap/WeightedMoment.lean:49:0: warning: automatically included section variable(s) unused in theorem `Ramsey3683Bootstrap.weightedExcessMoment_eq_weightedMoment`:
  [DecidableEq V]
consider restructuring your `variable` declarations so that the variables are not in scope or explicitly omit them:
  omit [DecidableEq V] in theorem ...

Note: This linter can be disabled with `set_option linter.unusedSectionVars false`
Ramsey3683Bootstrap/WeightedMoment.lean:143:0: warning: automatically included section variable(s) unused in theorem `Ramsey3683Bootstrap.weightedMoment_child_ge`:
  [DecidableEq V]
consider restructuring your `variable` declarations so that the variables are not in scope or explicitly omit them:
  omit [DecidableEq V] in theorem ...

Note: This linter can be disabled with `set_option linter.unusedSectionVars false`
BUILD SUPPORT Ramsey3683Bootstrap/WeightedEngine
Ramsey3683Bootstrap/WeightedEngine.lean:130:8: warning: automatically included section variable(s) unused in theorem `_private.Ramsey3683Bootstrap.WeightedEngine.0.Ramsey3683Bootstrap.weighted_minLeft`:
  [DecidableEq V]
consider restructuring your `variable` declarations so that the variables are not in scope or explicitly omit them:
  omit [DecidableEq V] in theorem ...

Note: This linter can be disabled with `set_option linter.unusedSectionVars false`
Ramsey3683Bootstrap/WeightedEngine.lean:212:33: warning: 'ring' tactic does nothing

Note: This linter can be disabled with `set_option linter.unusedTactic false`
Ramsey3683Bootstrap/WeightedEngine.lean:212:33: warning: this tactic is never executed

Note: This linter can be disabled with `set_option linter.unreachableTactic false`
Ramsey3683Bootstrap/WeightedEngine.lean:238:26: warning: Used `tac1 <;> tac2` where `(tac1; tac2)` would suffice

Note: This linter can be disabled with `set_option linter.unnecessarySeqFocus false`
Ramsey3683Bootstrap/WeightedEngine.lean:238:38: warning: Used `tac1 <;> tac2` where `(tac1; tac2)` would suffice

Note: This linter can be disabled with `set_option linter.unnecessarySeqFocus false`
Ramsey3683Bootstrap/WeightedEngine.lean:295:55: error: Type mismatch
  hher
has type
  ∀ ⦃C : Finset V⦄, C.Nonempty → C ⊆ X → s.q (k + t) ≤ redDensity G C Y
but is expected to have type
  C✝.Nonempty → C✝ ⊆ ?m.536 → ?m.535 ≤ redDensity ?m.533 C✝ ?m.537
the following variables have been introduced by the implicit lambda feature
  C✝ : Finset ?m.530
you can disable implicit lambdas using `@` or writing a lambda expression with `{}` or `[]` binder annotations.
Traceback (most recent call last):
  File "/home/ainta/manuscripts/ramsey/compact_3684.NkkeIa/build_support.py", line 39, in <module>
    if __name__=='__main__':main()
                            ^^^^^^
  File "/home/ainta/manuscripts/ramsey/compact_3684.NkkeIa/build_support.py", line 31, in main
    subprocess.run(['lean','+v4.32.1','-o',name+'.olean',name+'.lean'],
  File "/usr/lib/python3.12/subprocess.py", line 571, in run
    raise CalledProcessError(retcode, process.args,
subprocess.CalledProcessError: Command '['lean', '+v4.32.1', '-o', 'Ramsey3683Bootstrap/WeightedEngine.olean', 'Ramsey3683Bootstrap/WeightedEngine.lean']' returned non-zero exit status 1.
